Microchip MPLAB XC8 Compiler V1.21 ()

Linker command line:

--edf=C:\Program Files (x86)\Microchip\xc8\v1.21\dat\en_msgs.txt \
  --UDF=html\kelvin_ntc.X.production.link.html -cs \
  -h+dist/Release/production\kelvin_ntc.X.production.sym \
  --cmf=dist/Release/production\kelvin_ntc.X.production.cmf -z -Q18F2580 \
  -oC:\Users\GRODAN~1\AppData\Local\Temp\s7d0.6 \
  -Mdist/Release/production/kelvin_ntc.X.production.map -E1 -ver=XC8 \
  -ACODE=00h-07FFFh -ACONST=00h-07FFFh -ASMALLCONST=0600h-06FFhx122 \
  -AMEDIUMCONST=0600h-07FFFh -ACOMRAM=01h-05Fh -AABS1=00h-05FFh \
  -ABIGRAM=01h-05FFh -ARAM=060h-0FFh,0100h-01FFhx5 -ABANK0=060h-0FFh \
  -ABANK1=0100h-01FFh -ABANK2=0200h-02FFh -ABANK3=0300h-03FFh \
  -ABANK4=0400h-04FFh -ABANK5=0500h-05FFh \
  -ASFR=0D00h-0DFFhx2,0F00h-0F5Fh,0F60h-0FFFh \
  -preset_vec=00h,intcode,intcodelo=018h,powerup,init,end_init \
  -pramtop=0600h -psmallconst=SMALLCONST -pmediumconst=MEDIUMCONST \
  -pconst=CONST -AFARRAM=00h-00h -ACONFIG=0300000h-030000Dh -pconfig=CONFIG \
  -AIDLOC=0200000h-0200007h -pidloc=IDLOC -AEEDATA=0F00000h-0F000FFh \
  -peeprom_data=EEDATA \
  -prdata=COMRAM,nvrram=COMRAM,nvbit=COMRAM,rbss=COMRAM,rbit=COMRAM \
  -pfarbss=FARRAM,fardata=FARRAM,nvFARRAM=FARRAM \
  -pintsave_regs=BIGRAM,bigbss=BIGRAM,bigdata=BIGRAM -pbss=RAM \
  -pidata=CODE,irdata=CODE,ibigdata=CODE,ifardata=CODE \
  C:\Users\GRODAN~1\AppData\Local\Temp\s7d0.obj \
  dist/Release/production\kelvin_ntc.X.production.obj 

Object code version is 3.11

Machine type is 18F2580

Call graph: (short form)




                Name                               Link     Load   Length Selector   Space Scale
C:\Users\GRODAN~1\AppData\Local\Temp\s7d0.obj
                end_init                            2B6      2B6        4        C       0
                reset_vec                             0        0        4        0       0
                idloc                            200000   200000        8   200000       0
                config                           300000   300000        E   300000       0
dist/Release/production\kelvin_ntc.X.production.obj
                intcodelo                            18       18      29E        C       0
                smallconst                          600      600       6E      300       0
                text101                            54CC     54CC        4      337       0
                text100                            546E     546E       12      337       0
                text98                             1C10     1C10      728      337       0
                text97                             42DA     42DA       BC      337       0
                text96                             4094     4094       C6      337       0
                text95                             502A     502A       3A      337       0
                text94                             545C     545C       12      337       0
                text93                             54C8     54C8        4      337       0
                text92                             5098     5098       32      337       0
                text91                             46F8     46F8       A0      337       0
                text90                             4EAE     4EAE       48      337       0
                text89                             530E     530E       1E      337       0
                text88                             4BB4     4BB4       5C      337       0
                text87                             53C0     53C0       18      337       0
                text86                             4836     4836       96      337       0
                text85                             4FEE     4FEE       3C      337       0
                text84                             521A     521A       26      337       0
                text83                             544A     544A       12      337       0
                text82                             5438     5438       12      337       0
                text81                             54B2     54B2        A      337       0
                text80                             5426     5426       12      337       0
                text79                             5414     5414       12      337       0
                text78                             5288     5288       24      337       0
                text77                             4ACA     4ACA       76      337       0
                text76                             3B8E     3B8E      11E      337       0
                text75                             303A     303A      208      337       0
                text74                             50FA     50FA       2C      337       0
                text73                             4A52     4A52       78      337       0
                text72                             517A     517A       2A      337       0
                text71                             3CAC     3CAC      114      337       0
                text70                             37A4     37A4      166      337       0
                text69                             4FB2     4FB2       3C      337       0
                text68                             444A     444A       B2      337       0
                text67                             51CC     51CC       28      337       0
                text66                             52F0     52F0       1E      337       0
                text65                             415A     415A       C4      337       0
                text64                             5346     5346       1A      337       0
                text63                             53A8     53A8       18      337       0
                text62                             4F38     4F38       3E      337       0
                text61                             5264     5264       24      337       0
                text60                             54A8     54A8        A      337       0
                text59                             4E66     4E66       48      337       0
                text58                             50CA     50CA       30      337       0
                text57                             5150     5150       2A      337       0
                text56                             54DA     54DA        2      337       0
                text55                             54D8     54D8        2      337       0
                text54                             54D6     54D6        2      337       0
                text53                             5400     5400       14      337       0
                text52                             5390     5390       18      337       0
                text51                             53EC     53EC       14      337       0
                text50                             53D8     53D8       14      337       0
                text49                             54D4     54D4        2      337       0
                text48                             54D2     54D2        2      337       0
                text47                             54D0     54D0        2      337       0
                text46                             3FB0     3FB0       E4      337       0
                text45                             532C     532C       1A      337       0
                text44                              66E      66E      CFA      337       0
                text43                             52CE     52CE       22      337       0
                text42                             5378     5378       18      337       0
                text41                             5360     5360       18      337       0
                text40                             549E     549E        A      337       0
                text39                             5494     5494        A      337       0
                text38                             2338     2338      700      337       0
                text37                             54BC     54BC        8      337       0
                text36                             35EA     35EA      1BA      337       0
                text35                             52AC     52AC       22      337       0
                text34                             51A4     51A4       28      337       0
                text33                             2A38     2A38      602      337       0
                text32                             5064     5064       34      337       0
                text31                             390A     390A      156      337       0
                text30                             4B40     4B40       74      337       0
                text29                             44FC     44FC       B0      337       0
                text28                             49D4     49D4       7E      337       0
                text27                             4952     4952       82      337       0
                text26                             54C4     54C4        4      337       0
                text25                             3426     3426      1C4      337       0
                text24                             548A     548A        A      337       0
                text23                             5480     5480        A      337       0
                text22                             51F4     51F4       26      337       0
                text21                             4CF6     4CF6       4C      337       0
                text20                             45AC     45AC       A8      337       0
                text19                             4CAA     4CAA       4C      337       0
                text18                             4F76     4F76       3C      337       0
                text17                             4C10     4C10       4E      337       0
                text16                             4E1E     4E1E       48      337       0
                text15                             4C5E     4C5E       4C      337       0
                text14                             48CC     48CC       86      337       0
                text13                             4798     4798       9E      337       0
                text12                             3DC0     3DC0       FC      337       0
                text11                             4396     4396       B4      337       0
                text10                             4654     4654       A4      337       0
                text9                              5240     5240       24      337       0
                text8                              3242     3242      1E4      337       0
                text7                              3A60     3A60      12E      337       0
                text6                              4DD6     4DD6       48      337       0
                text5                              421E     421E       BC      337       0
                text4                              4D8C     4D8C       4A      337       0
                text3                              4D42     4D42       4A      337       0
                text2                              5126     5126       2A      337       0
                text1                              1368     1368      8A8      337       0
                text0                              3EBC     3EBC       F4      337       0
                cstackCOMRAM                          1        1       45        1       1
                cstackBANK0                          60       60       53       60       1
                cstackBANK1                         166      166       36      100       1
                bssBIGRAM                           19C      19C      3C0      19C       1
                bssBANK1                            100      100       66      100       1
                bssBANK0                             B3       B3       24       60       1
                bssCOMRAM                            46       46        D        1       1
                cinit                              4EF6     4EF6       42      337       0

TOTAL           Name                               Link     Load   Length     Space
        CLASS   CODE           
                end_init                            2B6      2B6        4         0
                intcodelo                            18       18      29E         0
                reset_vec                             0        0        4         0
                text101                            54CC     54CC        4         0
                text100                            546E     546E       12         0
                text98                             1C10     1C10      728         0
                text97                             42DA     42DA       BC         0
                text96                             4094     4094       C6         0
                text95                             502A     502A       3A         0
                text94                             545C     545C       12         0
                text93                             54C8     54C8        4         0
                text92                             5098     5098       32         0
                text91                             46F8     46F8       A0         0
                text90                             4EAE     4EAE       48         0
                text89                             530E     530E       1E         0
                text88                             4BB4     4BB4       5C         0
                text87                             53C0     53C0       18         0
                text86                             4836     4836       96         0
                text85                             4FEE     4FEE       3C         0
                text84                             521A     521A       26         0
                text83                             544A     544A       12         0
                text82                             5438     5438       12         0
                text81                             54B2     54B2        A         0
                text80                             5426     5426       12         0
                text79                             5414     5414       12         0
                text78                             5288     5288       24         0
                text77                             4ACA     4ACA       76         0
                text76                             3B8E     3B8E      11E         0
                text75                             303A     303A      208         0
                text74                             50FA     50FA       2C         0
                text73                             4A52     4A52       78         0
                text72                             517A     517A       2A         0
                text71                             3CAC     3CAC      114         0
                text70                             37A4     37A4      166         0
                text69                             4FB2     4FB2       3C         0
                text68                             444A     444A       B2         0
                text67                             51CC     51CC       28         0
                text66                             52F0     52F0       1E         0
                text65                             415A     415A       C4         0
                text64                             5346     5346       1A         0
                text63                             53A8     53A8       18         0
                text62                             4F38     4F38       3E         0
                text61                             5264     5264       24         0
                text60                             54A8     54A8        A         0
                text59                             4E66     4E66       48         0
                text58                             50CA     50CA       30         0
                text57                             5150     5150       2A         0
                text56                             54DA     54DA        2         0
                text55                             54D8     54D8        2         0
                text54                             54D6     54D6        2         0
                text53                             5400     5400       14         0
                text52                             5390     5390       18         0
                text51                             53EC     53EC       14         0
                text50                             53D8     53D8       14         0
                text49                             54D4     54D4        2         0
                text48                             54D2     54D2        2         0
                text47                             54D0     54D0        2         0
                text46                             3FB0     3FB0       E4         0
                text45                             532C     532C       1A         0
                text44                              66E      66E      CFA         0
                text43                             52CE     52CE       22         0
                text42                             5378     5378       18         0
                text41                             5360     5360       18         0
                text40                             549E     549E        A         0
                text39                             5494     5494        A         0
                text38                             2338     2338      700         0
                text37                             54BC     54BC        8         0
                text36                             35EA     35EA      1BA         0
                text35                             52AC     52AC       22         0
                text34                             51A4     51A4       28         0
                text33                             2A38     2A38      602         0
                text32                             5064     5064       34         0
                text31                             390A     390A      156         0
                text30                             4B40     4B40       74         0
                text29                             44FC     44FC       B0         0
                text28                             49D4     49D4       7E         0
                text27                             4952     4952       82         0
                text26                             54C4     54C4        4         0
                text25                             3426     3426      1C4         0
                text24                             548A     548A        A         0
                text23                             5480     5480        A         0
                text22                             51F4     51F4       26         0
                text21                             4CF6     4CF6       4C         0
                text20                             45AC     45AC       A8         0
                text19                             4CAA     4CAA       4C         0
                text18                             4F76     4F76       3C         0
                text17                             4C10     4C10       4E         0
                text16                             4E1E     4E1E       48         0
                text15                             4C5E     4C5E       4C         0
                text14                             48CC     48CC       86         0
                text13                             4798     4798       9E         0
                text12                             3DC0     3DC0       FC         0
                text11                             4396     4396       B4         0
                text10                             4654     4654       A4         0
                text9                              5240     5240       24         0
                text8                              3242     3242      1E4         0
                text7                              3A60     3A60      12E         0
                text6                              4DD6     4DD6       48         0
                text5                              421E     421E       BC         0
                text4                              4D8C     4D8C       4A         0
                text3                              4D42     4D42       4A         0
                text2                              5126     5126       2A         0
                text1                              1368     1368      8A8         0
                text0                              3EBC     3EBC       F4         0
                cinit                              4EF6     4EF6       42         0

        CLASS   CONST          

        CLASS   SMALLCONST     
                smallconst                          600      600       6E         0

        CLASS   MEDIUMCONST    

        CLASS   COMRAM         
                cstackCOMRAM                          1        1       45         1
                bssCOMRAM                            46       46        D         1

        CLASS   ABS1           

        CLASS   BIGRAM         
                bssBIGRAM                           19C      19C      3C0         1

        CLASS   RAM            

        CLASS   BANK0          
                cstackBANK0                          60       60       53         1
                bssBANK0                             B3       B3       24         1

        CLASS   BANK1          
                cstackBANK1                         166      166       36         1
                bssBANK1                            100      100       66         1

        CLASS   BANK2          

        CLASS   BANK3          

        CLASS   BANK4          

        CLASS   BANK5          

        CLASS   SFR            

        CLASS   FARRAM         

        CLASS   CONFIG         
                config                           300000   300000        E         0

        CLASS   IDLOC          
                idloc                            200000   200000        8         0

        CLASS   EEDATA         



SEGMENTS        Name                           Load    Length   Top    Selector   Space  Class

                reset_vec                      000000  000004  000004         0       0  CODE    
                cstackCOMRAM                   000001  000052  000053         1       1  COMRAM  
                intcodelo                      000018  0002A2  0002BA         C       0  CODE    
                cstackBANK0                    000060  000077  0000D7        60       1  BANK0   
                bssBANK1                       000100  00009C  00019C       100       1  BANK1   
                bssBIGRAM                      00019C  0003C0  00055C       19C       1  BIGRAM  
                smallconst                     000600  00006E  00066E       300       0  SMALLCON
                text44                         00066E  004E6E  0054DC       337       0  CODE    
                idloc                          200000  000008  200008    200000       0  IDLOC   
                config                         300000  00000E  30000E    300000       0  CONFIG  


UNUSED ADDRESS RANGES

        Name                Unused          Largest block    Delta
        BANK0            0000D7-0000FF               29
        BANK5            00055C-0005FF               A4
        BIGRAM           000053-00005F                D
                         0000D7-0000FF               29
                         00055C-0005FF               A4
        CODE             000004-000017               14
                         0002BA-0005FF              346
                         0054DC-007FFF             2B24
        COMRAM           000053-00005F                D
        CONST            000004-000017               14
                         0002BA-0005FF              346
                         0054DC-007FFF             2B24
        EEDATA           F00000-F000FF              100
        MEDIUMCONST      0054DC-007FFF             2B24
        RAM              0000D7-0000FF               29
                         00055C-0005FF               A4
        SFR              000D00-000FFF              100
        SMALLCONST       0054DC-007FFF              100

                                  Symbol Table

?_Celsius2Fahrenheit                     cstackBANK0  000076
?_Celsius2Kelvin                         cstackCOMRAM 00002C
?_ECANReceiveMessage                     cstackCOMRAM 000015
?_ECANSendMessage                        cstackCOMRAM 000018
?_OpenADC                                cstackCOMRAM 00000E
?_WriteTimer0                            cstackCOMRAM 00000E
?__CANIDToRegs                           cstackCOMRAM 00000E
?__ECANPointBuffer                       cstackCOMRAM 00000E
?__RegsToCANID                           cstackCOMRAM 00000E
?___aldiv                                cstackBANK0  00007C
?___altofl                               cstackBANK0  00008A
?___asfladd                              cstackCOMRAM 00002C
?___asfldiv                              cstackBANK0  000060
?___asflmul                              cstackBANK0  000076
?___asflsub                              cstackBANK0  00007E
?___awtofl                               cstackCOMRAM 000018
?___fladd                                cstackCOMRAM 00001D
?___fldiv                                cstackCOMRAM 00002C
?___flge                                 cstackCOMRAM 00000E
?___flmul                                cstackBANK0  000060
?___flneg                                cstackCOMRAM 00000E
?___flpack                               cstackCOMRAM 00000E
?___flsub                                cstackBANK0  000076
?___fltol                                cstackBANK0  000076
?___lbmod                                cstackCOMRAM 00000E
?___lwtofl                               cstackCOMRAM 000018
?___wmul                                 cstackCOMRAM 000012
?_eval_poly                              cstackBANK0  000076
?_exp                                    cstackBANK0  000099
?_floor                                  cstackBANK0  00008F
?_frexp                                  cstackCOMRAM 00000E
?_getCANFrame                            cstackCOMRAM 000020
?_getCalibrationValue                    cstackCOMRAM 000012
?_getVSCPFrame                           cstackCOMRAM 000024
?_ldexp                                  cstackBANK0  000081
?_log                                    cstackBANK0  000081
?_readEEPROM                             cstackCOMRAM 00000E
?_sendCANFrame                           cstackCOMRAM 00003C
?_sendVSCPFrame                          cstackBANK0  000060
?_setEventData                           cstackBANK0  00007C
?_vscp_getFamilyCode                     cstackCOMRAM 00000E
?_vscp_getFamilyType                     cstackCOMRAM 00000E
?_vscp_sendHeartBeat                     cstackCOMRAM 000044
?_vscp_setGUID                           cstackCOMRAM 000011
?_vscp_setManufacturerId                 cstackCOMRAM 000011
?_vscp_setUserID                         cstackCOMRAM 000011
?_vscp_writeAppReg                       cstackCOMRAM 000021
?_vscp_writeRegister                     cstackCOMRAM 000034
?_vscp_writeStdReg                       cstackCOMRAM 000022
?_writeEEPROM                            cstackCOMRAM 00000E
?i1_WriteTimer0                          cstackCOMRAM 000001
Celsius2Fahrenheit@tc                    cstackBANK0  000076
Celsius2Kelvin@tc                        cstackCOMRAM 00002C
ECANReceiveMessage@data                  cstackCOMRAM 000015
ECANReceiveMessage@dataLen               cstackCOMRAM 000016
ECANReceiveMessage@i                     cstackCOMRAM 00001B
ECANReceiveMessage@id                    cstackCOMRAM 00001A
ECANReceiveMessage@mode                  cstackCOMRAM 00001C
ECANReceiveMessage@msgFlags              cstackCOMRAM 000017
ECANReceiveMessage@ptr                   cstackCOMRAM 00001E
ECANReceiveMessage@savedPtr              cstackCOMRAM 000018
ECANReceiveMessage@temp                  cstackCOMRAM 00001D
ECANSendMessage@buffers                  cstackCOMRAM 000033
ECANSendMessage@data                     cstackCOMRAM 00001C
ECANSendMessage@dataLen                  cstackCOMRAM 00001D
ECANSendMessage@i                        cstackCOMRAM 000039
ECANSendMessage@id                       cstackCOMRAM 000018
ECANSendMessage@j                        cstackCOMRAM 000034
ECANSendMessage@mode                     cstackCOMRAM 000032
ECANSendMessage@msgFlags                 cstackCOMRAM 00001E
ECANSendMessage@pb                       cstackCOMRAM 000020
ECANSendMessage@ptr                      cstackCOMRAM 00003A
ECANSendMessage@temp                     cstackCOMRAM 000038
ECANSendMessage@tempBSEL0                cstackCOMRAM 000035
ECANSendMessage@tempPtr                  cstackCOMRAM 000036
ECANSetOperationMode@mode                cstackCOMRAM 00000E
OpenADC@config                           cstackCOMRAM 000012
OpenADC@config2                          cstackCOMRAM 00000E
OpenADC@portconfig                       cstackCOMRAM 00000F
OpenTimer0@config                        cstackCOMRAM 00000E
PL10                                     text1        001B18
PL12                                     text1        001B26
PL14                                     text1        001B40
PL16                                     text71       003D6C
PL18                                     text25       0035A2
PL2                                      text1        001AE8
PL20                                     text1        001B64
PL22                                     text1        001B74
PL24                                     text25       0035C0
PL26                                     text76       003C52
PL28                                     text25       0035CE
PL30                                     text1        001B90
PL32                                     text71       003D80
PL34                                     text33       002FF6
PL36                                     text71       003D90
PL38                                     text1        001BAA
PL4                                      text38       002A2A
PL40                                     text1        001BC2
PL42                                     text33       00300E
PL44                                     text11       004436
PL46                                     text76       003C60
PL48                                     text76       003C72
PL50                                     text71       003DA2
PL52                                     text76       003C86
PL54                                     text36       003784
PL56                                     text76       003C9A
PL58                                     text1        001BD0
PL6                                      text1        001AFA
PL60                                     text1        001BE2
PL62                                     text31       003A4E
PL64                                     text92       0050BA
PL66                                     text44       001358
PL68                                     text96       00413C
PL70                                     text28       004A44
PL72                                     text96       00414C
PL74                                     text75       003234
PL76                                     text1        001BF4
PL78                                     text1        001C02
PL8                                      text1        001B0A
PL80                                     text33       003022
PL82                                     text71       003DB6
PL84                                     text36       003798
PL86                                     text97       00438A
PL88                                     text33       003030
WriteTimer0@timer                        cstackCOMRAM 000010
WriteTimer0@timer0                       cstackCOMRAM 00000E
_ADCON0                                  (abs)        000FC2
_ADCON0bits                              (abs)        000FC2
_ADCON1                                  (abs)        000FC1
_ADCON2                                  (abs)        000FC0
_ADRESH                                  (abs)        000FC4
_ADRESL                                  (abs)        000FC3
_B0CON                                   (abs)        000E20
_B0RXFUL                                 (abs)        007107
_B0TXEN                                  (abs)        006FC2
_B1CON                                   (abs)        000E30
_B1RXFUL                                 (abs)        007187
_B1TXEN                                  (abs)        006FC3
_B2CON                                   (abs)        000E40
_B2RXFUL                                 (abs)        007207
_B2TXEN                                  (abs)        006FC4
_B3CON                                   (abs)        000E50
_B3RXFUL                                 (abs)        007287
_B3TXEN                                  (abs)        006FC5
_B4CON                                   (abs)        000E60
_B4RXFUL                                 (abs)        007307
_B4TXEN                                  (abs)        006FC6
_B5CON                                   (abs)        000E70
_B5RXFUL                                 (abs)        007387
_B5TXEN                                  (abs)        006FC7
_BRGCON1                                 (abs)        000F70
_BRGCON2                                 (abs)        000F71
_BRGCON3                                 (abs)        000F72
_BSEL0                                   (abs)        000DF8
_CANCON                                  (abs)        000F6F
_CIOCON                                  (abs)        000F73
_Celsius2Fahrenheit                      text30       004B40
_Celsius2Kelvin                          text32       005064
_ConvertADC                              text93       0054C8
_ECANCON                                 (abs)        000F77
_ECANInitialize                          text86       004836
_ECANReceiveMessage                      text75       00303A
_ECANSendMessage                         text70       0037A4
_ECANSetOperationMode                    text87       0053C0
_EEADR                                   (abs)        000FA9
_EECON1bits                              (abs)        000FA6
_EECON2                                  (abs)        000FA7
_EEDATA                                  (abs)        000FA8
_FIFOEMPTY                               (abs)        007BA7
_INTCONbits                              (abs)        000FF2
_IRXIF                                   (abs)        007D27
_MDSEL0                                  (abs)        007BBE
_MDSEL1                                  (abs)        007BBF
_MSEL0                                   (abs)        000DF0
_MSEL1                                   (abs)        000DF1
_MSEL2                                   (abs)        000DF2
_OpenADC                                 text88       004BB4
_OpenTimer0                              text89       00530E
_PIE1bits                                (abs)        000F9D
_PIR1bits                                (abs)        000F9E
_PIR2bits                                (abs)        000FA1
_PORTC                                   (abs)        000F82
_RXB0CON                                 (abs)        000F60
_RXB0FILHIT0                             (abs)        007B00
_RXB0FUL                                 (abs)        007B07
_RXB0IF                                  (abs)        007D20
_RXB0OVFL                                (abs)        007BA7
_RXB1CON                                 (abs)        000F50
_RXB1CONbits                             (abs)        000F50
_RXB1IF                                  (abs)        007D21
_RXB1OVFL                                (abs)        007BA6
_RXF0EIDH                                (abs)        000F02
_RXF0EIDL                                (abs)        000F03
_RXF0SIDH                                (abs)        000F00
_RXF0SIDL                                (abs)        000F01
_RXF1EIDH                                (abs)        000F06
_RXF1EIDL                                (abs)        000F07
_RXF1SIDH                                (abs)        000F04
_RXF1SIDL                                (abs)        000F05
_RXFBCON0                                (abs)        000DE0
_RXFBCON1                                (abs)        000DE1
_RXFBCON2                                (abs)        000DE2
_RXFBCON3                                (abs)        000DE3
_RXFBCON4                                (abs)        000DE4
_RXFBCON5                                (abs)        000DE5
_RXFBCON6                                (abs)        000DE6
_RXFBCON7                                (abs)        000DE7
_RXFCON0                                 (abs)        000DD4
_RXFCON1                                 (abs)        000DD5
_RXM0EIDH                                (abs)        000F1A
_RXM0EIDL                                (abs)        000F1B
_RXM0EXIDM                               (abs)        0078CB
_RXM0SIDH                                (abs)        000F18
_RXM0SIDL                                (abs)        000F19
_RXM1EIDH                                (abs)        000F1E
_RXM1EIDL                                (abs)        000F1F
_RXM1EXIDEN                              (abs)        0078EB
_RXM1SIDH                                (abs)        000F1C
_RXM1SIDL                                (abs)        000F1D
_T0CON                                   (abs)        000FD5
_T0CONbits                               (abs)        000FD5
_TMR0H                                   (abs)        000FD7
_TMR0L                                   (abs)        000FD6
_TRISA                                   (abs)        000F92
_TRISB                                   (abs)        000F93
_TRISC                                   (abs)        000F94
_TXB0CON                                 (abs)        000F40
_TXB1CON                                 (abs)        000F30
_TXB2CON                                 (abs)        000F20
_WriteTimer0                             text94       00545C
__CANIDToRegs                            text71       003CAC
__CANIDToRegs@Value                      cstackCOMRAM 000017
__CANIDToRegs@ptr                        cstackCOMRAM 00000E
__CANIDToRegs@type                       cstackCOMRAM 000014
__CANIDToRegs@val                        cstackCOMRAM 000010
__CFG_BBSIZ$1024                         (abs)        000000
__CFG_BOREN$BOACTIVE                     (abs)        000000
__CFG_BORV$3                             (abs)        000000
__CFG_CPB$ON                             (abs)        000000
__CFG_EBTR0$OFF                          (abs)        000000
__CFG_EBTR1$OFF                          (abs)        000000
__CFG_EBTR2$OFF                          (abs)        000000
__CFG_EBTR3$OFF                          (abs)        000000
__CFG_EBTRB$OFF                          (abs)        000000
__CFG_LVP$ON                             (abs)        000000
__CFG_OSC$HSPLL                          (abs)        000000
__CFG_STVREN$ON                          (abs)        000000
__CFG_WDT$ON                             (abs)        000000
__CFG_WDTPS$128                          (abs)        000000
__CFG_WRTD$OFF                           (abs)        000000
__ECANPointBuffer                        text77       004ACA
__ECANPointBuffer@b                      cstackCOMRAM 000011
__ECANPointBuffer@pt                     cstackCOMRAM 000012
__ECANRxFilterHitInfo                    bssCOMRAM    000048
__HRAM                                   (abs)        000000
__Habs1                                  abs1         000000
__Hbank0                                 bank0        000000
__Hbank1                                 bank1        000000
__Hbank2                                 bank2        000000
__Hbank3                                 bank3        000000
__Hbank4                                 bank4        000000
__Hbank5                                 bank5        000000
__Hbigbss                                bigbss       000000
__Hbigdata                               bigdata      000000
__Hbigram                                bigram       000000
__Hbss                                   bss          000000
__HbssBANK0                              bssBANK0     000000
__HbssBANK1                              bssBANK1     000000
__HbssBIGRAM                             bssBIGRAM    000000
__HbssCOMRAM                             bssCOMRAM    000000
__Hcinit                                 cinit        000000
__Hclrtext                               clrtext      000000
__Hcomram                                comram       000000
__Hconfig                                config       30000E
__Hconst                                 const        000000
__HcstackBANK0                           cstackBANK0  000000
__HcstackBANK1                           cstackBANK1  000000
__HcstackCOMRAM                          cstackCOMRAM 000000
__Hdata                                  data         000000
__Heeprom_data                           eeprom_data  000000
__Hend_init                              end_init     0002BA
__Hfarbss                                farbss       000000
__Hfardata                               fardata      000000
__Hibigdata                              ibigdata     000000
__Hidata                                 idata        000000
__Hidloc                                 idloc        200008
__Hifardata                              ifardata     000000
__Hinit                                  init         0002B6
__Hintcode                               intcode      000004
__Hintcode_body                          intcode_body 000000
__Hintcodelo                             intcodelo    0002B6
__Hintentry                              intentry     000000
__Hintret                                intret       000000
__Hintsave_regs                          intsave_regs 000000
__Hirdata                                irdata       000000
__Hmediumconst                           mediumconst  000000
__HnvFARRAM                              nvFARRAM     000000
__Hnvbit                                 nvbit        000000
__Hnvrram                                nvrram       000000
__Hpa_nodes                              pa_nodes     000000
__Hparam                                 rparam       000000
__Hpowerup                               powerup      0002B6
__Hram                                   ram          000000
__Hramtop                                ramtop       000600
__Hrbit                                  rbit         000000
__Hrbss                                  rbss         000000
__Hrdata                                 rdata        000000
__Hreset_vec                             reset_vec    000004
__Hrparam                                rparam       000000
__Hsfr                                   sfr          000000
__Hsmallconst                            smallconst   00066E
__Hstruct                                struct       000000
__Htemp                                  temp         000000
__Htext                                  text         000000
__Htext0                                 text0        000000
__Htext1                                 text1        000000
__Htext10                                text10       000000
__Htext100                               text100      000000
__Htext101                               text101      000000
__Htext102                               text102      000000
__Htext11                                text11       000000
__Htext12                                text12       000000
__Htext13                                text13       000000
__Htext14                                text14       000000
__Htext15                                text15       000000
__Htext16                                text16       000000
__Htext17                                text17       000000
__Htext18                                text18       000000
__Htext19                                text19       000000
__Htext2                                 text2        000000
__Htext20                                text20       000000
__Htext21                                text21       000000
__Htext22                                text22       000000
__Htext23                                text23       000000
__Htext24                                text24       000000
__Htext25                                text25       000000
__Htext26                                text26       000000
__Htext27                                text27       000000
__Htext28                                text28       000000
__Htext29                                text29       000000
__Htext3                                 text3        000000
__Htext30                                text30       000000
__Htext31                                text31       000000
__Htext32                                text32       000000
__Htext33                                text33       000000
__Htext34                                text34       000000
__Htext35                                text35       000000
__Htext36                                text36       000000
__Htext37                                text37       000000
__Htext38                                text38       000000
__Htext39                                text39       000000
__Htext4                                 text4        000000
__Htext40                                text40       000000
__Htext41                                text41       000000
__Htext42                                text42       000000
__Htext43                                text43       000000
__Htext44                                text44       000000
__Htext45                                text45       000000
__Htext46                                text46       000000
__Htext47                                text47       000000
__Htext48                                text48       000000
__Htext49                                text49       000000
__Htext5                                 text5        000000
__Htext50                                text50       000000
__Htext51                                text51       000000
__Htext52                                text52       000000
__Htext53                                text53       000000
__Htext54                                text54       000000
__Htext55                                text55       000000
__Htext56                                text56       000000
__Htext57                                text57       000000
__Htext58                                text58       000000
__Htext59                                text59       000000
__Htext6                                 text6        000000
__Htext60                                text60       000000
__Htext61                                text61       000000
__Htext62                                text62       000000
__Htext63                                text63       000000
__Htext64                                text64       000000
__Htext65                                text65       000000
__Htext66                                text66       000000
__Htext67                                text67       000000
__Htext68                                text68       000000
__Htext69                                text69       000000
__Htext7                                 text7        000000
__Htext70                                text70       000000
__Htext71                                text71       000000
__Htext72                                text72       000000
__Htext73                                text73       000000
__Htext74                                text74       000000
__Htext75                                text75       000000
__Htext76                                text76       000000
__Htext77                                text77       000000
__Htext78                                text78       000000
__Htext79                                text79       000000
__Htext8                                 text8        000000
__Htext80                                text80       000000
__Htext81                                text81       000000
__Htext82                                text82       000000
__Htext83                                text83       000000
__Htext84                                text84       000000
__Htext85                                text85       000000
__Htext86                                text86       000000
__Htext87                                text87       000000
__Htext88                                text88       000000
__Htext89                                text89       000000
__Htext9                                 text9        000000
__Htext90                                text90       000000
__Htext91                                text91       000000
__Htext92                                text92       000000
__Htext93                                text93       000000
__Htext94                                text94       000000
__Htext95                                text95       000000
__Htext96                                text96       000000
__Htext97                                text97       000000
__Htext98                                text98       000000
__LRAM                                   (abs)        000001
__Labs1                                  abs1         000000
__Lbank0                                 bank0        000000
__Lbank1                                 bank1        000000
__Lbank2                                 bank2        000000
__Lbank3                                 bank3        000000
__Lbank4                                 bank4        000000
__Lbank5                                 bank5        000000
__Lbigbss                                bigbss       000000
__Lbigdata                               bigdata      000000
__Lbigram                                bigram       000000
__Lbss                                   bss          000000
__LbssBANK0                              bssBANK0     000000
__LbssBANK1                              bssBANK1     000000
__LbssBIGRAM                             bssBIGRAM    000000
__LbssCOMRAM                             bssCOMRAM    000000
__Lcinit                                 cinit        000000
__Lclrtext                               clrtext      000000
__Lcomram                                comram       000000
__Lconfig                                config       300000
__Lconst                                 const        000000
__LcstackBANK0                           cstackBANK0  000000
__LcstackBANK1                           cstackBANK1  000000
__LcstackCOMRAM                          cstackCOMRAM 000000
__Ldata                                  data         000000
__Leeprom_data                           eeprom_data  000000
__Lend_init                              end_init     0002B6
__Lfarbss                                farbss       000000
__Lfardata                               fardata      000000
__Libigdata                              ibigdata     000000
__Lidata                                 idata        000000
__Lidloc                                 idloc        200000
__Lifardata                              ifardata     000000
__Linit                                  init         0002B6
__Lintcode                               intcode      000004
__Lintcode_body                          intcode_body 000000
__Lintcodelo                             intcodelo    000018
__Lintentry                              intentry     000000
__Lintret                                intret       000000
__Lintsave_regs                          intsave_regs 000000
__Lirdata                                irdata       000000
__Lmediumconst                           mediumconst  000000
__LnvFARRAM                              nvFARRAM     000000
__Lnvbit                                 nvbit        000000
__Lnvrram                                nvrram       000000
__Lpa_nodes                              pa_nodes     000000
__Lparam                                 rparam       000000
__Lpowerup                               powerup      0002B6
__Lram                                   ram          000000
__Lramtop                                ramtop       000600
__Lrbit                                  rbit         000000
__Lrbss                                  rbss         000000
__Lrdata                                 rdata        000000
__Lreset_vec                             reset_vec    000000
__Lrparam                                rparam       000000
__Lsfr                                   sfr          000000
__Lsmallconst                            smallconst   000600
__Lstruct                                struct       000000
__Ltemp                                  temp         000000
__Ltext                                  text         000000
__Ltext0                                 text0        000000
__Ltext1                                 text1        000000
__Ltext10                                text10       000000
__Ltext100                               text100      000000
__Ltext101                               text101      000000
__Ltext102                               text102      000000
__Ltext11                                text11       000000
__Ltext12                                text12       000000
__Ltext13                                text13       000000
__Ltext14                                text14       000000
__Ltext15                                text15       000000
__Ltext16                                text16       000000
__Ltext17                                text17       000000
__Ltext18                                text18       000000
__Ltext19                                text19       000000
__Ltext2                                 text2        000000
__Ltext20                                text20       000000
__Ltext21                                text21       000000
__Ltext22                                text22       000000
__Ltext23                                text23       000000
__Ltext24                                text24       000000
__Ltext25                                text25       000000
__Ltext26                                text26       000000
__Ltext27                                text27       000000
__Ltext28                                text28       000000
__Ltext29                                text29       000000
__Ltext3                                 text3        000000
__Ltext30                                text30       000000
__Ltext31                                text31       000000
__Ltext32                                text32       000000
__Ltext33                                text33       000000
__Ltext34                                text34       000000
__Ltext35                                text35       000000
__Ltext36                                text36       000000
__Ltext37                                text37       000000
__Ltext38                                text38       000000
__Ltext39                                text39       000000
__Ltext4                                 text4        000000
__Ltext40                                text40       000000
__Ltext41                                text41       000000
__Ltext42                                text42       000000
__Ltext43                                text43       000000
__Ltext44                                text44       000000
__Ltext45                                text45       000000
__Ltext46                                text46       000000
__Ltext47                                text47       000000
__Ltext48                                text48       000000
__Ltext49                                text49       000000
__Ltext5                                 text5        000000
__Ltext50                                text50       000000
__Ltext51                                text51       000000
__Ltext52                                text52       000000
__Ltext53                                text53       000000
__Ltext54                                text54       000000
__Ltext55                                text55       000000
__Ltext56                                text56       000000
__Ltext57                                text57       000000
__Ltext58                                text58       000000
__Ltext59                                text59       000000
__Ltext6                                 text6        000000
__Ltext60                                text60       000000
__Ltext61                                text61       000000
__Ltext62                                text62       000000
__Ltext63                                text63       000000
__Ltext64                                text64       000000
__Ltext65                                text65       000000
__Ltext66                                text66       000000
__Ltext67                                text67       000000
__Ltext68                                text68       000000
__Ltext69                                text69       000000
__Ltext7                                 text7        000000
__Ltext70                                text70       000000
__Ltext71                                text71       000000
__Ltext72                                text72       000000
__Ltext73                                text73       000000
__Ltext74                                text74       000000
__Ltext75                                text75       000000
__Ltext76                                text76       000000
__Ltext77                                text77       000000
__Ltext78                                text78       000000
__Ltext79                                text79       000000
__Ltext8                                 text8        000000
__Ltext80                                text80       000000
__Ltext81                                text81       000000
__Ltext82                                text82       000000
__Ltext83                                text83       000000
__Ltext84                                text84       000000
__Ltext85                                text85       000000
__Ltext86                                text86       000000
__Ltext87                                text87       000000
__Ltext88                                text88       000000
__Ltext89                                text89       000000
__Ltext9                                 text9        000000
__Ltext90                                text90       000000
__Ltext91                                text91       000000
__Ltext92                                text92       000000
__Ltext93                                text93       000000
__Ltext94                                text94       000000
__Ltext95                                text95       000000
__Ltext96                                text96       000000
__Ltext97                                text97       000000
__Ltext98                                text98       000000
__RegsToCANID                            text76       003B8E
__RegsToCANID@Value                      cstackCOMRAM 000014
__RegsToCANID@ptr                        cstackCOMRAM 00000E
__RegsToCANID@type                       cstackCOMRAM 000011
__RegsToCANID@val                        cstackCOMRAM 000010
__S0                                     (abs)        30000E
__S1                                     (abs)        00055C
___aldiv                                 text5        00421E
___aldiv@counter                         cstackBANK0  000084
___aldiv@dividend                        cstackBANK0  00007C
___aldiv@divisor                         cstackBANK0  000080
___aldiv@quotient                        cstackBANK0  000086
___aldiv@sign                            cstackBANK0  000085
___altofl                                text16       004E1E
___altofl@c                              cstackBANK0  00008A
___altofl@sign                           cstackBANK0  00008E
___asfladd                               text4        004D8C
___asfladd@f1p                           cstackCOMRAM 00002C
___asfladd@f2                            cstackCOMRAM 00002E
___asfldiv                               text3        004D42
___asfldiv@f1p                           cstackBANK0  000060
___asfldiv@f2                            cstackBANK0  000062
___asflmul                               text19       004CAA
___asflmul@mp                            cstackCOMRAM 000042
___asflmul@multiplicand                  cstackBANK0  000076
___asflsub                               text17       004C10
___asflsub@f1p                           cstackBANK0  00007E
___asflsub@f2                            cstackBANK0  000080
___awtofl                                text95       00502A
___awtofl@c                              cstackCOMRAM 000018
___awtofl@sign                           cstackCOMRAM 00001E
___fladd                                 text31       00390A
___fladd@exp1                            cstackCOMRAM 00002B
___fladd@exp2                            cstackCOMRAM 00002A
___fladd@f1                              cstackCOMRAM 00001D
___fladd@f2                              cstackCOMRAM 000021
___fladd@sign                            cstackCOMRAM 000029
___fldiv                                 text20       0045AC
___fldiv@cntr                            cstackCOMRAM 00003F
___fldiv@exp                             cstackCOMRAM 000040
___fldiv@f1                              cstackCOMRAM 00002C
___fldiv@f2                              cstackCOMRAM 000030
___fldiv@f3                              cstackCOMRAM 00003B
___fldiv@sign                            cstackCOMRAM 000041
___flge                                  text15       004C5E
___flge@ff1                              cstackCOMRAM 00000E
___flge@ff2                              cstackCOMRAM 000012
___flmul                                 text96       004094
___flmul@cntr                            cstackBANK0  000074
___flmul@exp                             cstackBANK0  00006F
___flmul@f1                              cstackBANK0  000060
___flmul@f2                              cstackBANK0  000064
___flmul@f3_as_product                   cstackBANK0  000070
___flmul@sign                            cstackBANK0  000075
___flneg                                 text9        005240
___flneg@f1                              cstackCOMRAM 00000E
___flpack                                text97       0042DA
___flpack@arg                            cstackCOMRAM 00000E
___flpack@exp                            cstackCOMRAM 000012
___flpack@sign                           cstackCOMRAM 000013
___flsub                                 text18       004F76
___flsub@f1                              cstackBANK0  000076
___flsub@f2                              cstackBANK0  00007A
___fltol                                 text13       004798
___fltol@exp1                            cstackBANK0  00007B
___fltol@f1                              cstackBANK0  000076
___fltol@sign1                           cstackBANK0  00007A
___lbmod                                 text34       0051A4
___lbmod@counter                         cstackCOMRAM 000010
___lbmod@dividend                        cstackCOMRAM 00000F
___lbmod@divisor                         cstackCOMRAM 00000E
___lbmod@rem                             cstackCOMRAM 000011
___lwtofl                                text2        005126
___lwtofl@c                              cstackCOMRAM 000018
___wmul                                  text92       005098
___wmul@multiplicand                     cstackCOMRAM 000014
___wmul@multiplier                       cstackCOMRAM 000012
___wmul@product                          cstackCOMRAM 000016
__accesstop                              (abs)        000060
__activetblptr                           (abs)        000002
__end_ofPL10                             text1        001B26
__end_ofPL12                             text1        001B40
__end_ofPL14                             text1        001B64
__end_ofPL16                             text71       003D80
__end_ofPL18                             text25       0035C0
__end_ofPL2                              text1        001AFA
__end_ofPL20                             text1        001B74
__end_ofPL22                             text1        001B90
__end_ofPL24                             text25       0035CE
__end_ofPL26                             text76       003C60
__end_ofPL28                             text25       0035EA
__end_ofPL30                             text1        001BAA
__end_ofPL32                             text71       003D90
__end_ofPL34                             text33       00300E
__end_ofPL36                             text71       003DA2
__end_ofPL38                             text1        001BC2
__end_ofPL4                              text38       002A38
__end_ofPL40                             text1        001BD0
__end_ofPL42                             text33       003022
__end_ofPL44                             text11       00444A
__end_ofPL46                             text76       003C72
__end_ofPL48                             text76       003C86
__end_ofPL50                             text71       003DB6
__end_ofPL52                             text76       003C9A
__end_ofPL54                             text36       003798
__end_ofPL56                             text76       003CAC
__end_ofPL58                             text1        001BE2
__end_ofPL6                              text1        001B0A
__end_ofPL60                             text1        001BF4
__end_ofPL62                             text31       003A60
__end_ofPL64                             text92       0050CA
__end_ofPL66                             text44       001368
__end_ofPL68                             text96       00414C
__end_ofPL70                             text28       004A52
__end_ofPL72                             text96       00415A
__end_ofPL74                             text75       003242
__end_ofPL76                             text1        001C02
__end_ofPL78                             text1        001C10
__end_ofPL8                              text1        001B18
__end_ofPL80                             text33       003030
__end_ofPL82                             text71       003DC0
__end_ofPL84                             text36       0037A4
__end_ofPL86                             text97       004396
__end_ofPL88                             text33       00303A
__end_of_Celsius2Fahrenheit              text30       004BB4
__end_of_Celsius2Kelvin                  text32       005098
__end_of_ConvertADC                      text93       0054CC
__end_of_ECANInitialize                  text86       0048CC
__end_of_ECANReceiveMessage              text75       003234
__end_of_ECANSendMessage                 text70       00390A
__end_of_ECANSetOperationMode            text87       0053D8
__end_of_OpenADC                         text88       004C10
__end_of_OpenTimer0                      text89       00532C
__end_of_WriteTimer0                     text94       00546E
__end_of__CANIDToRegs                    text71       003D6C
__end_of__ECANPointBuffer                text77       004B40
__end_of__RegsToCANID                    text76       003C52
__end_of___aldiv                         text5        0042DA
__end_of___altofl                        text16       004E66
__end_of___asfladd                       text4        004DD6
__end_of___asfldiv                       text3        004D8C
__end_of___asflmul                       text19       004CF6
__end_of___asflsub                       text17       004C5E
__end_of___awtofl                        text95       005064
__end_of___fladd                         text31       003A4E
__end_of___fldiv                         text20       004654
__end_of___flge                          text15       004CAA
__end_of___flmul                         text96       00413C
__end_of___flneg                         text9        005264
__end_of___flpack                        text97       00438A
__end_of___flsub                         text18       004FB2
__end_of___fltol                         text13       004836
__end_of___lbmod                         text34       0051CC
__end_of___lwtofl                        text2        005150
__end_of___wmul                          text92       0050BA
__end_of__initialization                 cinit        004F2E
__end_of_doOneSecondWork                 text25       0035A2
__end_of_doWork                          text1        001AE8
__end_of_eval_poly                       text11       004436
__end_of_exp                             text8        003426
__end_of_floor                           text12       003EBC
__end_of_frexp                           text14       004952
__end_of_getCANFrame                     text74       005126
__end_of_getCalibrationValue             text6        004E1E
__end_of_getVSCPFrame                    text73       004ACA
__end_of_handle_sync                     text27       0049D4
__end_of_init                            text85       00502A
__end_of_init_app_eeprom                 text38       002A2A
__end_of_init_app_ram                    text90       004EF6
__end_of_interrupt_at_low_vector         intcodelo    0002B6
__end_of_ldexp                           text10       0046F8
__end_of_log                             text7        003B8E
__end_of_main                            text0        003FB0
__end_of_readEEPROM                      text82       00544A
__end_of_sendCANFrame                    text69       004FEE
__end_of_sendTempEvent                   text28       004A44
__end_of_sendVSCPFrame                   text68       0044FC
__end_of_setEventData                    text29       0045AC
__end_of_vscp_check_pstorage             text78       0052AC
__end_of_vscp_deviceURL                  smallconst   000620
__end_of_vscp_doOneSecondWork            text21       004D42
__end_of_vscp_error                      text26       0054C8
__end_of_vscp_getBootLoaderAlgorithm     text49       0054D6
__end_of_vscp_getBufferSize              text48       0054D4
__end_of_vscp_getEvent                   text72       0051A4
__end_of_vscp_getFamilyCode              text40       0054A8
__end_of_vscp_getFamilyType              text39       00549E
__end_of_vscp_getGUID                    text53       005414
__end_of_vscp_getMDF_URL                 text52       0053A8
__end_of_vscp_getMajorVersion            text56       0054DC
__end_of_vscp_getManufacturerId          text50       0053EC
__end_of_vscp_getMatrixInfo              text64       005360
__end_of_vscp_getMinorVersion            text55       0054DA
__end_of_vscp_getRegisterPagesUsed       text47       0054D2
__end_of_vscp_getSegmentCRC              text81       0054BC
__end_of_vscp_getSubMinorVersion         text54       0054D8
__end_of_vscp_getSubzone                 text23       00548A
__end_of_vscp_getUserID                  text51       005400
__end_of_vscp_getZone                    text24       005494
__end_of_vscp_goActiveState              text66       00530E
__end_of_vscp_goBootloaderMode           text63       0053C0
__end_of_vscp_handleDropNickname         text58       0050FA
__end_of_vscp_handleHeartbeat            text62       004F76
__end_of_vscp_handleProbeState           text65       00421E
__end_of_vscp_handleProtocolEvent        text33       002FF6
__end_of_vscp_handleSetNickname          text61       005288
__end_of_vscp_init                       text59       004EAE
__end_of_vscp_newNodeOnline              text57       00517A
__end_of_vscp_readAppReg                 text98       002338
__end_of_vscp_readNicknamePermanent      text60       0054B2
__end_of_vscp_readRegister               text45       005346
__end_of_vscp_readStdReg                 text46       004094
__end_of_vscp_restoreDefaults            text37       0054C4
__end_of_vscp_sendEvent                  text67       0051F4
__end_of_vscp_sendHeartBeat              text22       00521A
__end_of_vscp_setControlByte             text79       005426
__end_of_vscp_setGUID                    text43       0052F0
__end_of_vscp_setManufacturerId          text41       005378
__end_of_vscp_setSegmentCRC              text80       005438
__end_of_vscp_setUserID                  text42       005390
__end_of_vscp_writeAppReg                text44       001358
__end_of_vscp_writeNicknamePermanent     text83       00545C
__end_of_vscp_writeRegister              text35       0052CE
__end_of_vscp_writeStdReg                text36       003784
__end_of_writeCoeffs2Ram                 text91       004798
__end_of_writeEEPROM                     text84       005240
__end_ofexp@coeff                        smallconst   000648
__end_ofi1_ConvertADC                    text101      0054D0
__end_ofi1_WriteTimer0                   text100      005480
__end_oflog@coeff                        smallconst   00066C
__initialization                         cinit        004EF6
__mediumconst                            mediumconst  000000
__pbssBANK0                              bssBANK0     0000B3
__pbssBANK1                              bssBANK1     000100
__pbssBIGRAM                             bssBIGRAM    00019C
__pbssCOMRAM                             bssCOMRAM    000046
__pcinit                                 cinit        004EF6
__pcstackBANK0                           cstackBANK0  000060
__pcstackBANK1                           cstackBANK1  000166
__pcstackCOMRAM                          cstackCOMRAM 000001
__pintcodelo                             intcodelo    000018
__psmallconst                            smallconst   000600
__ptext0                                 text0        003EBC
__ptext1                                 text1        001368
__ptext10                                text10       004654
__ptext100                               text100      00546E
__ptext101                               text101      0054CC
__ptext102                               text102      000000
__ptext11                                text11       004396
__ptext12                                text12       003DC0
__ptext13                                text13       004798
__ptext14                                text14       0048CC
__ptext15                                text15       004C5E
__ptext16                                text16       004E1E
__ptext17                                text17       004C10
__ptext18                                text18       004F76
__ptext19                                text19       004CAA
__ptext2                                 text2        005126
__ptext20                                text20       0045AC
__ptext21                                text21       004CF6
__ptext22                                text22       0051F4
__ptext23                                text23       005480
__ptext24                                text24       00548A
__ptext25                                text25       003426
__ptext26                                text26       0054C4
__ptext27                                text27       004952
__ptext28                                text28       0049D4
__ptext29                                text29       0044FC
__ptext3                                 text3        004D42
__ptext30                                text30       004B40
__ptext31                                text31       00390A
__ptext32                                text32       005064
__ptext33                                text33       002A38
__ptext34                                text34       0051A4
__ptext35                                text35       0052AC
__ptext36                                text36       0035EA
__ptext37                                text37       0054BC
__ptext38                                text38       002338
__ptext39                                text39       005494
__ptext4                                 text4        004D8C
__ptext40                                text40       00549E
__ptext41                                text41       005360
__ptext42                                text42       005378
__ptext43                                text43       0052CE
__ptext44                                text44       00066E
__ptext45                                text45       00532C
__ptext46                                text46       003FB0
__ptext47                                text47       0054D0
__ptext48                                text48       0054D2
__ptext49                                text49       0054D4
__ptext5                                 text5        00421E
__ptext50                                text50       0053D8
__ptext51                                text51       0053EC
__ptext52                                text52       005390
__ptext53                                text53       005400
__ptext54                                text54       0054D6
__ptext55                                text55       0054D8
__ptext56                                text56       0054DA
__ptext57                                text57       005150
__ptext58                                text58       0050CA
__ptext59                                text59       004E66
__ptext6                                 text6        004DD6
__ptext60                                text60       0054A8
__ptext61                                text61       005264
__ptext62                                text62       004F38
__ptext63                                text63       0053A8
__ptext64                                text64       005346
__ptext65                                text65       00415A
__ptext66                                text66       0052F0
__ptext67                                text67       0051CC
__ptext68                                text68       00444A
__ptext69                                text69       004FB2
__ptext7                                 text7        003A60
__ptext70                                text70       0037A4
__ptext71                                text71       003CAC
__ptext72                                text72       00517A
__ptext73                                text73       004A52
__ptext74                                text74       0050FA
__ptext75                                text75       00303A
__ptext76                                text76       003B8E
__ptext77                                text77       004ACA
__ptext78                                text78       005288
__ptext79                                text79       005414
__ptext8                                 text8        003242
__ptext80                                text80       005426
__ptext81                                text81       0054B2
[...]
 This function uses a non-reentrant model


 *************** function ___awtofl *****************
 Defined at:
		line 32 in file "C:\Program Files (x86)\Microchip\xc8\v1.21\sources\common\awtofl.c"
 Parameters:    Size  Location     Type
  c               2   23[COMRAM] int 
 Auto vars:     Size  Location     Type
  f1              4    0        int 
  sign            1   29[COMRAM] unsigned char 
 Return value:  Size  Location     Type
                  4   23[COMRAM] unsigned char 
 Registers used:
		wreg, status,2, status,0, cstack
 Tracked objects:
		On entry : 
		On exit  : 
		Unchanged: 
 Data sizes:     COMRAM   BANK0   BANK1   BANK2   BANK3   BANK4   BANK5
      Params:         4       0       0       0       0       0       0
      Locals:         3       0       0       0       0       0       0
      Temps:          0       0       0       0       0       0       0
      Totals:         7       0       0       0       0       0       0
Total ram usage:        7 bytes
 Hardware stack levels used:    1
 Hardware stack levels required when called:    3
 This function calls:
		___flpack
 This function is called by:
		_setEventData
		_exp
		_log
 This function uses a non-reentrant model


 *************** function ___flmul *****************
 Defined at:
		line 51 in file "C:\Program Files (x86)\Microchip\xc8\v1.21\sources\common\flmul.c"
 Parameters:    Size  Location     Type
  f1              4    0[BANK0 ] unsigned char 
  f2              4    4[BANK0 ] unsigned char 
 Auto vars:     Size  Location     Type
  f3_as_produc    4   16[BANK0 ] unsigned long 
  sign            1   21[BANK0 ] unsigned char 
  cntr            1   20[BANK0 ] unsigned char 
  exp             1   15[BANK0 ] unsigned char 
 Return value:  Size  Location     Type
                  4    0[BANK0 ] unsigned char 
 Registers used:
		wreg, status,2, status,0, cstack
 Tracked objects:
		On entry : 
		On exit  : 
		Unchanged: 
 Data sizes:     COMRAM   BANK0   BANK1   BANK2   BANK3   BANK4   BANK5
      Params:         0       8       0       0       0       0       0
      Locals:         0      14       0       0       0       0       0
      Temps:          0       0       0       0       0       0       0
      Totals:         0      22       0       0       0       0       0
Total ram usage:       22 bytes
 Hardware stack levels used:    1
 Hardware stack levels required when called:    3
 This function calls:
		___flpack
 This function is called by:
		_doWork
		_Celsius2Fahrenheit
		___asflmul
		_log
		_eval_poly
 This function uses a non-reentrant model


 *************** function ___flpack *****************
 Defined at:
		line 64 in file "C:\Program Files (x86)\Microchip\xc8\v1.21\sources\common\double.c"
 Parameters:    Size  Location     Type
  arg             4   13[COMRAM] unsigned long 
  exp             1   17[COMRAM] unsigned char 
  sign            1   18[COMRAM] unsigned char 
 Auto vars:     Size  Location     Type
		None
 Return value:  Size  Location     Type
                  4   13[COMRAM] unsigned char 
 Registers used:
		wreg, status,2, status,0
 Tracked objects:
		On entry : 
		On exit  : 
		Unchanged: 
 Data sizes:     COMRAM   BANK0   BANK1   BANK2   BANK3   BANK4   BANK5
      Params:         6       0       0       0       0       0       0
      Locals:         0       0       0       0       0       0       0
      Temps:          4       0       0       0       0       0       0
      Totals:        10       0       0       0       0       0       0
Total ram usage:       10 bytes
 Hardware stack levels used:    1
 Hardware stack levels required when called:    2
 This function calls:
		Nothing
 This function is called by:
		___altofl
		___awtofl
		___fladd
		___fldiv
		___flmul
		___lwtofl
 This function uses a non-reentrant model


 *************** function _vscp_readAppReg *****************
 Defined at:
		line 1274 in file "../main.c"
 Parameters:    Size  Location     Type
  reg             1    wreg     unsigned char 
 Auto vars:     Size  Location     Type
  reg             1   18[COMRAM] unsigned char 
  pos             1   17[COMRAM] unsigned char 
  rv              1   19[COMRAM] unsigned char 
 Return value:  Size  Location     Type
                  1    wreg      unsigned char 
 Registers used:
		wreg, fsr2l, fsr2h, status,2, status,0, cstack
 Tracked objects:
		On entry : 
		On exit  : 
		Unchanged: 
 Data sizes:     COMRAM   BANK0   BANK1   BANK2   BANK3   BANK4   BANK5
      Params:         0       0       0       0       0       0       0
      Locals:         3       0       0       0       0       0       0
      Temps:          0       0       0       0       0       0       0
      Totals:         3       0       0       0       0       0       0
Total ram usage:        3 bytes
 Hardware stack levels used:    1
 Hardware stack levels required when called:    3
 This function calls:
		_readEEPROM
 This function is called by:
		_vscp_readRegister
		_vscp_handleProtocolEvent
 This function uses a non-reentrant model


 *************** function _interrupt_at_low_vector *****************
 Defined at:
		line 134 in file "../main.c"
 Parameters:    Size  Location     Type
		None
 Auto vars:     Size  Location     Type
		None
 Return value:  Size  Location     Type
		None               void
 Registers used:
		wreg, fsr2l, fsr2h, status,2, status,0, prodl, prodh, cstack
 Tracked objects:
		On entry : 
		On exit  : 
		Unchanged: 
 Data sizes:     COMRAM   BANK0   BANK1   BANK2   BANK3   BANK4   BANK5
      Params:         0       0       0       0       0       0       0
      Locals:         0       0       0       0       0       0       0
      Temps:          9       0       0       0       0       0       0
      Totals:         9       0       0       0       0       0       0
Total ram usage:        9 bytes
 Hardware stack levels used:    1
 Hardware stack levels required when called:    1
 This function calls:
		i1_ConvertADC
		i1_WriteTimer0
 This function is called by:
		Interrupt level 1
 This function uses a non-reentrant model


 *************** function i1_WriteTimer0 *****************
 Defined at:
		line 17 in file "C:\Program Files (x86)\Microchip\xc8\v1.21\sources\pic18\plib\Timers\t0write.c"
 Parameters:    Size  Location     Type
  timer0          2    0[COMRAM] unsigned int 
 Auto vars:     Size  Location     Type
  WriteTimer0     2    2[COMRAM] struct Timers
 Return value:  Size  Location     Type
		None               void
 Registers used:
		None
 Tracked objects:
		On entry : 
		On exit  : 
		Unchanged: 
 Data sizes:     COMRAM   BANK0   BANK1   BANK2   BANK3   BANK4   BANK5
      Params:         2       0       0       0       0       0       0
      Locals:         2       0       0       0       0       0       0
      Temps:          0       0       0       0       0       0       0
      Totals:         4       0       0       0       0       0       0
Total ram usage:        4 bytes
 Hardware stack levels used:    1
 This function calls:
		Nothing
 This function is called by:
		_interrupt_at_low_vector
 This function uses a non-reentrant model


 *************** function i1_ConvertADC *****************
 Defined at:
		line 23 in file "C:\Program Files (x86)\Microchip\xc8\v1.21\sources\pic18\plib\ADC\adcconv.c"
 Parameters:    Size  Location     Type
		None
 Auto vars:     Size  Location     Type
		None
 Return value:  Size  Location     Type
		None               void
 Registers used:
		None
 Tracked objects:
		On entry : 
		On exit  : 
		Unchanged: 
 Data sizes:     COMRAM   BANK0   BANK1   BANK2   BANK3   BANK4   BANK5
      Params:         0       0       0       0       0       0       0
      Locals:         0       0       0       0       0       0       0
      Temps:          0       0       0       0       0       0       0
      Totals:         0       0       0       0       0       0       0
Total ram usage:        0 bytes
 Hardware stack levels used:    1
 This function calls:
		Nothing
 This function is called by:
		_interrupt_at_low_vector
 This function uses a non-reentrant model



MODULE INFORMATION

Module		Function		Class		Link	Load	Size
C:\Program Files (x86)\Microchip\xc8\v1.21\sources\common\altofl.c
		___altofl      		CODE           	4E1E	0000	72

C:\Program Files (x86)\Microchip\xc8\v1.21\sources\common\altofl.c estimated size: 72

C:\Program Files (x86)\Microchip\xc8\v1.21\sources\pic18\asfladd.c
		___asfladd     		CODE           	4D8C	0000	74

C:\Program Files (x86)\Microchip\xc8\v1.21\sources\pic18\asfladd.c estimated size: 74

../main.c
		_vscp_getBootLo		CODE           	54D4	0000	2
		_vscp_getZone  		CODE           	548A	0000	10
		_init          		CODE           	4FEE	0000	60
		_vscp_setManufa		CODE           	5360	0000	24
		_vscp_setGUID  		CODE           	52CE	0000	34
		_sendTempEvent 		CODE           	49D4	0000	112
		_getVSCPFrame  		CODE           	4A52	0000	120
		_vscp_setContro		CODE           	5414	0000	18
		_vscp_getUserID		CODE           	53EC	0000	20
		_setEventData  		CODE           	44FC	0000	176
		_doWork        		CODE           	1368	0000	1920
		_vscp_getSegmen		CODE           	54B2	0000	10
		_getCalibration		CODE           	4DD6	0000	72
		_vscp_restoreDe		CODE           	54BC	0000	8
		_vscp_readAppRe		CODE           	1C10	0000	1832
		_vscp_getFamily		CODE           	549E	0000	10
		_vscp_setUserID		CODE           	5378	0000	24
		_getCANFrame   		CODE           	50FA	0000	44
		_main          		CODE           	3EBC	0000	244
		_handle_sync   		CODE           	4952	0000	130
		_vscp_getRegist		CODE           	54D0	0000	2
		_vscp_setSegmen		CODE           	5426	0000	18
		_doOneSecondWor		CODE           	3426	0000	380
		_sendVSCPFrame 		CODE           	444A	0000	178
		_vscp_getMDF_UR		CODE           	5390	0000	24
		_init_app_eepro		CODE           	2338	0000	1778
		_sendCANFrame  		CODE           	4FB2	0000	60
		_vscp_writeAppR		CODE           	066E	0000	3306
		_vscp_getFamily		CODE           	5494	0000	10
		_vscp_getBuffer		CODE           	54D2	0000	2
		_vscp_getSubzon		CODE           	5480	0000	10
		_vscp_getMatrix		CODE           	5346	0000	26
		_vscp_goBootloa		CODE           	53A8	0000	24
		_writeCoeffs2Ra		CODE           	46F8	0000	160
		_vscp_readNickn		CODE           	54A8	0000	10
		_interrupt_at_l		CODE           	0018	0000	670
		_vscp_getMajorV		CODE           	54DA	0000	2
		_vscp_getMinorV		CODE           	54D8	0000	2
		_vscp_writeNick		CODE           	544A	0000	18
		_init_app_ram  		CODE           	4EAE	0000	72
		_vscp_getManufa		CODE           	53D8	0000	20
		_vscp_getSubMin		CODE           	54D6	0000	2
		_vscp_getGUID  		CODE           	5400	0000	20

../main.c estimated size: 11664

C:\Program Files (x86)\Microchip\xc8\v1.21\sources\common\awtofl.c
		___awtofl      		CODE           	502A	0000	58

C:\Program Files (x86)\Microchip\xc8\v1.21\sources\common\awtofl.c estimated size: 58

C:\Program Files (x86)\Microchip\xc8\v1.21\sources\pic18\plib\Timers\t0write.c
		_WriteTimer0   		CODE           	545C	0000	18

C:\Program Files (x86)\Microchip\xc8\v1.21\sources\pic18\plib\Timers\t0write.c estimated size: 18

C:\Program Files (x86)\Microchip\xc8\v1.21\sources\common\flge.c
		___flge        		CODE           	4C5E	0000	76

C:\Program Files (x86)\Microchip\xc8\v1.21\sources\common\flge.c estimated size: 76

../../vscp_firmware/pic/common/eeprom.c
		_readEEPROM    		CODE           	5438	0000	18
		_writeEEPROM   		CODE           	521A	0000	38

../../vscp_firmware/pic/common/eeprom.c estimated size: 56

C:\Program Files (x86)\Microchip\xc8\v1.21\sources\common\frexp.c
		_ldexp         		CODE           	4654	0000	164
		_frexp         		CODE           	48CC	0000	134

C:\Program Files (x86)\Microchip\xc8\v1.21\sources\common\frexp.c estimated size: 298

C:\Program Files (x86)\Microchip\xc8\v1.21\sources\common\wmul.c
		___wmul        		CODE           	5098	0000	34

C:\Program Files (x86)\Microchip\xc8\v1.21\sources\common\wmul.c estimated size: 34

C:\Program Files (x86)\Microchip\xc8\v1.21\sources\common\exp.c
		_exp           		CODE           	3242	0000	484

C:\Program Files (x86)\Microchip\xc8\v1.21\sources\common\exp.c estimated size: 484

C:\Program Files (x86)\Microchip\xc8\v1.21\sources\common\evalpoly.c
		_eval_poly     		CODE           	4396	0000	160

C:\Program Files (x86)\Microchip\xc8\v1.21\sources\common\evalpoly.c estimated size: 160

C:\Program Files (x86)\Microchip\xc8\v1.21\sources\common\lwtofl.c
		___lwtofl      		CODE           	5126	0000	42

C:\Program Files (x86)\Microchip\xc8\v1.21\sources\common\lwtofl.c estimated size: 42

C:\Program Files (x86)\Microchip\xc8\v1.21\sources\pic18\plib\ADC\adcopen.c
		_OpenADC       		CODE           	4BB4	0000	92

C:\Program Files (x86)\Microchip\xc8\v1.21\sources\pic18\plib\ADC\adcopen.c estimated size: 92

C:\Program Files (x86)\Microchip\xc8\v1.21\sources\common\log.c
		_log           		CODE           	3A60	0000	302

C:\Program Files (x86)\Microchip\xc8\v1.21\sources\common\log.c estimated size: 302

../ECAN.c
		_ECANReceiveMes		CODE           	303A	0000	506
		__RegsToCANID  		CODE           	3B8E	0000	196
		__ECANPointBuff		CODE           	4ACA	0000	118
		_ECANInitialize		CODE           	4836	0000	150
		__CANIDToRegs  		CODE           	3CAC	0000	192
		_ECANSetOperati		CODE           	53C0	0000	24
		_ECANSendMessag		CODE           	37A4	0000	358

../ECAN.c estimated size: 1544

shared
		PL12           		CODE           	1B26	0000	26
		PL50           		CODE           	3DA2	0000	20
		PL8            		CODE           	1B0A	0000	14
		PL22           		CODE           	1B74	0000	28
		PL60           		CODE           	1BE2	0000	18
		PL32           		CODE           	3D80	0000	16
		PL70           		CODE           	4A44	0000	14
		PL42           		CODE           	300E	0000	20
		PL80           		CODE           	3022	0000	14
		exp@coeff      		SMALLCONST     	0620	0000	40
		PL14           		CODE           	1B40	0000	36
		PL52           		CODE           	3C86	0000	20
		PL24           		CODE           	35C0	0000	14
		PL62           		CODE           	3A4E	0000	18
		PL34           		CODE           	2FF6	0000	24
		PL72           		CODE           	414C	0000	14
		_vscp_deviceURL		SMALLCONST     	0600	0000	32
		PL44           		CODE           	4436	0000	20
		PL82           		CODE           	3DB6	0000	10
		i1_ConvertADC  		CODE           	54CC	0000	4
		PL16           		CODE           	3D6C	0000	20
		PL54           		CODE           	3784	0000	20
		PL26           		CODE           	3C52	0000	14
		PL64           		CODE           	50BA	0000	16
		PL36           		CODE           	3D90	0000	18
		PL74           		CODE           	3234	0000	14
		PL46           		CODE           	3C60	0000	18
		PL84           		CODE           	3798	0000	12
		PL18           		CODE           	35A2	0000	30
		PL56           		CODE           	3C9A	0000	18
		PL28           		CODE           	35CE	0000	28
		PL66           		CODE           	1358	0000	16
		PL38           		CODE           	1BAA	0000	24
		PL76           		CODE           	1BF4	0000	14
		PL48           		CODE           	3C72	0000	20
		PL86           		CODE           	438A	0000	12
		PL58           		CODE           	1BD0	0000	18
		PL68           		CODE           	413C	0000	16
		PL78           		CODE           	1C02	0000	14
		PL88           		CODE           	3030	0000	10
		__initializatio		CODE           	4EF6	0000	56
		i1_WriteTimer0 		CODE           	546E	0000	18
		log@coeff      		SMALLCONST     	0648	0000	36
		PL2            		CODE           	1AE8	0000	18
		PL10           		CODE           	1B18	0000	14
		PL4            		CODE           	2A2A	0000	14
		PL20           		CODE           	1B64	0000	16
		PL30           		CODE           	1B90	0000	26
		PL6            		CODE           	1AFA	0000	16
		PL40           		CODE           	1BC2	0000	14

shared estimated size: 982

C:\Program Files (x86)\Microchip\xc8\v1.21\sources\common\lbmod.c
		___lbmod       		CODE           	51A4	0000	40

C:\Program Files (x86)\Microchip\xc8\v1.21\sources\common\lbmod.c estimated size: 40

../ntc.c
		_Celsius2Kelvin		CODE           	5064	0000	52
		_Celsius2Fahren		CODE           	4B40	0000	116

../ntc.c estimated size: 168

../../vscp_firmware/common/vscp_firmware.c
		_vscp_getEvent 		CODE           	517A	0000	42
		_vscp_handleHea		CODE           	4F38	0000	62
		_vscp_readRegis		CODE           	532C	0000	26
		_vscp_writeRegi		CODE           	52AC	0000	34
		_vscp_error    		CODE           	54C4	0000	4
		_vscp_readStdRe		CODE           	3FB0	0000	228
		_vscp_goActiveS		CODE           	52F0	0000	30
		_vscp_doOneSeco		CODE           	4CF6	0000	76
		_vscp_sendEvent		CODE           	51CC	0000	40
		_vscp_check_pst		CODE           	5288	0000	36
		_vscp_writeStdR		CODE           	35EA	0000	410
		_vscp_handlePro		CODE           	2A38	0000	1470
		_vscp_handleDro		CODE           	50CA	0000	48
		_vscp_handleSet		CODE           	5264	0000	36
		_vscp_handlePro		CODE           	415A	0000	196
		_vscp_sendHeart		CODE           	51F4	0000	38
		_vscp_newNodeOn		CODE           	5150	0000	42
		_vscp_init     		CODE           	4E66	0000	72

../../vscp_firmware/common/vscp_firmware.c estimated size: 2890

C:\Program Files (x86)\Microchip\xc8\v1.21\sources\common\aldiv.c
		___aldiv       		CODE           	421E	0000	188

C:\Program Files (x86)\Microchip\xc8\v1.21\sources\common\aldiv.c estimated size: 188

C:\Program Files (x86)\Microchip\xc8\v1.21\sources\common\fldiv.c
		___fldiv       		CODE           	45AC	0000	168

C:\Program Files (x86)\Microchip\xc8\v1.21\sources\common\fldiv.c estimated size: 168

C:\Program Files (x86)\Microchip\xc8\v1.21\sources\common\flsub.c
		___flsub       		CODE           	4F76	0000	60

C:\Program Files (x86)\Microchip\xc8\v1.21\sources\common\flsub.c estimated size: 60

C:\Program Files (x86)\Microchip\xc8\v1.21\sources\common\flneg.c
		___flneg       		CODE           	5240	0000	36

C:\Program Files (x86)\Microchip\xc8\v1.21\sources\common\flneg.c estimated size: 36

C:\Program Files (x86)\Microchip\xc8\v1.21\sources\pic18\plib\Timers\t0open.c
		_OpenTimer0    		CODE           	530E	0000	30

C:\Program Files (x86)\Microchip\xc8\v1.21\sources\pic18\plib\Timers\t0open.c estimated size: 30

C:\Program Files (x86)\Microchip\xc8\v1.21\sources\pic18\asfldiv.c
		___asfldiv     		CODE           	4D42	0000	74

C:\Program Files (x86)\Microchip\xc8\v1.21\sources\pic18\asfldiv.c estimated size: 74

C:\Program Files (x86)\Microchip\xc8\v1.21\sources\pic18\asflsub.c
		___asflsub     		CODE           	4C10	0000	78

C:\Program Files (x86)\Microchip\xc8\v1.21\sources\pic18\asflsub.c estimated size: 78

C:\Program Files (x86)\Microchip\xc8\v1.21\sources\common\flmul.c
		___flmul       		CODE           	4094	0000	168

C:\Program Files (x86)\Microchip\xc8\v1.21\sources\common\flmul.c estimated size: 168

C:\Program Files (x86)\Microchip\xc8\v1.21\sources\common\fltol.c
		___fltol       		CODE           	4798	0000	158

C:\Program Files (x86)\Microchip\xc8\v1.21\sources\common\fltol.c estimated size: 158

C:\Program Files (x86)\Microchip\xc8\v1.21\sources\common\double.c
		___flpack      		CODE           	42DA	0000	176

C:\Program Files (x86)\Microchip\xc8\v1.21\sources\common\double.c estimated size: 176

C:\Program Files (x86)\Microchip\xc8\v1.21\sources\pic18\plib\ADC\adcconv.c
		_ConvertADC    		CODE           	54C8	0000	4

C:\Program Files (x86)\Microchip\xc8\v1.21\sources\pic18\plib\ADC\adcconv.c estimated size: 4

C:\Program Files (x86)\Microchip\xc8\v1.21\sources\pic18\asflmul.c
		___asflmul     		CODE           	4CAA	0000	76

C:\Program Files (x86)\Microchip\xc8\v1.21\sources\pic18\asflmul.c estimated size: 76

C:\Program Files (x86)\Microchip\xc8\v1.21\sources\common\floor.c
		_floor         		CODE           	3DC0	0000	252

C:\Program Files (x86)\Microchip\xc8\v1.21\sources\common\floor.c estimated size: 252

C:\Program Files (x86)\Microchip\xc8\v1.21\sources\common\fladd.c
		___fladd       		CODE           	390A	0000	324

C:\Program Files (x86)\Microchip\xc8\v1.21\sources\common\fladd.c estimated size: 324

