Microchip MPLAB XC8 Compiler V1.21 ()

Linker command line:

--edf=C:\Program Files (x86)\Microchip\xc8\v1.21\dat\en_msgs.txt \
  --UDF=html\kelvin_ntc.X.debug.link.html -cs \
  -h+dist/Debug/debug\kelvin_ntc.X.debug.sym \
  --cmf=dist/Debug/debug\kelvin_ntc.X.debug.cmf -z -Q18F2580 \
  -oC:\Users\GRODAN~1\AppData\Local\Temp\s75s.6 \
  -Mdist/Debug/debug/kelvin_ntc.X.debug.map -E1 -ver=XC8 -ACODE=072h-07CFFh \
  -ACONST=072h-07CFFh -ASMALLCONST=0600h-06FFhx119 \
  -AMEDIUMCONST=0600h-07CFFh -ACOMRAM=01h-05Fh -AABS1=00h-05EEh \
  -ABIGRAM=01h-05EEh -ARAM=060h-0FFh,0100h-01FFhx4,0500h-05EEh \
  -ABANK0=060h-0FFh -ABANK1=0100h-01FFh -ABANK2=0200h-02FFh \
  -ABANK3=0300h-03FFh -ABANK4=0400h-04FFh -ABANK5=0500h-05EEh \
  -ASFR=0D00h-0DFFhx2,0F00h-0F5Fh,0F60h-0F9Bh,0F9Dh-0FD3h,0FD5h-0FDAh,0FE0h-0FE2h,0FE8h-0FEAh,0FF0h-0FFBh \
  -preset_vec=00h,intcode,intcodelo=018h,powerup,init,end_init \
  -pramtop=0600h -psmallconst=SMALLCONST -pmediumconst=MEDIUMCONST \
  -pconst=CONST -AFARRAM=00h-00h -ACONFIG=0300000h-030000Dh -pconfig=CONFIG \
  -AIDLOC=0200000h-0200007h -pidloc=IDLOC -AEEDATA=0F00000h-0F000FFh \
  -peeprom_data=EEDATA \
  -prdata=COMRAM,nvrram=COMRAM,nvbit=COMRAM,rbss=COMRAM,rbit=COMRAM \
  -pfarbss=FARRAM,fardata=FARRAM,nvFARRAM=FARRAM \
  -pintsave_regs=BIGRAM,bigbss=BIGRAM,bigdata=BIGRAM -pbss=RAM \
  -pidata=CODE,irdata=CODE,ibigdata=CODE,ifardata=CODE \
  C:\Users\GRODAN~1\AppData\Local\Temp\s75s.obj \
  dist/Debug/debug\kelvin_ntc.X.debug.obj \
  C:\Program Files (x86)\Microchip\xc8\v1.21\lib\pic18-trace-obj.lib 

Object code version is 3.11

Machine type is 18F2580

Call graph: (short form)




                Name                               Link     Load   Length Selector   Space Scale
C:\Users\GRODAN~1\AppData\Local\Temp\s75s.obj
                end_init                            2BA      2BA        4        C       0
                reset_vec                             0        0        6        0       0
                idloc                            200000   200000        8   200000       0
                config                           300000   300000        E   300000       0
dist/Debug/debug\kelvin_ntc.X.debug.obj
                intcodelo                            18       18      2A2        C       0
                smallconst                          600      600       6E      300       0
                text101                            5382     5382        4      337       0
                text100                            5324     5324       12      337       0
                text98                             1368     1368      7A0      337       0
                text97                             3F42     3F42       C8      337       0
                text96                             418A     418A       BC      337       0
                text95                             4EDC     4EDC       3A      337       0
                text94                             5312     5312       12      337       0
                text93                             537E     537E        4      337       0
                text92                             4D9E     4D9E       46      337       0
                text91                             51C2     51C2       1E      337       0
                text90                             4A58     4A58       5C      337       0
                text89                             5274     5274       18      337       0
                text88                             46E6     46E6       96      337       0
                text87                             4EA0     4EA0       3C      337       0
                text86                             50CE     50CE       26      337       0
                text85                             5300     5300       12      337       0
                text84                             5368     5368        A      337       0
                text83                             52EE     52EE       12      337       0
                text82                             52DC     52DC       12      337       0
                text81                             513C     513C       24      337       0
                text80                             496E     496E       76      337       0
                text79                             39FA     39FA      11E      337       0
                text78                             308C     308C      208      337       0
                text77                             4FAE     4FAE       2C      337       0
                text76                             48F6     48F6       78      337       0
                text75                             502E     502E       2A      337       0
                text74                             3B18     3B18      114      337       0
                text73                             3616     3616      166      337       0
                text72                             4D56     4D56       48      337       0
                text71                             42FA     42FA       B2      337       0
                text70                             5080     5080       28      337       0
                text69                             51A4     51A4       1E      337       0
                text68                             400A     400A       C4      337       0
                text67                             51FA     51FA       1A      337       0
                text66                             525C     525C       18      337       0
                text65                             4E26     4E26       3E      337       0
                text64                             5118     5118       24      337       0
                text63                             52C8     52C8       14      337       0
                text62                             535E     535E        A      337       0
                text61                             4D0E     4D0E       48      337       0
                text60                             4F7E     4F7E       30      337       0
                text59                             5004     5004       2A      337       0
                text58                             5390     5390        2      337       0
                text57                             538E     538E        2      337       0
                text56                             538C     538C        2      337       0
                text55                             52B4     52B4       14      337       0
                text54                             5244     5244       18      337       0
                text53                             52A0     52A0       14      337       0
                text52                             528C     528C       14      337       0
                text51                             538A     538A        2      337       0
                text50                             5388     5388        2      337       0
                text49                             5386     5386        2      337       0
                text48                             5354     5354        A      337       0
                text47                             534A     534A        A      337       0
                text46                             3478     3478      19E      337       0
                text45                             51E0     51E0       1A      337       0
                text44                             4F4C     4F4C       32      337       0
                text43                             45A8     45A8       A0      337       0
                text42                              66E      66E      CFA      337       0
                text41                             5182     5182       22      337       0
                text40                             522C     522C       18      337       0
                text39                             5214     5214       18      337       0
                text38                             212C     212C      5C8      337       0
                text37                             5372     5372        8      337       0
                text36                             3D3E     3D3E      10A      337       0
                text35                             5160     5160       22      337       0
                text34                             5058     5058       28      337       0
                text33                             1B08     1B08      624      337       0
                text32                             4F16     4F16       36      337       0
                text31                             377C     377C      15C      337       0
                text30                             49E4     49E4       74      337       0
                text29                             43AC     43AC       B0      337       0
                text28                             487C     487C       7A      337       0
                text27                             477C     477C       82      337       0
                text26                             537A     537A        4      337       0
                text25                             26F4     26F4      564      337       0
                text24                             5340     5340        A      337       0
                text23                             5336     5336        A      337       0
                text22                             50A8     50A8       26      337       0
                text21                             4BE8     4BE8       4C      337       0
                text20                             445C     445C       A8      337       0
                text19                             4B9C     4B9C       4C      337       0
                text18                             4E64     4E64       3C      337       0
                text17                             4B02     4B02       4E      337       0
                text16                             4CC6     4CC6       48      337       0
                text15                             4B50     4B50       4C      337       0
                text14                             47FE     47FE       7E      337       0
                text13                             4648     4648       9E      337       0
                text12                             3E48     3E48       FA      337       0
                text11                             4246     4246       B4      337       0
                text10                             4504     4504       A4      337       0
                text9                              50F4     50F4       24      337       0
                text8                              3294     3294      1E4      337       0
                text7                              38D8     38D8      122      337       0
                text6                              4C7E     4C7E       48      337       0
                text5                              40CE     40CE       BC      337       0
                text4                              4AB4     4AB4       4E      337       0
                text3                              4C34     4C34       4A      337       0
                text2                              4FDA     4FDA       2A      337       0
                text1                              2C58     2C58      434      337       0
                text0                              3C2C     3C2C      112      337       0
                cstackCOMRAM                          1        1       45        1       1
                cstackBANK0                          60       60       49       60       1
                cstackBANK1                         15F      15F       34      100       1
                bssBIGRAM                           194      194      3C0      194       1
                bssBANK1                            100      100       5F      100       1
                bssBANK0                             A9       A9       31       60       1
                bssCOMRAM                            46       46        D        1       1
                cinit                              4DE4     4DE4       42      337       0
                nvBANK1                             193      193        1      100       1

C:\Program Files (x86)\Microchip\xc8\v1.21\lib\pic18-trace-obj.lib

TOTAL           Name                               Link     Load   Length     Space
        CLASS   CODE           
                end_init                            2BA      2BA        4         0
                intcodelo                            18       18      2A2         0
                reset_vec                             0        0        6         0
                text101                            5382     5382        4         0
                text100                            5324     5324       12         0
                text98                             1368     1368      7A0         0
                text97                             3F42     3F42       C8         0
                text96                             418A     418A       BC         0
                text95                             4EDC     4EDC       3A         0
                text94                             5312     5312       12         0
                text93                             537E     537E        4         0
                text92                             4D9E     4D9E       46         0
                text91                             51C2     51C2       1E         0
                text90                             4A58     4A58       5C         0
                text89                             5274     5274       18         0
                text88                             46E6     46E6       96         0
                text87                             4EA0     4EA0       3C         0
                text86                             50CE     50CE       26         0
                text85                             5300     5300       12         0
                text84                             5368     5368        A         0
                text83                             52EE     52EE       12         0
                text82                             52DC     52DC       12         0
                text81                             513C     513C       24         0
                text80                             496E     496E       76         0
                text79                             39FA     39FA      11E         0
                text78                             308C     308C      208         0
                text77                             4FAE     4FAE       2C         0
                text76                             48F6     48F6       78         0
                text75                             502E     502E       2A         0
                text74                             3B18     3B18      114         0
                text73                             3616     3616      166         0
                text72                             4D56     4D56       48         0
                text71                             42FA     42FA       B2         0
                text70                             5080     5080       28         0
                text69                             51A4     51A4       1E         0
                text68                             400A     400A       C4         0
                text67                             51FA     51FA       1A         0
                text66                             525C     525C       18         0
                text65                             4E26     4E26       3E         0
                text64                             5118     5118       24         0
                text63                             52C8     52C8       14         0
                text62                             535E     535E        A         0
                text61                             4D0E     4D0E       48         0
                text60                             4F7E     4F7E       30         0
                text59                             5004     5004       2A         0
                text58                             5390     5390        2         0
                text57                             538E     538E        2         0
                text56                             538C     538C        2         0
                text55                             52B4     52B4       14         0
                text54                             5244     5244       18         0
                text53                             52A0     52A0       14         0
                text52                             528C     528C       14         0
                text51                             538A     538A        2         0
                text50                             5388     5388        2         0
                text49                             5386     5386        2         0
                text48                             5354     5354        A         0
                text47                             534A     534A        A         0
                text46                             3478     3478      19E         0
                text45                             51E0     51E0       1A         0
                text44                             4F4C     4F4C       32         0
                text43                             45A8     45A8       A0         0
                text42                              66E      66E      CFA         0
                text41                             5182     5182       22         0
                text40                             522C     522C       18         0
                text39                             5214     5214       18         0
                text38                             212C     212C      5C8         0
                text37                             5372     5372        8         0
                text36                             3D3E     3D3E      10A         0
                text35                             5160     5160       22         0
                text34                             5058     5058       28         0
                text33                             1B08     1B08      624         0
                text32                             4F16     4F16       36         0
                text31                             377C     377C      15C         0
                text30                             49E4     49E4       74         0
                text29                             43AC     43AC       B0         0
                text28                             487C     487C       7A         0
                text27                             477C     477C       82         0
                text26                             537A     537A        4         0
                text25                             26F4     26F4      564         0
                text24                             5340     5340        A         0
                text23                             5336     5336        A         0
                text22                             50A8     50A8       26         0
                text21                             4BE8     4BE8       4C         0
                text20                             445C     445C       A8         0
                text19                             4B9C     4B9C       4C         0
                text18                             4E64     4E64       3C         0
                text17                             4B02     4B02       4E         0
                text16                             4CC6     4CC6       48         0
                text15                             4B50     4B50       4C         0
                text14                             47FE     47FE       7E         0
                text13                             4648     4648       9E         0
                text12                             3E48     3E48       FA         0
                text11                             4246     4246       B4         0
                text10                             4504     4504       A4         0
                text9                              50F4     50F4       24         0
                text8                              3294     3294      1E4         0
                text7                              38D8     38D8      122         0
                text6                              4C7E     4C7E       48         0
                text5                              40CE     40CE       BC         0
                text4                              4AB4     4AB4       4E         0
                text3                              4C34     4C34       4A         0
                text2                              4FDA     4FDA       2A         0
                text1                              2C58     2C58      434         0
                text0                              3C2C     3C2C      112         0
                cinit                              4DE4     4DE4       42         0

        CLASS   CONST          

        CLASS   SMALLCONST     
                smallconst                          600      600       6E         0

        CLASS   MEDIUMCONST    

        CLASS   COMRAM         
                cstackCOMRAM                          1        1       45         1
                bssCOMRAM                            46       46        D         1

        CLASS   ABS1           

        CLASS   BIGRAM         
                bssBIGRAM                           194      194      3C0         1

        CLASS   RAM            

        CLASS   BANK0          
                cstackBANK0                          60       60       49         1
                bssBANK0                             A9       A9       31         1

        CLASS   BANK1          
                cstackBANK1                         15F      15F       34         1
                bssBANK1                            100      100       5F         1
                nvBANK1                             193      193        1         1

        CLASS   BANK2          

        CLASS   BANK3          

        CLASS   BANK4          

        CLASS   BANK5          

        CLASS   SFR            

        CLASS   FARRAM         

        CLASS   CONFIG         
                config                           300000   300000        E         0

        CLASS   IDLOC          
                idloc                            200000   200000        8         0

        CLASS   EEDATA         



SEGMENTS        Name                           Load    Length   Top    Selector   Space  Class

                reset_vec                      000000  000006  000006         0       0  CODE    
                cstackCOMRAM                   000001  000052  000053         1       1  COMRAM  
                intcodelo                      000018  0002A6  0002BE         C       0  CODE    
                cstackBANK0                    000060  00007A  0000DA        60       1  BANK0   
                bssBANK1                       000100  000094  000194       100       1  BANK1   
                bssBIGRAM                      000194  0003C0  000554       194       1  BIGRAM  
                smallconst                     000600  00006E  00066E       300       0  SMALLCON
                text42                         00066E  004D24  005392       337       0  CODE    
                idloc                          200000  000008  200008    200000       0  IDLOC   
                config                         300000  00000E  30000E    300000       0  CONFIG  


UNUSED ADDRESS RANGES

        Name                Unused          Largest block    Delta
        BANK0            0000DA-0000FF               26
        BANK5            000554-0005EE               9B
        BIGRAM           000053-00005F                D
                         0000DA-0000FF               26
                         000554-0005EE               9B
        CODE             0002BE-0005FF              342
                         005392-007CFF             296E
        COMRAM           000053-00005F                D
        CONST            0002BE-0005FF              342
                         005392-007CFF             296E
        EEDATA           F00000-F000FF              100
        MEDIUMCONST      005392-007CFF             296E
        RAM              0000DA-0000FF               26
                         000554-0005EE               9B
        SFR              000D00-000F9B              100
                         000F9D-000FD3               37
                         000FD5-000FDA                6
                         000FE0-000FE2                3
                         000FE8-000FEA                3
                         000FF0-000FFB                C
        SMALLCONST       005392-007CFF              100

                                  Symbol Table

?_Celsius2Fahrenheit                     cstackBANK0  000077
?_Celsius2Kelvin                         cstackBANK0  000077
?_ECANReceiveMessage                     cstackCOMRAM 000015
?_ECANSendMessage                        cstackCOMRAM 000018
?_OpenADC                                cstackCOMRAM 00000E
?_WriteTimer0                            cstackCOMRAM 00000E
?__CANIDToRegs                           cstackCOMRAM 00000E
?__ECANPointBuffer                       cstackCOMRAM 00000E
?__RegsToCANID                           cstackCOMRAM 00000E
?___aldiv                                cstackBANK0  00006E
?___altofl                               cstackBANK0  00007C
?___asfladd                              cstackBANK0  000077
?___asfldiv                              cstackCOMRAM 000034
?___asflmul                              cstackCOMRAM 000042
?___asflsub                              cstackBANK0  00007F
?___awtofl                               cstackCOMRAM 000018
?___fladd                                cstackBANK0  000068
?___fldiv                                cstackCOMRAM 00001E
?___flge                                 cstackCOMRAM 00000E
?___flmul                                cstackBANK0  000060
?___flneg                                cstackCOMRAM 00000E
?___flpack                               cstackCOMRAM 00000E
?___flsub                                cstackBANK0  000077
?___fltol                                cstackCOMRAM 000042
?___lbmod                                cstackCOMRAM 00000E
?___lwtofl                               cstackCOMRAM 00001A
?___wmul                                 cstackCOMRAM 00000E
?_eval_poly                              cstackBANK0  000077
?_exp                                    cstackBANK0  00008C
?_floor                                  cstackBANK0  000081
?_frexp                                  cstackCOMRAM 00000E
?_getCANFrame                            cstackCOMRAM 000020
?_getCalibrationValue                    cstackCOMRAM 00001A
?_getVSCPFrame                           cstackCOMRAM 000024
?_ldexp                                  cstackBANK0  000083
?_log                                    cstackBANK0  000083
?_readEEPROM                             cstackCOMRAM 000016
?_sendCANFrame                           cstackCOMRAM 00003C
?_sendVSCPFrame                          cstackBANK0  000060
?_setEventData                           cstackBANK0  00007B
?_vscp_getFamilyCode                     cstackCOMRAM 00000E
?_vscp_getFamilyType                     cstackCOMRAM 00000E
?_vscp_sendHeartBeat                     cstackCOMRAM 000044
?_vscp_setGUID                           cstackCOMRAM 000011
?_vscp_setManufacturerId                 cstackCOMRAM 000011
?_vscp_setUserID                         cstackCOMRAM 000011
?_vscp_writeAppReg                       cstackCOMRAM 000023
?_vscp_writeRegister                     cstackCOMRAM 000027
?_vscp_writeStdReg                       cstackCOMRAM 00001B
?_writeEEPROM                            cstackCOMRAM 00000E
?i1_WriteTimer0                          cstackCOMRAM 000001
Celsius2Fahrenheit@tc                    cstackBANK0  000077
Celsius2Kelvin@tc                        cstackBANK0  000077
ECANReceiveMessage@data                  cstackCOMRAM 000015
ECANReceiveMessage@dataLen               cstackCOMRAM 000016
ECANReceiveMessage@i                     cstackCOMRAM 00001B
ECANReceiveMessage@id                    cstackCOMRAM 00001A
ECANReceiveMessage@mode                  cstackCOMRAM 00001C
ECANReceiveMessage@msgFlags              cstackCOMRAM 000017
ECANReceiveMessage@ptr                   cstackCOMRAM 00001E
ECANReceiveMessage@savedPtr              cstackCOMRAM 000018
ECANReceiveMessage@temp                  cstackCOMRAM 00001D
ECANSendMessage@buffers                  cstackCOMRAM 000033
ECANSendMessage@data                     cstackCOMRAM 00001C
ECANSendMessage@dataLen                  cstackCOMRAM 00001D
ECANSendMessage@i                        cstackCOMRAM 000039
ECANSendMessage@id                       cstackCOMRAM 000018
ECANSendMessage@j                        cstackCOMRAM 000034
ECANSendMessage@mode                     cstackCOMRAM 000032
ECANSendMessage@msgFlags                 cstackCOMRAM 00001E
ECANSendMessage@pb                       cstackCOMRAM 000020
ECANSendMessage@ptr                      cstackCOMRAM 00003A
ECANSendMessage@temp                     cstackCOMRAM 000038
ECANSendMessage@tempBSEL0                cstackCOMRAM 000035
ECANSendMessage@tempPtr                  cstackCOMRAM 000036
ECANSetOperationMode@mode                cstackCOMRAM 00000E
OpenADC@config                           cstackCOMRAM 000012
OpenADC@config2                          cstackCOMRAM 00000E
OpenADC@portconfig                       cstackCOMRAM 00000F
OpenTimer0@config                        cstackCOMRAM 00000E
PL10                                     text25       002B72
PL12                                     text25       002B80
PL14                                     text74       003BD8
PL16                                     text25       002B96
PL18                                     text79       003ABE
PL2                                      text25       002B14
PL20                                     text25       002BA6
PL22                                     text74       003BEC
PL24                                     text33       0020E8
PL26                                     text74       003BFC
PL28                                     text25       002BC0
PL30                                     text25       002BD8
PL32                                     text92       004DD6
PL34                                     text46       0035F6
PL36                                     text79       003ACC
PL38                                     text11       0042E6
PL4                                      text25       002B2C
PL40                                     text33       002100
PL42                                     text79       003AE0
PL44                                     text79       003AF2
PL46                                     text74       003C0E
PL48                                     text25       002BEE
PL50                                     text79       003B06
PL52                                     text25       002C00
PL54                                     text31       0038C6
PL56                                     text1        00307A
PL58                                     text44       004F6E
PL6                                      text25       002B48
PL60                                     text25       002C12
PL62                                     text97       003FEC
PL64                                     text42       001358
PL66                                     text78       003286
PL68                                     text25       002C22
PL70                                     text28       0048E8
PL72                                     text97       003FFC
PL74                                     text33       002114
PL76                                     text25       002C30
PL78                                     text25       002C3E
PL8                                      text25       002B56
PL80                                     text74       003C22
PL82                                     text46       00360A
PL84                                     text96       00423A
PL86                                     text25       002C4C
PL88                                     text25       002C52
PL90                                     text33       002122
WriteTimer0@timer                        cstackCOMRAM 000010
WriteTimer0@timer0                       cstackCOMRAM 00000E
_ADCON0                                  (abs)        000FC2
_ADCON0bits                              (abs)        000FC2
_ADCON1                                  (abs)        000FC1
_ADCON2                                  (abs)        000FC0
_ADRESH                                  (abs)        000FC4
_ADRESL                                  (abs)        000FC3
_B0CON                                   (abs)        000E20
_B0RXFUL                                 (abs)        007107
_B0TXEN                                  (abs)        006FC2
_B1CON                                   (abs)        000E30
_B1RXFUL                                 (abs)        007187
_B1TXEN                                  (abs)        006FC3
_B2CON                                   (abs)        000E40
_B2RXFUL                                 (abs)        007207
_B2TXEN                                  (abs)        006FC4
_B3CON                                   (abs)        000E50
_B3RXFUL                                 (abs)        007287
_B3TXEN                                  (abs)        006FC5
_B4CON                                   (abs)        000E60
_B4RXFUL                                 (abs)        007307
_B4TXEN                                  (abs)        006FC6
_B5CON                                   (abs)        000E70
_B5RXFUL                                 (abs)        007387
_B5TXEN                                  (abs)        006FC7
_BRGCON1                                 (abs)        000F70
_BRGCON2                                 (abs)        000F71
_BRGCON3                                 (abs)        000F72
_BSEL0                                   (abs)        000DF8
_CANCON                                  (abs)        000F6F
_CIOCON                                  (abs)        000F73
_Celsius2Fahrenheit                      text30       0049E4
_Celsius2Kelvin                          text32       004F16
_ConvertADC                              text93       00537E
_ECANCON                                 (abs)        000F77
_ECANInitialize                          text88       0046E6
_ECANReceiveMessage                      text78       00308C
_ECANSendMessage                         text73       003616
_ECANSetOperationMode                    text89       005274
_EEADR                                   (abs)        000FA9
_EECON1bits                              (abs)        000FA6
_EECON2                                  (abs)        000FA7
_EEDATA                                  (abs)        000FA8
_FIFOEMPTY                               (abs)        007BA7
_INTCONbits                              (abs)        000FF2
_IRXIF                                   (abs)        007D27
_MDSEL0                                  (abs)        007BBE
_MDSEL1                                  (abs)        007BBF
_MSEL0                                   (abs)        000DF0
_MSEL1                                   (abs)        000DF1
_MSEL2                                   (abs)        000DF2
_OpenADC                                 text90       004A58
_OpenTimer0                              text91       0051C2
_PIE1bits                                (abs)        000F9D
_PIR1bits                                (abs)        000F9E
_PIR2bits                                (abs)        000FA1
_PORTC                                   (abs)        000F82
_RXB0CON                                 (abs)        000F60
_RXB0FILHIT0                             (abs)        007B00
_RXB0FUL                                 (abs)        007B07
_RXB0IF                                  (abs)        007D20
_RXB0OVFL                                (abs)        007BA7
_RXB1CON                                 (abs)        000F50
_RXB1CONbits                             (abs)        000F50
_RXB1IF                                  (abs)        007D21
_RXB1OVFL                                (abs)        007BA6
_RXF0EIDH                                (abs)        000F02
_RXF0EIDL                                (abs)        000F03
_RXF0SIDH                                (abs)        000F00
_RXF0SIDL                                (abs)        000F01
_RXF1EIDH                                (abs)        000F06
_RXF1EIDL                                (abs)        000F07
_RXF1SIDH                                (abs)        000F04
_RXF1SIDL                                (abs)        000F05
_RXFBCON0                                (abs)        000DE0
_RXFBCON1                                (abs)        000DE1
_RXFBCON2                                (abs)        000DE2
_RXFBCON3                                (abs)        000DE3
_RXFBCON4                                (abs)        000DE4
_RXFBCON5                                (abs)        000DE5
_RXFBCON6                                (abs)        000DE6
_RXFBCON7                                (abs)        000DE7
_RXFCON0                                 (abs)        000DD4
_RXFCON1                                 (abs)        000DD5
_RXM0EIDH                                (abs)        000F1A
_RXM0EIDL                                (abs)        000F1B
_RXM0EXIDM                               (abs)        0078CB
_RXM0SIDH                                (abs)        000F18
_RXM0SIDL                                (abs)        000F19
_RXM1EIDH                                (abs)        000F1E
_RXM1EIDL                                (abs)        000F1F
_RXM1EXIDEN                              (abs)        0078EB
_RXM1SIDH                                (abs)        000F1C
_RXM1SIDL                                (abs)        000F1D
_T0CON                                   (abs)        000FD5
_T0CONbits                               (abs)        000FD5
_TMR0H                                   (abs)        000FD7
_TMR0L                                   (abs)        000FD6
_TRISA                                   (abs)        000F92
_TRISB                                   (abs)        000F93
_TRISC                                   (abs)        000F94
_TXB0CON                                 (abs)        000F40
_TXB1CON                                 (abs)        000F30
_TXB2CON                                 (abs)        000F20
_WriteTimer0                             text94       005312
__CANIDToRegs                            text74       003B18
__CANIDToRegs@Value                      cstackCOMRAM 000017
__CANIDToRegs@ptr                        cstackCOMRAM 00000E
__CANIDToRegs@type                       cstackCOMRAM 000014
__CANIDToRegs@val                        cstackCOMRAM 000010
__CFG_BOREN$BOACTIVE                     (abs)        000000
__CFG_BORV$3                             (abs)        000000
__CFG_CPB$OFF                            (abs)        000000
__CFG_EBTR0$OFF                          (abs)        000000
__CFG_EBTR1$OFF                          (abs)        000000
__CFG_EBTR2$OFF                          (abs)        000000
__CFG_EBTR3$OFF                          (abs)        000000
__CFG_EBTRB$OFF                          (abs)        000000
__CFG_LVP$OFF                            (abs)        000000
__CFG_OSC$HSPLL                          (abs)        000000
__CFG_PWRT$ON                            (abs)        000000
__CFG_STVREN$ON                          (abs)        000000
__CFG_WDT$OFF                            (abs)        000000
__CFG_WRTD$OFF                           (abs)        000000
__ECANPointBuffer                        text80       00496E
__ECANPointBuffer@b                      cstackCOMRAM 000011
__ECANPointBuffer@pt                     cstackCOMRAM 000012
__ECANRxFilterHitInfo                    bssCOMRAM    000048
__HRAM                                   (abs)        000000
__Habs1                                  abs1         000000
__Hbank0                                 bank0        000000
__Hbank1                                 bank1        000000
__Hbank2                                 bank2        000000
__Hbank3                                 bank3        000000
__Hbank4                                 bank4        000000
__Hbank5                                 bank5        000000
__Hbigbss                                bigbss       000000
__Hbigdata                               bigdata      000000
__Hbigram                                bigram       000000
__Hbss                                   bss          000000
__HbssBANK0                              bssBANK0     000000
__HbssBANK1                              bssBANK1     000000
__HbssBIGRAM                             bssBIGRAM    000000
__HbssCOMRAM                             bssCOMRAM    000000
__Hcinit                                 cinit        000000
__Hclrtext                               clrtext      000000
__Hcomram                                comram       000000
__Hconfig                                config       30000E
__Hconst                                 const        000000
__HcstackBANK0                           cstackBANK0  000000
__HcstackBANK1                           cstackBANK1  000000
__HcstackCOMRAM                          cstackCOMRAM 000000
__Hdata                                  data         000000
__Heeprom_data                           eeprom_data  000000
__Hend_init                              end_init     0002BE
__Hfarbss                                farbss       000000
__Hfardata                               fardata      000000
__Hibigdata                              ibigdata     000000
__Hidata                                 idata        000000
__Hidloc                                 idloc        200008
__Hifardata                              ifardata     000000
__Hinit                                  init         0002BA
__Hintcode                               intcode      000006
__Hintcode_body                          intcode_body 000000
__Hintcodelo                             intcodelo    0002BA
__Hintentry                              intentry     000000
__Hintret                                intret       000000
__Hintsave_regs                          intsave_regs 000000
__Hirdata                                irdata       000000
__Hmediumconst                           mediumconst  000000
__HnvBANK1                               nvBANK1      000000
__HnvFARRAM                              nvFARRAM     000000
__Hnvbit                                 nvbit        000000
__Hnvrram                                nvrram       000000
__Hpa_nodes                              pa_nodes     000000
__Hparam                                 rparam       000000
__Hpowerup                               powerup      0002BA
__Hram                                   ram          000000
__Hramtop                                ramtop       000600
__Hrbit                                  rbit         000000
__Hrbss                                  rbss         000000
__Hrdata                                 rdata        000000
__Hreset_vec                             reset_vec    000006
__Hrparam                                rparam       000000
__Hsfr                                   sfr          000000
__Hsmallconst                            smallconst   00066E
__Hstruct                                struct       000000
__Htemp                                  temp         000000
__Htext                                  text         000000
__Htext0                                 text0        000000
__Htext1                                 text1        000000
__Htext10                                text10       000000
__Htext100                               text100      000000
__Htext101                               text101      000000
__Htext102                               text102      000000
__Htext11                                text11       000000
__Htext12                                text12       000000
__Htext13                                text13       000000
__Htext14                                text14       000000
__Htext15                                text15       000000
__Htext16                                text16       000000
__Htext17                                text17       000000
__Htext18                                text18       000000
__Htext19                                text19       000000
__Htext2                                 text2        000000
__Htext20                                text20       000000
__Htext21                                text21       000000
__Htext22                                text22       000000
__Htext23                                text23       000000
__Htext24                                text24       000000
__Htext25                                text25       000000
__Htext26                                text26       000000
__Htext27                                text27       000000
__Htext28                                text28       000000
__Htext29                                text29       000000
__Htext3                                 text3        000000
__Htext30                                text30       000000
__Htext31                                text31       000000
__Htext32                                text32       000000
__Htext33                                text33       000000
__Htext34                                text34       000000
__Htext35                                text35       000000
__Htext36                                text36       000000
__Htext37                                text37       000000
__Htext38                                text38       000000
__Htext39                                text39       000000
__Htext4                                 text4        000000
__Htext40                                text40       000000
__Htext41                                text41       000000
__Htext42                                text42       000000
__Htext43                                text43       000000
__Htext44                                text44       000000
__Htext45                                text45       000000
__Htext46                                text46       000000
__Htext47                                text47       000000
__Htext48                                text48       000000
__Htext49                                text49       000000
__Htext5                                 text5        000000
__Htext50                                text50       000000
__Htext51                                text51       000000
__Htext52                                text52       000000
__Htext53                                text53       000000
__Htext54                                text54       000000
__Htext55                                text55       000000
__Htext56                                text56       000000
__Htext57                                text57       000000
__Htext58                                text58       000000
__Htext59                                text59       000000
__Htext6                                 text6        000000
__Htext60                                text60       000000
__Htext61                                text61       000000
__Htext62                                text62       000000
__Htext63                                text63       000000
__Htext64                                text64       000000
__Htext65                                text65       000000
__Htext66                                text66       000000
__Htext67                                text67       000000
__Htext68                                text68       000000
__Htext69                                text69       000000
__Htext7                                 text7        000000
__Htext70                                text70       000000
__Htext71                                text71       000000
__Htext72                                text72       000000
__Htext73                                text73       000000
__Htext74                                text74       000000
__Htext75                                text75       000000
__Htext76                                text76       000000
__Htext77                                text77       000000
__Htext78                                text78       000000
__Htext79                                text79       000000
__Htext8                                 text8        000000
__Htext80                                text80       000000
__Htext81                                text81       000000
__Htext82                                text82       000000
__Htext83                                text83       000000
__Htext84                                text84       000000
__Htext85                                text85       000000
__Htext86                                text86       000000
__Htext87                                text87       000000
__Htext88                                text88       000000
__Htext89                                text89       000000
__Htext9                                 text9        000000
__Htext90                                text90       000000
__Htext91                                text91       000000
__Htext92                                text92       000000
__Htext93                                text93       000000
__Htext94                                text94       000000
__Htext95                                text95       000000
__Htext96                                text96       000000
__Htext97                                text97       000000
__Htext98                                text98       000000
__IT_INT_MASK                            bssBANK0     0000B5
__IT_SAVE_BSR                            bssBANK1     000114
__IT_SAVE_STATUS                         bssBANK1     000115
__IT_SAVE_WREG                           bssBANK1     000116
__LRAM                                   (abs)        000001
__Labs1                                  abs1         000000
__Lbank0                                 bank0        000000
__Lbank1                                 bank1        000000
__Lbank2                                 bank2        000000
__Lbank3                                 bank3        000000
__Lbank4                                 bank4        000000
__Lbank5                                 bank5        000000
__Lbigbss                                bigbss       000000
__Lbigdata                               bigdata      000000
__Lbigram                                bigram       000000
__Lbss                                   bss          000000
__LbssBANK0                              bssBANK0     000000
__LbssBANK1                              bssBANK1     000000
__LbssBIGRAM                             bssBIGRAM    000000
__LbssCOMRAM                             bssCOMRAM    000000
__Lcinit                                 cinit        000000
__Lclrtext                               clrtext      000000
__Lcomram                                comram       000000
__Lconfig                                config       300000
__Lconst                                 const        000000
__LcstackBANK0                           cstackBANK0  000000
__LcstackBANK1                           cstackBANK1  000000
__LcstackCOMRAM                          cstackCOMRAM 000000
__Ldata                                  data         000000
__Leeprom_data                           eeprom_data  000000
__Lend_init                              end_init     0002BA
__Lfarbss                                farbss       000000
__Lfardata                               fardata      000000
__Libigdata                              ibigdata     000000
__Lidata                                 idata        000000
__Lidloc                                 idloc        200000
__Lifardata                              ifardata     000000
__Linit                                  init         0002BA
__Lintcode                               intcode      000006
__Lintcode_body                          intcode_body 000000
__Lintcodelo                             intcodelo    000018
__Lintentry                              intentry     000000
__Lintret                                intret       000000
__Lintsave_regs                          intsave_regs 000000
__Lirdata                                irdata       000000
__Lmediumconst                           mediumconst  000000
__LnvBANK1                               nvBANK1      000000
__LnvFARRAM                              nvFARRAM     000000
__Lnvbit                                 nvbit        000000
__Lnvrram                                nvrram       000000
__Lpa_nodes                              pa_nodes     000000
__Lparam                                 rparam       000000
__Lpowerup                               powerup      0002BA
__Lram                                   ram          000000
__Lramtop                                ramtop       000600
__Lrbit                                  rbit         000000
__Lrbss                                  rbss         000000
__Lrdata                                 rdata        000000
__Lreset_vec                             reset_vec    000000
__Lrparam                                rparam       000000
__Lsfr                                   sfr          000000
__Lsmallconst                            smallconst   000600
__Lstruct                                struct       000000
__Ltemp                                  temp         000000
__Ltext                                  text         000000
__Ltext0                                 text0        000000
__Ltext1                                 text1        000000
__Ltext10                                text10       000000
__Ltext100                               text100      000000
__Ltext101                               text101      000000
__Ltext102                               text102      000000
__Ltext11                                text11       000000
__Ltext12                                text12       000000
__Ltext13                                text13       000000
__Ltext14                                text14       000000
__Ltext15                                text15       000000
__Ltext16                                text16       000000
__Ltext17                                text17       000000
__Ltext18                                text18       000000
__Ltext19                                text19       000000
__Ltext2                                 text2        000000
__Ltext20                                text20       000000
__Ltext21                                text21       000000
__Ltext22                                text22       000000
__Ltext23                                text23       000000
__Ltext24                                text24       000000
__Ltext25                                text25       000000
__Ltext26                                text26       000000
__Ltext27                                text27       000000
__Ltext28                                text28       000000
__Ltext29                                text29       000000
__Ltext3                                 text3        000000
__Ltext30                                text30       000000
__Ltext31                                text31       000000
__Ltext32                                text32       000000
__Ltext33                                text33       000000
__Ltext34                                text34       000000
__Ltext35                                text35       000000
__Ltext36                                text36       000000
__Ltext37                                text37       000000
__Ltext38                                text38       000000
__Ltext39                                text39       000000
__Ltext4                                 text4        000000
__Ltext40                                text40       000000
__Ltext41                                text41       000000
__Ltext42                                text42       000000
__Ltext43                                text43       000000
__Ltext44                                text44       000000
__Ltext45                                text45       000000
__Ltext46                                text46       000000
__Ltext47                                text47       000000
__Ltext48                                text48       000000
__Ltext49                                text49       000000
__Ltext5                                 text5        000000
__Ltext50                                text50       000000
__Ltext51                                text51       000000
__Ltext52                                text52       000000
__Ltext53                                text53       000000
__Ltext54                                text54       000000
__Ltext55                                text55       000000
__Ltext56                                text56       000000
__Ltext57                                text57       000000
__Ltext58                                text58       000000
__Ltext59                                text59       000000
__Ltext6                                 text6        000000
__Ltext60                                text60       000000
__Ltext61                                text61       000000
__Ltext62                                text62       000000
__Ltext63                                text63       000000
__Ltext64                                text64       000000
__Ltext65                                text65       000000
__Ltext66                                text66       000000
__Ltext67                                text67       000000
__Ltext68                                text68       000000
__Ltext69                                text69       000000
__Ltext7                                 text7        000000
__Ltext70                                text70       000000
__Ltext71                                text71       000000
__Ltext72                                text72       000000
__Ltext73                                text73       000000
__Ltext74                                text74       000000
__Ltext75                                text75       000000
__Ltext76                                text76       000000
__Ltext77                                text77       000000
__Ltext78                                text78       000000
__Ltext79                                text79       000000
__Ltext8                                 text8        000000
__Ltext80                                text80       000000
__Ltext81                                text81       000000
__Ltext82                                text82       000000
__Ltext83                                text83       000000
__Ltext84                                text84       000000
__Ltext85                                text85       000000
__Ltext86                                text86       000000
__Ltext87                                text87       000000
__Ltext88                                text88       000000
__Ltext89                                text89       000000
__Ltext9                                 text9        000000
__Ltext90                                text90       000000
__Ltext91                                text91       000000
__Ltext92                                text92       000000
__Ltext93                                text93       000000
__Ltext94                                text94       000000
__Ltext95                                text95       000000
__Ltext96                                text96       000000
__Ltext97                                text97       000000
__Ltext98                                text98       000000
__RegsToCANID                            text79       0039FA
__RegsToCANID@Value                      cstackCOMRAM 000014
__RegsToCANID@ptr                        cstackCOMRAM 00000E
__RegsToCANID@type                       cstackCOMRAM 000011
__RegsToCANID@val                        cstackCOMRAM 000010
__S0                                     (abs)        30000E
__S1                                     (abs)        000554
___DCByte                                bssBANK0     0000B6
___DCDelay                               nvBANK1      000193
___IT                                    (abs)        000101
___aldiv                                 text5        0040CE
___aldiv@counter                         cstackBANK0  000076
___aldiv@dividend                        cstackBANK0  00006E
___aldiv@divisor                         cstackBANK0  000072
___aldiv@quotient                        cstackBANK0  000078
___aldiv@sign                            cstackBANK0  000077
___altofl                                text16       004CC6
___altofl@c                              cstackBANK0  00007C
___altofl@sign                           cstackBANK0  000080
___asfladd                               text4        004AB4
___asfladd@f1p                           cstackBANK0  000077
___asfladd@f2                            cstackBANK0  000079
___asfldiv                               text3        004C34
___asfldiv@f1p                           cstackCOMRAM 000034
___asfldiv@f2                            cstackCOMRAM 000036
___asflmul                               text19       004B9C
___asflmul@mp                            cstackBANK0  000068
___asflmul@multiplicand                  cstackCOMRAM 000042
___asflsub                               text17       004B02
___asflsub@f1p                           cstackBANK0  00007F
___asflsub@f2                            cstackBANK0  000081
___awtofl                                text95       004EDC
___awtofl@c                              cstackCOMRAM 000018
___awtofl@sign                           cstackCOMRAM 00001D
___fladd                                 text31       00377C
___fladd@exp1                            cstackBANK0  000076
___fladd@exp2                            cstackBANK0  000075
___fladd@f1                              cstackBANK0  000068
___fladd@f2                              cstackBANK0  00006C
___fladd@sign                            cstackBANK0  000074
___fldiv                                 text20       00445C
___fldiv@cntr                            cstackCOMRAM 00002D
___fldiv@exp                             cstackCOMRAM 000032
___fldiv@f1                              cstackCOMRAM 00001E
___fldiv@f2                              cstackCOMRAM 000022
___fldiv@f3                              cstackCOMRAM 00002E
___fldiv@sign                            cstackCOMRAM 000033
___flge                                  text15       004B50
___flge@ff1                              cstackCOMRAM 00000E
___flge@ff2                              cstackCOMRAM 000012
___flmul                                 text97       003F42
___flmul@cntr                            cstackCOMRAM 000040
___flmul@exp                             cstackCOMRAM 00003B
___flmul@f1                              cstackBANK0  000060
___flmul@f2                              cstackBANK0  000064
___flmul@f3_as_product                   cstackCOMRAM 00003C
___flmul@sign                            cstackCOMRAM 000041
___flneg                                 text9        0050F4
___flneg@f1                              cstackCOMRAM 00000E
___flpack                                text96       00418A
___flpack@arg                            cstackCOMRAM 00000E
___flpack@exp                            cstackCOMRAM 000012
___flpack@sign                           cstackCOMRAM 000013
___flsub                                 text18       004E64
___flsub@f1                              cstackBANK0  000077
___flsub@f2                              cstackBANK0  00007B
___fltol                                 text13       004648
___fltol@exp1                            cstackBANK0  00006D
___fltol@f1                              cstackCOMRAM 000042
___fltol@sign1                           cstackBANK0  00006C
___lbmod                                 text34       005058
___lbmod@counter                         cstackCOMRAM 000010
___lbmod@dividend                        cstackCOMRAM 00000F
___lbmod@divisor                         cstackCOMRAM 00000E
___lbmod@rem                             cstackCOMRAM 000011
___lwtofl                                text2        004FDA
___lwtofl@c                              cstackCOMRAM 00001A
___wmul                                  text44       004F4C
___wmul@multiplicand                     cstackCOMRAM 000010
___wmul@multiplier                       cstackCOMRAM 00000E
___wmul@product                          cstackCOMRAM 000014
__accesstop                              (abs)        000060
__activetblptr                           (abs)        000002
__end_ofPL10                             text25       002B80
__end_ofPL12                             text25       002B96
__end_ofPL14                             text74       003BEC
__end_ofPL16                             text25       002BA6
__end_ofPL18                             text79       003ACC
__end_ofPL2                              text25       002B2C
__end_ofPL20                             text25       002BC0
__end_ofPL22                             text74       003BFC
__end_ofPL24                             text33       002100
__end_ofPL26                             text74       003C0E
__end_ofPL28                             text25       002BD8
__end_ofPL30                             text25       002BEE
__end_ofPL32                             text92       004DE4
__end_ofPL34                             text46       00360A
__end_ofPL36                             text79       003AE0
__end_ofPL38                             text11       0042FA
__end_ofPL4                              text25       002B48
__end_ofPL40                             text33       002114
__end_ofPL42                             text79       003AF2
__end_ofPL44                             text79       003B06
__end_ofPL46                             text74       003C22
__end_ofPL48                             text25       002C00
__end_ofPL50                             text79       003B18
__end_ofPL52                             text25       002C12
__end_ofPL54                             text31       0038D8
__end_ofPL56                             text1        00308C
__end_ofPL58                             text44       004F7E
__end_ofPL6                              text25       002B56
__end_ofPL60                             text25       002C22
__end_ofPL62                             text97       003FFC
__end_ofPL64                             text42       001368
__end_ofPL66                             text78       003294
__end_ofPL68                             text25       002C30
__end_ofPL70                             text28       0048F6
__end_ofPL72                             text97       00400A
__end_ofPL74                             text33       002122
__end_ofPL76                             text25       002C3E
__end_ofPL78                             text25       002C4C
__end_ofPL8                              text25       002B72
__end_ofPL80                             text74       003C2C
__end_ofPL82                             text46       003616
__end_ofPL84                             text96       004246
__end_ofPL86                             text25       002C52
__end_ofPL88                             text25       002C58
__end_ofPL90                             text33       00212C
__end_of_Celsius2Fahrenheit              text30       004A58
__end_of_Celsius2Kelvin                  text32       004F4C
__end_of_ConvertADC                      text93       005382
__end_of_ECANInitialize                  text88       00477C
__end_of_ECANReceiveMessage              text78       003286
__end_of_ECANSendMessage                 text73       00377C
__end_of_ECANSetOperationMode            text89       00528C
__end_of_OpenADC                         text90       004AB4
__end_of_OpenTimer0                      text91       0051E0
__end_of_WriteTimer0                     text94       005324
__end_of__CANIDToRegs                    text74       003BD8
__end_of__ECANPointBuffer                text80       0049E4
__end_of__RegsToCANID                    text79       003ABE
__end_of___aldiv                         text5        00418A
__end_of___altofl                        text16       004D0E
__end_of___asfladd                       text4        004B02
__end_of___asfldiv                       text3        004C7E
__end_of___asflmul                       text19       004BE8
__end_of___asflsub                       text17       004B50
__end_of___awtofl                        text95       004F16
__end_of___fladd                         text31       0038C6
__end_of___fldiv                         text20       004504
__end_of___flge                          text15       004B9C
__end_of___flmul                         text97       003FEC
__end_of___flneg                         text9        005118
__end_of___flpack                        text96       00423A
__end_of___flsub                         text18       004EA0
__end_of___fltol                         text13       0046E6
__end_of___lbmod                         text34       005080
__end_of___lwtofl                        text2        005004
__end_of___wmul                          text44       004F6E
__end_of__initialization                 cinit        004E1C
__end_of_doOneSecondWork                 text25       002B14
__end_of_doWork                          text1        00307A
__end_of_eval_poly                       text11       0042E6
__end_of_exp                             text8        003478
__end_of_floor                           text12       003F42
__end_of_frexp                           text14       00487C
__end_of_getCANFrame                     text77       004FDA
__end_of_getCalibrationValue             text6        004CC6
__end_of_getVSCPFrame                    text76       00496E
__end_of_handle_sync                     text27       0047FE
__end_of_init                            text87       004EDC
__end_of_init_app_eeprom                 text38       0026F4
__end_of_init_app_ram                    text92       004DD6
__end_of_interrupt_at_low_vector         intcodelo    0002BA
__end_of_ldexp                           text10       0045A8
__end_of_log                             text7        0039FA
__end_of_main                            text0        003D3E
__end_of_readEEPROM                      text63       0052DC
__end_of_sendCANFrame                    text72       004D9E
__end_of_sendTempEvent                   text28       0048E8
__end_of_sendVSCPFrame                   text71       0043AC
__end_of_setEventData                    text29       00445C
__end_of_vscp_check_pstorage             text81       005160
__end_of_vscp_deviceURL                  smallconst   000620
__end_of_vscp_doOneSecondWork            text21       004C34
__end_of_vscp_error                      text26       00537E
__end_of_vscp_getBootLoaderAlgorithm     text51       00538C
__end_of_vscp_getBufferSize              text50       00538A
__end_of_vscp_getEvent                   text75       005058
__end_of_vscp_getFamilyCode              text48       00535E
__end_of_vscp_getFamilyType              text47       005354
__end_of_vscp_getGUID                    text55       0052C8
__end_of_vscp_getMDF_URL                 text54       00525C
__end_of_vscp_getMajorVersion            text58       005392
__end_of_vscp_getManufacturerId          text52       0052A0
__end_of_vscp_getMatrixInfo              text67       005214
__end_of_vscp_getMinorVersion            text57       005390
__end_of_vscp_getRegisterPagesUsed       text49       005388
__end_of_vscp_getSegmentCRC              text84       005372
__end_of_vscp_getSubMinorVersion         text56       00538E
__end_of_vscp_getSubzone                 text23       005340
__end_of_vscp_getUserID                  text53       0052B4
__end_of_vscp_getZone                    text24       00534A
__end_of_vscp_goActiveState              text69       0051C2
__end_of_vscp_goBootloaderMode           text66       005274
__end_of_vscp_handleDropNickname         text60       004FAE
__end_of_vscp_handleHeartbeat            text65       004E64
__end_of_vscp_handleProbeState           text68       0040CE
__end_of_vscp_handleProtocolEvent        text33       0020E8
__end_of_vscp_handleSetNickname          text64       00513C
__end_of_vscp_init                       text61       004D56
__end_of_vscp_newNodeOnline              text59       00502E
__end_of_vscp_readAppReg                 text98       001B08
__end_of_vscp_readNicknamePermanent      text62       005368
__end_of_vscp_readRegister               text45       0051FA
__end_of_vscp_readStdReg                 text46       0035F6
__end_of_vscp_restoreDefaults            text37       00537A
__end_of_vscp_sendEvent                  text70       0050A8
__end_of_vscp_sendHeartBeat              text22       0050CE
__end_of_vscp_setControlByte             text82       0052EE
__end_of_vscp_setGUID                    text41       0051A4
__end_of_vscp_setManufacturerId          text39       00522C
__end_of_vscp_setSegmentCRC              text83       005300
__end_of_vscp_setUserID                  text40       005244
__end_of_vscp_writeAppReg                text42       001358
__end_of_vscp_writeNicknamePermanent     text85       005312
__end_of_vscp_writeRegister              text35       005182
__end_of_vscp_writeStdReg                text36       003E48
__end_of_writeCoeffs2Ram                 text43       004648
__end_of_writeEEPROM                     text86       0050F4
__end_ofexp@coeff                        smallconst   000648
__end_ofi1_ConvertADC                    text101      005386
__end_ofi1_WriteTimer0                   text100      005336
__end_oflog@coeff                        smallconst   00066C
__initialization                         cinit        004DE4
__mediumconst                            mediumconst  000000
__pbssBANK0                              bssBANK0     0000A9
__pbssBANK1                              bssBANK1     000100
__pbssBIGRAM                             bssBIGRAM    000194
__pbssCOMRAM                             bssCOMRAM    000046
__pcinit                                 cinit        004DE4
__pcstackBANK0                           cstackBANK0  000060
__pcstackBANK1                           cstackBANK1  00015F
__pcstackCOMRAM                          cstackCOMRAM 000001
__pintcodelo                             intcodelo    000018
__pnvBANK1                               nvBANK1      000193
__psmallconst                            smallconst   000600
__ptext0                                 text0        003C2C
__ptext1                                 text1        002C58
__ptext10                                text10       004504
__ptext100                               text100      005324
__ptext101                               text101      005382
__ptext102                               text102      000000
__ptext11                                text11       004246
__ptext12                                text12       003E48
__ptext13                                text13       004648
__ptext14                                text14       0047FE
__ptext15                                text15       004B50
__ptext16                                text16       004CC6
__ptext17                                text17       004B02
__ptext18                                text18       004E64
__ptext19                                text19       004B9C
__ptext2                                 text2        004FDA
__ptext20                                text20       00445C
__ptext21                                text21       004BE8
__ptext22                                text22       0050A8
__ptext23                                text23       005336
__ptext24                                text24       005340
__ptext25                                text25       0026F4
__ptext26                                text26       00537A
__ptext27                                text27       00477C
__ptext28                                text28       00487C
__ptext29                                text29       0043AC
__ptext3                                 text3        004C34
__ptext30                                text30       0049E4
__ptext31                                text31       00377C
__ptext32                                text32       004F16
__ptext33                                text33       001B08
__ptext34                                text34       005058
__ptext35                                text35       005160
__ptext36                                text36       003D3E
__ptext37                                text37       005372
__ptext38                                text38       00212C
__ptext39                                text39       005214
__ptext4                                 text4        004AB4
__ptext40                                text40       00522C
__ptext41                                text41       005182
__ptext42                                text42       00066E
__ptext43                                text43       0045A8
__ptext44                                text44       004F4C
__ptext45                                text45       0051E0
__ptext46                                text46       003478
__ptext47                                text47       00534A
__ptext48                                text48       005354
__ptext49                                text49       005386
__ptext5                                 text5        0040CE
__ptext50                                text50       005388
__ptext51                                text51       00538A
__ptext52                                text52       00528C
__ptext53                                text53       0052A0
__ptext54                                text54       005244
__ptext55                                text55       0052B4
__ptext56                                text56       00538C
__ptext57                                text57       00538E
__ptext58                                text58       005390
__ptext59                                text59       005004
__ptext6                                 text6        004C7E
__ptext60                                text60       004F7E
__ptext61                                text61       004D0E
__ptext62                                text62       00535E
__ptext63                                text63       0052C8
__ptext64                                text64       005118
[...]
 Defined at:
		line 32 in file "C:\Program Files (x86)\Microchip\xc8\v1.21\sources\common\awtofl.c"
 Parameters:    Size  Location     Type
  c               2   23[COMRAM] int 
 Auto vars:     Size  Location     Type
  f1              4    0        int 
  sign            1   28[COMRAM] unsigned char 
 Return value:  Size  Location     Type
                  4   23[COMRAM] unsigned char 
 Registers used:
		wreg, status,2, status,0, cstack
 Tracked objects:
		On entry : 
		On exit  : 
		Unchanged: 
 Data sizes:     COMRAM   BANK0   BANK1   BANK2   BANK3   BANK4   BANK5
      Params:         4       0       0       0       0       0       0
      Locals:         2       0       0       0       0       0       0
      Temps:          0       0       0       0       0       0       0
      Totals:         6       0       0       0       0       0       0
Total ram usage:        6 bytes
 Hardware stack levels used:    1
 Hardware stack levels required when called:    3
 This function calls:
		___flpack
 This function is called by:
		_setEventData
		_exp
		_log
 This function uses a non-reentrant model


 *************** function ___flpack *****************
 Defined at:
		line 64 in file "C:\Program Files (x86)\Microchip\xc8\v1.21\sources\common\double.c"
 Parameters:    Size  Location     Type
  arg             4   13[COMRAM] unsigned long 
  exp             1   17[COMRAM] unsigned char 
  sign            1   18[COMRAM] unsigned char 
 Auto vars:     Size  Location     Type
		None
 Return value:  Size  Location     Type
                  4   13[COMRAM] unsigned char 
 Registers used:
		wreg, status,2, status,0
 Tracked objects:
		On entry : 
		On exit  : 
		Unchanged: 
 Data sizes:     COMRAM   BANK0   BANK1   BANK2   BANK3   BANK4   BANK5
      Params:         6       0       0       0       0       0       0
      Locals:         0       0       0       0       0       0       0
      Temps:          4       0       0       0       0       0       0
      Totals:        10       0       0       0       0       0       0
Total ram usage:       10 bytes
 Hardware stack levels used:    1
 Hardware stack levels required when called:    2
 This function calls:
		Nothing
 This function is called by:
		___altofl
		___awtofl
		___fladd
		___fldiv
		___flmul
		___lwtofl
 This function uses a non-reentrant model


 *************** function ___flmul *****************
 Defined at:
		line 51 in file "C:\Program Files (x86)\Microchip\xc8\v1.21\sources\common\flmul.c"
 Parameters:    Size  Location     Type
  f1              4    0[BANK0 ] unsigned char 
  f2              4    4[BANK0 ] unsigned char 
 Auto vars:     Size  Location     Type
  f3_as_produc    4   59[COMRAM] unsigned long 
  sign            1   64[COMRAM] unsigned char 
  cntr            1   63[COMRAM] unsigned char 
  exp             1   58[COMRAM] unsigned char 
 Return value:  Size  Location     Type
                  4    0[BANK0 ] unsigned char 
 Registers used:
		wreg, status,2, status,0, cstack
 Tracked objects:
		On entry : 
		On exit  : 
		Unchanged: 
 Data sizes:     COMRAM   BANK0   BANK1   BANK2   BANK3   BANK4   BANK5
      Params:         0       8       0       0       0       0       0
      Locals:        14       0       0       0       0       0       0
      Temps:          0       0       0       0       0       0       0
      Totals:        14       8       0       0       0       0       0
Total ram usage:       22 bytes
 Hardware stack levels used:    1
 Hardware stack levels required when called:    3
 This function calls:
		___flpack
 This function is called by:
		_doWork
		_Celsius2Fahrenheit
		___asflmul
		_log
		_eval_poly
 This function uses a non-reentrant model


 *************** function _vscp_readAppReg *****************
 Defined at:
		line 1273 in file "../main.c"
 Parameters:    Size  Location     Type
  reg             1    wreg     unsigned char 
 Auto vars:     Size  Location     Type
  reg             1   26[COMRAM] unsigned char 
  pos             1   25[COMRAM] unsigned char 
  rv              1   27[COMRAM] unsigned char 
 Return value:  Size  Location     Type
                  1    wreg      unsigned char 
 Registers used:
		wreg, fsr2l, fsr2h, status,2, status,0, cstack
 Tracked objects:
		On entry : 
		On exit  : 
		Unchanged: 
 Data sizes:     COMRAM   BANK0   BANK1   BANK2   BANK3   BANK4   BANK5
      Params:         0       0       0       0       0       0       0
      Locals:         3       0       0       0       0       0       0
      Temps:          0       0       0       0       0       0       0
      Totals:         3       0       0       0       0       0       0
Total ram usage:        3 bytes
 Hardware stack levels used:    1
 Hardware stack levels required when called:    3
 This function calls:
		_readEEPROM
 This function is called by:
		_vscp_readRegister
		_vscp_handleProtocolEvent
 This function uses a non-reentrant model


 *************** function _interrupt_at_low_vector *****************
 Defined at:
		line 134 in file "../main.c"
 Parameters:    Size  Location     Type
		None
 Auto vars:     Size  Location     Type
		None
 Return value:  Size  Location     Type
		None               void
 Registers used:
		wreg, fsr2l, fsr2h, status,2, status,0, prodl, prodh, cstack
 Tracked objects:
		On entry : 
		On exit  : 
		Unchanged: 
 Data sizes:     COMRAM   BANK0   BANK1   BANK2   BANK3   BANK4   BANK5
      Params:         0       0       0       0       0       0       0
      Locals:         0       0       0       0       0       0       0
      Temps:          9       0       0       0       0       0       0
      Totals:         9       0       0       0       0       0       0
Total ram usage:        9 bytes
 Hardware stack levels used:    1
 Hardware stack levels required when called:    1
 This function calls:
		i1_ConvertADC
		i1_WriteTimer0
 This function is called by:
		Interrupt level 1
 This function uses a non-reentrant model


 *************** function i1_WriteTimer0 *****************
 Defined at:
		line 17 in file "C:\Program Files (x86)\Microchip\xc8\v1.21\sources\pic18\plib\Timers\t0write.c"
 Parameters:    Size  Location     Type
  timer0          2    0[COMRAM] unsigned int 
 Auto vars:     Size  Location     Type
  WriteTimer0     2    2[COMRAM] struct Timers
 Return value:  Size  Location     Type
		None               void
 Registers used:
		None
 Tracked objects:
		On entry : 
		On exit  : 
		Unchanged: 
 Data sizes:     COMRAM   BANK0   BANK1   BANK2   BANK3   BANK4   BANK5
      Params:         2       0       0       0       0       0       0
      Locals:         2       0       0       0       0       0       0
      Temps:          0       0       0       0       0       0       0
      Totals:         4       0       0       0       0       0       0
Total ram usage:        4 bytes
 Hardware stack levels used:    1
 This function calls:
		Nothing
 This function is called by:
		_interrupt_at_low_vector
 This function uses a non-reentrant model


 *************** function i1_ConvertADC *****************
 Defined at:
		line 23 in file "C:\Program Files (x86)\Microchip\xc8\v1.21\sources\pic18\plib\ADC\adcconv.c"
 Parameters:    Size  Location     Type
		None
 Auto vars:     Size  Location     Type
		None
 Return value:  Size  Location     Type
		None               void
 Registers used:
		None
 Tracked objects:
		On entry : 
		On exit  : 
		Unchanged: 
 Data sizes:     COMRAM   BANK0   BANK1   BANK2   BANK3   BANK4   BANK5
      Params:         0       0       0       0       0       0       0
      Locals:         0       0       0       0       0       0       0
      Temps:          0       0       0       0       0       0       0
      Totals:         0       0       0       0       0       0       0
Total ram usage:        0 bytes
 Hardware stack levels used:    1
 This function calls:
		Nothing
 This function is called by:
		_interrupt_at_low_vector
 This function uses a non-reentrant model



MODULE INFORMATION

Module		Function		Class		Link	Load	Size
C:\Program Files (x86)\Microchip\xc8\v1.21\sources\common\altofl.c
		___altofl      		CODE           	4CC6	0000	72

C:\Program Files (x86)\Microchip\xc8\v1.21\sources\common\altofl.c estimated size: 72

C:\Program Files (x86)\Microchip\xc8\v1.21\sources\pic18\asfladd.c
		___asfladd     		CODE           	4AB4	0000	78

C:\Program Files (x86)\Microchip\xc8\v1.21\sources\pic18\asfladd.c estimated size: 78

../main.c
		_vscp_getBootLo		CODE           	538A	0000	2
		_vscp_getZone  		CODE           	5340	0000	10
		_init          		CODE           	4EA0	0000	60
		_vscp_setManufa		CODE           	5214	0000	24
		_vscp_setGUID  		CODE           	5182	0000	34
		_sendTempEvent 		CODE           	487C	0000	108
		_getVSCPFrame  		CODE           	48F6	0000	120
		_vscp_setContro		CODE           	52DC	0000	18
		_vscp_getUserID		CODE           	52A0	0000	20
		_setEventData  		CODE           	43AC	0000	176
		_doWork        		CODE           	2C58	0000	1058
		_vscp_getSegmen		CODE           	5368	0000	10
		_getCalibration		CODE           	4C7E	0000	72
		_vscp_restoreDe		CODE           	5372	0000	8
		_vscp_readAppRe		CODE           	1368	0000	1952
		_vscp_getFamily		CODE           	5354	0000	10
		_vscp_setUserID		CODE           	522C	0000	24
		_getCANFrame   		CODE           	4FAE	0000	44
		_main          		CODE           	3C2C	0000	274
		_handle_sync   		CODE           	477C	0000	130
		_vscp_getRegist		CODE           	5386	0000	2
		_vscp_setSegmen		CODE           	52EE	0000	18
		_doOneSecondWor		CODE           	26F4	0000	1056
		_sendVSCPFrame 		CODE           	42FA	0000	178
		_vscp_getMDF_UR		CODE           	5244	0000	24
		_init_app_eepro		CODE           	212C	0000	1480
		_sendCANFrame  		CODE           	4D56	0000	72
		_vscp_writeAppR		CODE           	066E	0000	3306
		_vscp_getFamily		CODE           	534A	0000	10
		_vscp_getBuffer		CODE           	5388	0000	2
		_vscp_getSubzon		CODE           	5336	0000	10
		_vscp_getMatrix		CODE           	51FA	0000	26
		_vscp_goBootloa		CODE           	525C	0000	24
		_writeCoeffs2Ra		CODE           	45A8	0000	160
		_vscp_readNickn		CODE           	535E	0000	10
		_interrupt_at_l		CODE           	0018	0000	674
		_vscp_getMajorV		CODE           	5390	0000	2
		_vscp_getMinorV		CODE           	538E	0000	2
		_vscp_writeNick		CODE           	5300	0000	18
		_init_app_ram  		CODE           	4D9E	0000	56
		_vscp_getManufa		CODE           	528C	0000	20
		_vscp_getSubMin		CODE           	538C	0000	2
		_vscp_getGUID  		CODE           	52B4	0000	20

../main.c estimated size: 11326

C:\Program Files (x86)\Microchip\xc8\v1.21\sources\common\awtofl.c
		___awtofl      		CODE           	4EDC	0000	58

C:\Program Files (x86)\Microchip\xc8\v1.21\sources\common\awtofl.c estimated size: 58

C:\Program Files (x86)\Microchip\xc8\v1.21\sources\pic18\plib\Timers\t0write.c
		_WriteTimer0   		CODE           	5312	0000	18

C:\Program Files (x86)\Microchip\xc8\v1.21\sources\pic18\plib\Timers\t0write.c estimated size: 18

C:\Program Files (x86)\Microchip\xc8\v1.21\sources\common\flge.c
		___flge        		CODE           	4B50	0000	76

C:\Program Files (x86)\Microchip\xc8\v1.21\sources\common\flge.c estimated size: 76

../../vscp_firmware/pic/common/eeprom.c
		_readEEPROM    		CODE           	52C8	0000	20
		_writeEEPROM   		CODE           	50CE	0000	38

../../vscp_firmware/pic/common/eeprom.c estimated size: 58

C:\Program Files (x86)\Microchip\xc8\v1.21\sources\common\frexp.c
		_ldexp         		CODE           	4504	0000	164
		_frexp         		CODE           	47FE	0000	126

C:\Program Files (x86)\Microchip\xc8\v1.21\sources\common\frexp.c estimated size: 290

C:\Program Files (x86)\Microchip\xc8\v1.21\sources\common\wmul.c
		___wmul        		CODE           	4F4C	0000	34

C:\Program Files (x86)\Microchip\xc8\v1.21\sources\common\wmul.c estimated size: 34

C:\Program Files (x86)\Microchip\xc8\v1.21\sources\common\exp.c
		_exp           		CODE           	3294	0000	484

C:\Program Files (x86)\Microchip\xc8\v1.21\sources\common\exp.c estimated size: 484

C:\Program Files (x86)\Microchip\xc8\v1.21\sources\common\evalpoly.c
		_eval_poly     		CODE           	4246	0000	160

C:\Program Files (x86)\Microchip\xc8\v1.21\sources\common\evalpoly.c estimated size: 160

C:\Program Files (x86)\Microchip\xc8\v1.21\sources\common\lwtofl.c
		___lwtofl      		CODE           	4FDA	0000	42

C:\Program Files (x86)\Microchip\xc8\v1.21\sources\common\lwtofl.c estimated size: 42

C:\Program Files (x86)\Microchip\xc8\v1.21\sources\pic18\plib\ADC\adcopen.c
		_OpenADC       		CODE           	4A58	0000	92

C:\Program Files (x86)\Microchip\xc8\v1.21\sources\pic18\plib\ADC\adcopen.c estimated size: 92

C:\Program Files (x86)\Microchip\xc8\v1.21\sources\common\log.c
		_log           		CODE           	38D8	0000	290

C:\Program Files (x86)\Microchip\xc8\v1.21\sources\common\log.c estimated size: 290

../ECAN.c
		_ECANReceiveMes		CODE           	308C	0000	506
		__RegsToCANID  		CODE           	39FA	0000	196
		__ECANPointBuff		CODE           	496E	0000	118
		_ECANInitialize		CODE           	46E6	0000	150
		__CANIDToRegs  		CODE           	3B18	0000	192
		_ECANSetOperati		CODE           	5274	0000	24
		_ECANSendMessag		CODE           	3616	0000	358

../ECAN.c estimated size: 1544

shared
		PL12           		CODE           	2B80	0000	22
		PL50           		CODE           	3B06	0000	18
		PL8            		CODE           	2B56	0000	28
		PL22           		CODE           	3BEC	0000	16
		PL60           		CODE           	2C12	0000	16
		PL32           		CODE           	4DD6	0000	14
		PL70           		CODE           	48E8	0000	14
		PL42           		CODE           	3AE0	0000	18
		PL80           		CODE           	3C22	0000	10
		exp@coeff      		SMALLCONST     	0620	0000	40
		PL14           		CODE           	3BD8	0000	20
		PL52           		CODE           	2C00	0000	18
		PL90           		CODE           	2122	0000	10
		PL24           		CODE           	20E8	0000	24
		PL62           		CODE           	3FEC	0000	16
		PL34           		CODE           	35F6	0000	20
		PL72           		CODE           	3FFC	0000	14
		_vscp_deviceURL		SMALLCONST     	0600	0000	32
		PL44           		CODE           	3AF2	0000	20
		PL82           		CODE           	360A	0000	12
		i1_ConvertADC  		CODE           	5382	0000	4
		PL16           		CODE           	2B96	0000	16
		PL54           		CODE           	38C6	0000	18
		PL26           		CODE           	3BFC	0000	18
		PL64           		CODE           	1358	0000	16
		PL36           		CODE           	3ACC	0000	20
		PL74           		CODE           	2114	0000	14
		PL46           		CODE           	3C0E	0000	20
		PL84           		CODE           	423A	0000	12
		PL18           		CODE           	3ABE	0000	14
		PL56           		CODE           	307A	0000	18
		PL28           		CODE           	2BC0	0000	24
		PL66           		CODE           	3286	0000	14
		PL38           		CODE           	42E6	0000	20
		PL76           		CODE           	2C30	0000	14
		PL48           		CODE           	2BEE	0000	18
		PL86           		CODE           	2C4C	0000	6
		PL58           		CODE           	4F6E	0000	16
		PL68           		CODE           	2C22	0000	14
		PL78           		CODE           	2C3E	0000	14
		PL88           		CODE           	2C52	0000	6
		__initializatio		CODE           	4DE4	0000	56
		i1_WriteTimer0 		CODE           	5324	0000	18
		log@coeff      		SMALLCONST     	0648	0000	36
		PL2            		CODE           	2B14	0000	24
		PL10           		CODE           	2B72	0000	14
		PL4            		CODE           	2B2C	0000	28
		PL20           		CODE           	2BA6	0000	26
		PL30           		CODE           	2BD8	0000	22
		PL6            		CODE           	2B48	0000	14
		PL40           		CODE           	2100	0000	20

shared estimated size: 956

C:\Program Files (x86)\Microchip\xc8\v1.21\sources\common\lbmod.c
		___lbmod       		CODE           	5058	0000	40

C:\Program Files (x86)\Microchip\xc8\v1.21\sources\common\lbmod.c estimated size: 40

../ntc.c
		_Celsius2Kelvin		CODE           	4F16	0000	54
		_Celsius2Fahren		CODE           	49E4	0000	116

../ntc.c estimated size: 170

../../vscp_firmware/common/vscp_firmware.c
		_vscp_getEvent 		CODE           	502E	0000	42
		_vscp_handleHea		CODE           	4E26	0000	62
		_vscp_readRegis		CODE           	51E0	0000	26
		_vscp_writeRegi		CODE           	5160	0000	34
		_vscp_error    		CODE           	537A	0000	4
		_vscp_readStdRe		CODE           	3478	0000	382
		_vscp_goActiveS		CODE           	51A4	0000	30
		_vscp_doOneSeco		CODE           	4BE8	0000	76
		_vscp_sendEvent		CODE           	5080	0000	40
		_vscp_check_pst		CODE           	513C	0000	36
		_vscp_writeStdR		CODE           	3D3E	0000	266
		_vscp_handlePro		CODE           	1B08	0000	1504
		_vscp_handleDro		CODE           	4F7E	0000	48
		_vscp_handleSet		CODE           	5118	0000	36
		_vscp_handlePro		CODE           	400A	0000	196
		_vscp_sendHeart		CODE           	50A8	0000	38
		_vscp_newNodeOn		CODE           	5004	0000	42
		_vscp_init     		CODE           	4D0E	0000	72

../../vscp_firmware/common/vscp_firmware.c estimated size: 2934

C:\Program Files (x86)\Microchip\xc8\v1.21\sources\common\aldiv.c
		___aldiv       		CODE           	40CE	0000	188

C:\Program Files (x86)\Microchip\xc8\v1.21\sources\common\aldiv.c estimated size: 188

C:\Program Files (x86)\Microchip\xc8\v1.21\sources\common\fldiv.c
		___fldiv       		CODE           	445C	0000	168

C:\Program Files (x86)\Microchip\xc8\v1.21\sources\common\fldiv.c estimated size: 168

C:\Program Files (x86)\Microchip\xc8\v1.21\sources\common\flsub.c
		___flsub       		CODE           	4E64	0000	60

C:\Program Files (x86)\Microchip\xc8\v1.21\sources\common\flsub.c estimated size: 60

C:\Program Files (x86)\Microchip\xc8\v1.21\sources\common\flneg.c
		___flneg       		CODE           	50F4	0000	36

C:\Program Files (x86)\Microchip\xc8\v1.21\sources\common\flneg.c estimated size: 36

C:\Program Files (x86)\Microchip\xc8\v1.21\sources\pic18\plib\Timers\t0open.c
		_OpenTimer0    		CODE           	51C2	0000	30

C:\Program Files (x86)\Microchip\xc8\v1.21\sources\pic18\plib\Timers\t0open.c estimated size: 30

C:\Program Files (x86)\Microchip\xc8\v1.21\sources\pic18\asfldiv.c
		___asfldiv     		CODE           	4C34	0000	74

C:\Program Files (x86)\Microchip\xc8\v1.21\sources\pic18\asfldiv.c estimated size: 74

C:\Program Files (x86)\Microchip\xc8\v1.21\sources\pic18\asflsub.c
		___asflsub     		CODE           	4B02	0000	78

C:\Program Files (x86)\Microchip\xc8\v1.21\sources\pic18\asflsub.c estimated size: 78

C:\Program Files (x86)\Microchip\xc8\v1.21\sources\common\flmul.c
		___flmul       		CODE           	3F42	0000	170

C:\Program Files (x86)\Microchip\xc8\v1.21\sources\common\flmul.c estimated size: 170

C:\Program Files (x86)\Microchip\xc8\v1.21\sources\common\fltol.c
		___fltol       		CODE           	4648	0000	158

C:\Program Files (x86)\Microchip\xc8\v1.21\sources\common\fltol.c estimated size: 158

C:\Program Files (x86)\Microchip\xc8\v1.21\sources\common\double.c
		___flpack      		CODE           	418A	0000	176

C:\Program Files (x86)\Microchip\xc8\v1.21\sources\common\double.c estimated size: 176

C:\Program Files (x86)\Microchip\xc8\v1.21\sources\pic18\plib\ADC\adcconv.c
		_ConvertADC    		CODE           	537E	0000	4

C:\Program Files (x86)\Microchip\xc8\v1.21\sources\pic18\plib\ADC\adcconv.c estimated size: 4

C:\Program Files (x86)\Microchip\xc8\v1.21\sources\pic18\asflmul.c
		___asflmul     		CODE           	4B9C	0000	76

C:\Program Files (x86)\Microchip\xc8\v1.21\sources\pic18\asflmul.c estimated size: 76

C:\Program Files (x86)\Microchip\xc8\v1.21\sources\common\floor.c
		_floor         		CODE           	3E48	0000	250

C:\Program Files (x86)\Microchip\xc8\v1.21\sources\common\floor.c estimated size: 250

C:\Program Files (x86)\Microchip\xc8\v1.21\sources\common\fladd.c
		___fladd       		CODE           	377C	0000	330

C:\Program Files (x86)\Microchip\xc8\v1.21\sources\common\fladd.c estimated size: 330

