Microchip MPLAB XC8 Compiler V1.21 ()

Linker command line:

--edf=C:\Program Files (x86)\Microchip\xc8\v1.21\dat\en_msgs.txt \
  --UDF=html\kelvin_ntc.X.debug.link.html -cs \
  -h+dist/Debug/debug\kelvin_ntc.X.debug.sym \
  --cmf=dist/Debug/debug\kelvin_ntc.X.debug.cmf -z -Q18F2580 \
  -oC:\Users\GRODAN~1\AppData\Local\Temp\s8tg.6 \
  -Mdist/Debug/debug/kelvin_ntc.X.debug.map -E1 -ver=XC8 -ACODE=072h-07CFFh \
  -ACONST=072h-07CFFh -ASMALLCONST=0600h-06FFhx119 \
  -AMEDIUMCONST=0600h-07CFFh -ACOMRAM=01h-05Fh -AABS1=00h-05EEh \
  -ABIGRAM=01h-05EEh -ARAM=060h-0FFh,0100h-01FFhx4,0500h-05EEh \
  -ABANK0=060h-0FFh -ABANK1=0100h-01FFh -ABANK2=0200h-02FFh \
  -ABANK3=0300h-03FFh -ABANK4=0400h-04FFh -ABANK5=0500h-05EEh \
  -ASFR=0D00h-0DFFhx2,0F00h-0F5Fh,0F60h-0F9Bh,0F9Dh-0FD3h,0FD5h-0FDAh,0FE0h-0FE2h,0FE8h-0FEAh,0FF0h-0FFBh \
  -preset_vec=00h,intcode,intcodelo=018h,powerup,init,end_init \
  -pramtop=0600h -psmallconst=SMALLCONST -pmediumconst=MEDIUMCONST \
  -pconst=CONST -AFARRAM=00h-00h -ACONFIG=0300000h-030000Dh -pconfig=CONFIG \
  -AIDLOC=0200000h-0200007h -pidloc=IDLOC -AEEDATA=0F00000h-0F000FFh \
  -peeprom_data=EEDATA \
  -prdata=COMRAM,nvrram=COMRAM,nvbit=COMRAM,rbss=COMRAM,rbit=COMRAM \
  -pfarbss=FARRAM,fardata=FARRAM,nvFARRAM=FARRAM \
  -pintsave_regs=BIGRAM,bigbss=BIGRAM,bigdata=BIGRAM -pbss=RAM \
  -pidata=CODE,irdata=CODE,ibigdata=CODE,ifardata=CODE \
  C:\Users\GRODAN~1\AppData\Local\Temp\s8tg.obj \
  dist/Debug/debug\kelvin_ntc.X.debug.obj \
  C:\Program Files (x86)\Microchip\xc8\v1.21\lib\pic18-trace-obj.lib 

Object code version is 3.11

Machine type is 18F2580

Call graph: (short form)




                Name                               Link     Load   Length Selector   Space Scale
C:\Users\GRODAN~1\AppData\Local\Temp\s8tg.obj
                end_init                            2B4      2B4        4        C       0
                reset_vec                             0        0        6        0       0
                idloc                            200000   200000        8   200000       0
                config                           300000   300000        E   300000       0
dist/Debug/debug\kelvin_ntc.X.debug.obj
                intcodelo                            18       18      29C        C       0
                smallconst                          600      600       6E      300       0
                text101                            557E     557E        4      337       0
                text100                            5520     5520       12      337       0
                text98                             1C1E     1C1E      796      337       0
                text97                             43A0     43A0       BC      337       0
                text96                             4166     4166       C0      337       0
                text95                             50AC     50AC       3A      337       0
                text94                             550E     550E       12      337       0
                text93                             557A     557A        4      337       0
                text92                             511C     511C       32      337       0
                text91                             47C6     47C6       A0      337       0
                text90                             4FB4     4FB4       42      337       0
                text89                             53BE     53BE       1E      337       0
                text88                             4C76     4C76       5C      337       0
                text87                             5470     5470       18      337       0
                text86                             4902     4902       96      337       0
                text85                             5070     5070       3C      337       0
                text84                             52CA     52CA       26      337       0
                text83                             54FC     54FC       12      337       0
                text82                             54C4     54C4       14      337       0
                text81                             5564     5564        A      337       0
                text80                             54EA     54EA       12      337       0
                text79                             54D8     54D8       12      337       0
                text78                             5338     5338       24      337       0
                text77                             4C00     4C00       76      337       0
                text76                             3C3C     3C3C      11E      337       0
                text75                             30F4     30F4      208      337       0
                text74                             51AA     51AA       2C      337       0
                text73                             4B12     4B12       78      337       0
                text72                             522A     522A       2A      337       0
                text71                             3D5A     3D5A      114      337       0
                text70                             39A8     39A8      166      337       0
                text69                             517E     517E       2C      337       0
                text68                             45C0     45C0       B2      337       0
                text67                             527C     527C       28      337       0
                text66                             53A0     53A0       1E      337       0
                text65                             4226     4226       BE      337       0
                text64                             53F6     53F6       1A      337       0
                text63                             5458     5458       18      337       0
                text62                             4FF6     4FF6       3E      337       0
                text61                             5314     5314       24      337       0
                text60                             555A     555A        A      337       0
                text59                             4F2E     4F2E       44      337       0
                text58                             514E     514E       30      337       0
                text57                             5200     5200       2A      337       0
                text56                             558C     558C        2      337       0
                text55                             558A     558A        2      337       0
                text54                             5588     5588        2      337       0
                text53                             54B0     54B0       14      337       0
                text52                             5440     5440       18      337       0
                text51                             549C     549C       14      337       0
                text50                             5488     5488       14      337       0
                text49                             5586     5586        2      337       0
                text48                             5584     5584        2      337       0
                text47                             5582     5582        2      337       0
                text46                             5550     5550        A      337       0
                text45                             5546     5546        A      337       0
                text44                             36A4     36A4      19E      337       0
                text43                             53DC     53DC       1A      337       0
                text42                              66E      66E      CFA      337       0
                text41                             537E     537E       22      337       0
                text40                             5428     5428       18      337       0
                text39                             5410     5410       18      337       0
                text38                             23B4     23B4      71C      337       0
                text37                             556E     556E        8      337       0
                text36                             3E6E     3E6E      106      337       0
                text35                             535C     535C       22      337       0
                text34                             5254     5254       28      337       0
                text33                             2AD0     2AD0      624      337       0
                text32                             50E6     50E6       36      337       0
                text31                             3842     3842      166      337       0
                text30                             4B8A     4B8A       76      337       0
                text29                             450E     450E       B2      337       0
                text28                             4A98     4A98       7A      337       0
                text27                             4A1E     4A1E       7A      337       0
                text26                             5576     5576        4      337       0
                text25                             34E2     34E2      1C2      337       0
                text24                             553C     553C        A      337       0
                text23                             5532     5532        A      337       0
                text22                             52A4     52A4       26      337       0
                text21                             4E06     4E06       4C      337       0
                text20                             4672     4672       AE      337       0
                text19                             4E9C     4E9C       4A      337       0
                text18                             5034     5034       3C      337       0
                text17                             4D20     4D20       4E      337       0
                text16                             4E52     4E52       4A      337       0
                text15                             4DBA     4DBA       4C      337       0
                text14                             4998     4998       86      337       0
                text13                             4866     4866       9C      337       0
                text12                             3F74     3F74      100      337       0
                text11                             445C     445C       B2      337       0
                text10                             4720     4720       A6      337       0
                text9                              52F0     52F0       24      337       0
                text8                              32FC     32FC      1E6      337       0
                text7                              3B0E     3B0E      12E      337       0
                text6                              4EE6     4EE6       48      337       0
                text5                              42E4     42E4       BC      337       0
                text4                              4CD2     4CD2       4E      337       0
                text3                              4D6E     4D6E       4C      337       0
                text2                              51D6     51D6       2A      337       0
                text1                              1368     1368      8B6      337       0
                text0                              4074     4074       F2      337       0
                cstackCOMRAM                          1        1       45        1       1
                cstackBANK0                          A1       A1       40       60       1
                cstackBANK1                         14E      14E       36      100       1
                bssBIGRAM                           185      185      3C0      185       1
                bssBANK1                            100      100       4E      100       1
                bssBANK0                             60       60       41       60       1
                bssCOMRAM                            46       46        D        1       1
                cinit                              4F72     4F72       42      337       0
                nvBANK1                             184      184        1      100       1

C:\Program Files (x86)\Microchip\xc8\v1.21\lib\pic18-trace-obj.lib

TOTAL           Name                               Link     Load   Length     Space
        CLASS   CODE           
                end_init                            2B4      2B4        4         0
                intcodelo                            18       18      29C         0
                reset_vec                             0        0        6         0
                text101                            557E     557E        4         0
                text100                            5520     5520       12         0
                text98                             1C1E     1C1E      796         0
                text97                             43A0     43A0       BC         0
                text96                             4166     4166       C0         0
                text95                             50AC     50AC       3A         0
                text94                             550E     550E       12         0
                text93                             557A     557A        4         0
                text92                             511C     511C       32         0
                text91                             47C6     47C6       A0         0
                text90                             4FB4     4FB4       42         0
                text89                             53BE     53BE       1E         0
                text88                             4C76     4C76       5C         0
                text87                             5470     5470       18         0
                text86                             4902     4902       96         0
                text85                             5070     5070       3C         0
                text84                             52CA     52CA       26         0
                text83                             54FC     54FC       12         0
                text82                             54C4     54C4       14         0
                text81                             5564     5564        A         0
                text80                             54EA     54EA       12         0
                text79                             54D8     54D8       12         0
                text78                             5338     5338       24         0
                text77                             4C00     4C00       76         0
                text76                             3C3C     3C3C      11E         0
                text75                             30F4     30F4      208         0
                text74                             51AA     51AA       2C         0
                text73                             4B12     4B12       78         0
                text72                             522A     522A       2A         0
                text71                             3D5A     3D5A      114         0
                text70                             39A8     39A8      166         0
                text69                             517E     517E       2C         0
                text68                             45C0     45C0       B2         0
                text67                             527C     527C       28         0
                text66                             53A0     53A0       1E         0
                text65                             4226     4226       BE         0
                text64                             53F6     53F6       1A         0
                text63                             5458     5458       18         0
                text62                             4FF6     4FF6       3E         0
                text61                             5314     5314       24         0
                text60                             555A     555A        A         0
                text59                             4F2E     4F2E       44         0
                text58                             514E     514E       30         0
                text57                             5200     5200       2A         0
                text56                             558C     558C        2         0
                text55                             558A     558A        2         0
                text54                             5588     5588        2         0
                text53                             54B0     54B0       14         0
                text52                             5440     5440       18         0
                text51                             549C     549C       14         0
                text50                             5488     5488       14         0
                text49                             5586     5586        2         0
                text48                             5584     5584        2         0
                text47                             5582     5582        2         0
                text46                             5550     5550        A         0
                text45                             5546     5546        A         0
                text44                             36A4     36A4      19E         0
                text43                             53DC     53DC       1A         0
                text42                              66E      66E      CFA         0
                text41                             537E     537E       22         0
                text40                             5428     5428       18         0
                text39                             5410     5410       18         0
                text38                             23B4     23B4      71C         0
                text37                             556E     556E        8         0
                text36                             3E6E     3E6E      106         0
                text35                             535C     535C       22         0
                text34                             5254     5254       28         0
                text33                             2AD0     2AD0      624         0
                text32                             50E6     50E6       36         0
                text31                             3842     3842      166         0
                text30                             4B8A     4B8A       76         0
                text29                             450E     450E       B2         0
                text28                             4A98     4A98       7A         0
                text27                             4A1E     4A1E       7A         0
                text26                             5576     5576        4         0
                text25                             34E2     34E2      1C2         0
                text24                             553C     553C        A         0
                text23                             5532     5532        A         0
                text22                             52A4     52A4       26         0
                text21                             4E06     4E06       4C         0
                text20                             4672     4672       AE         0
                text19                             4E9C     4E9C       4A         0
                text18                             5034     5034       3C         0
                text17                             4D20     4D20       4E         0
                text16                             4E52     4E52       4A         0
                text15                             4DBA     4DBA       4C         0
                text14                             4998     4998       86         0
                text13                             4866     4866       9C         0
                text12                             3F74     3F74      100         0
                text11                             445C     445C       B2         0
                text10                             4720     4720       A6         0
                text9                              52F0     52F0       24         0
                text8                              32FC     32FC      1E6         0
                text7                              3B0E     3B0E      12E         0
                text6                              4EE6     4EE6       48         0
                text5                              42E4     42E4       BC         0
                text4                              4CD2     4CD2       4E         0
                text3                              4D6E     4D6E       4C         0
                text2                              51D6     51D6       2A         0
                text1                              1368     1368      8B6         0
                text0                              4074     4074       F2         0
                cinit                              4F72     4F72       42         0

        CLASS   CONST          

        CLASS   SMALLCONST     
                smallconst                          600      600       6E         0

        CLASS   MEDIUMCONST    

        CLASS   COMRAM         
                cstackCOMRAM                          1        1       45         1
                bssCOMRAM                            46       46        D         1

        CLASS   ABS1           

        CLASS   BIGRAM         
                bssBIGRAM                           185      185      3C0         1

        CLASS   RAM            

        CLASS   BANK0          
                cstackBANK0                          A1       A1       40         1
                bssBANK0                             60       60       41         1

        CLASS   BANK1          
                cstackBANK1                         14E      14E       36         1
                bssBANK1                            100      100       4E         1
                nvBANK1                             184      184        1         1

        CLASS   BANK2          

        CLASS   BANK3          

        CLASS   BANK4          

        CLASS   BANK5          

        CLASS   SFR            

        CLASS   FARRAM         

        CLASS   CONFIG         
                config                           300000   300000        E         0

        CLASS   IDLOC          
                idloc                            200000   200000        8         0

        CLASS   EEDATA         



SEGMENTS        Name                           Load    Length   Top    Selector   Space  Class

                reset_vec                      000000  000006  000006         0       0  CODE    
                cstackCOMRAM                   000001  000052  000053         1       1  COMRAM  
                intcodelo                      000018  0002A0  0002B8         C       0  CODE    
                bssBANK0                       000060  000081  0000E1        60       1  BANK0   
                bssBANK1                       000100  000085  000185       100       1  BANK1   
                bssBIGRAM                      000185  0003C0  000545       185       1  BIGRAM  
                smallconst                     000600  00006E  00066E       300       0  SMALLCON
                text42                         00066E  004F20  00558E       337       0  CODE    
                idloc                          200000  000008  200008    200000       0  IDLOC   
                config                         300000  00000E  30000E    300000       0  CONFIG  


UNUSED ADDRESS RANGES

        Name                Unused          Largest block    Delta
        BANK0            0000E1-0000FF               1F
        BANK5            000545-0005EE               AA
        BIGRAM           000053-00005F                D
                         0000E1-0000FF               1F
                         000545-0005EE               AA
        CODE             0002B8-0005FF              348
                         00558E-007CFF             2772
        COMRAM           000053-00005F                D
        CONST            0002B8-0005FF              348
                         00558E-007CFF             2772
        EEDATA           F00000-F000FF              100
        MEDIUMCONST      00558E-007CFF             2772
        RAM              0000E1-0000FF               1F
                         000545-0005EE               AA
        SFR              000D00-000F9B              100
                         000F9D-000FD3               37
                         000FD5-000FDA                6
                         000FE0-000FE2                3
                         000FE8-000FEA                3
                         000FF0-000FFB                C
        SMALLCONST       00558E-007CFF              100

                                  Symbol Table

?_Celsius2Fahrenheit                     cstackBANK0  0000C7
?_Celsius2Kelvin                         cstackCOMRAM 00003B
?_ECANReceiveMessage                     cstackCOMRAM 000015
?_ECANSendMessage                        cstackCOMRAM 000018
?_OpenADC                                cstackCOMRAM 00000E
?_WriteTimer0                            cstackCOMRAM 00000E
?__CANIDToRegs                           cstackCOMRAM 00000E
?__ECANPointBuffer                       cstackCOMRAM 00000E
?__RegsToCANID                           cstackCOMRAM 00000E
?___aldiv                                cstackCOMRAM 00003E
?___altofl                               cstackBANK0  0000A7
?___asfladd                              cstackCOMRAM 00003B
?___asfldiv                              cstackBANK0  0000C7
?___asflmul                              cstackCOMRAM 000034
?___asflsub                              cstackCOMRAM 00003B
?___awtofl                               cstackCOMRAM 000018
?___fladd                                cstackBANK0  0000A1
?___fldiv                                cstackBANK0  0000B1
?___flge                                 cstackCOMRAM 00000E
?___flmul                                cstackCOMRAM 00001E
?___flneg                                cstackCOMRAM 00000E
?___flpack                               cstackCOMRAM 00000E
?___flsub                                cstackBANK0  0000A9
?___fltol                                cstackCOMRAM 000034
?___lbmod                                cstackCOMRAM 00000E
?___lwtofl                               cstackCOMRAM 000018
?___wmul                                 cstackCOMRAM 000012
?_eval_poly                              cstackCOMRAM 00003B
?_exp                                    cstackBANK0  0000C7
?_floor                                  cstackBANK0  0000AC
?_frexp                                  cstackCOMRAM 00000E
?_getCANFrame                            cstackCOMRAM 000020
?_getCalibrationValue                    cstackCOMRAM 000012
?_getVSCPFrame                           cstackCOMRAM 000024
?_ldexp                                  cstackBANK0  0000AD
?_log                                    cstackBANK0  0000C7
?_readEEPROM                             cstackCOMRAM 00000E
?_sendCANFrame                           cstackCOMRAM 00003C
?_sendVSCPFrame                          cstackBANK0  0000A1
?_setEventData                           cstackBANK0  0000CB
?_vscp_getFamilyCode                     cstackCOMRAM 00000E
?_vscp_getFamilyType                     cstackCOMRAM 00000E
?_vscp_sendHeartBeat                     cstackCOMRAM 000044
?_vscp_setGUID                           cstackCOMRAM 000011
?_vscp_setManufacturerId                 cstackCOMRAM 000011
?_vscp_setUserID                         cstackCOMRAM 000011
?_vscp_writeAppReg                       cstackCOMRAM 000021
?_vscp_writeRegister                     cstackCOMRAM 000029
?_vscp_writeStdReg                       cstackCOMRAM 000022
?_writeEEPROM                            cstackCOMRAM 00000E
?i1_WriteTimer0                          cstackCOMRAM 000001
Celsius2Fahrenheit@tc                    cstackBANK0  0000C7
Celsius2Kelvin@tc                        cstackCOMRAM 00003B
ECANReceiveMessage@data                  cstackCOMRAM 000015
ECANReceiveMessage@dataLen               cstackCOMRAM 000016
ECANReceiveMessage@i                     cstackCOMRAM 00001B
ECANReceiveMessage@id                    cstackCOMRAM 00001A
ECANReceiveMessage@mode                  cstackCOMRAM 00001C
ECANReceiveMessage@msgFlags              cstackCOMRAM 000017
ECANReceiveMessage@ptr                   cstackCOMRAM 00001E
ECANReceiveMessage@savedPtr              cstackCOMRAM 000018
ECANReceiveMessage@temp                  cstackCOMRAM 00001D
ECANSendMessage@buffers                  cstackCOMRAM 000033
ECANSendMessage@data                     cstackCOMRAM 00001C
ECANSendMessage@dataLen                  cstackCOMRAM 00001D
ECANSendMessage@i                        cstackCOMRAM 000039
ECANSendMessage@id                       cstackCOMRAM 000018
ECANSendMessage@j                        cstackCOMRAM 000034
ECANSendMessage@mode                     cstackCOMRAM 000032
ECANSendMessage@msgFlags                 cstackCOMRAM 00001E
ECANSendMessage@pb                       cstackCOMRAM 000020
ECANSendMessage@ptr                      cstackCOMRAM 00003A
ECANSendMessage@temp                     cstackCOMRAM 000038
ECANSendMessage@tempBSEL0                cstackCOMRAM 000035
ECANSendMessage@tempPtr                  cstackCOMRAM 000036
ECANSetOperationMode@mode                cstackCOMRAM 00000E
OpenADC@config                           cstackCOMRAM 000012
OpenADC@config2                          cstackCOMRAM 00000E
OpenADC@portconfig                       cstackCOMRAM 00000F
OpenTimer0@config                        cstackCOMRAM 00000E
PL10                                     text1        001B0C
PL12                                     text1        001B1C
PL14                                     text1        001B2A
PL16                                     text1        001B5A
PL18                                     text71       003E1A
PL2                                      text38       002AC2
PL20                                     text1        001B7C
PL22                                     text25       00365C
PL24                                     text1        001B92
PL26                                     text76       003D00
PL28                                     text25       00367A
PL30                                     text25       003696
PL32                                     text71       003E2E
PL34                                     text1        001BA2
PL36                                     text1        001BBA
PL38                                     text33       0030B0
PL4                                      text1        001AD0
PL40                                     text71       003E3E
PL42                                     text11       0044F8
PL44                                     text1        001BD2
PL46                                     text71       003E50
PL48                                     text44       003822
PL50                                     text76       003D0E
PL52                                     text33       0030C8
PL54                                     text76       003D22
PL56                                     text76       003D34
PL58                                     text31       003996
PL6                                      text1        001AE0
PL60                                     text1        001BE0
PL62                                     text76       003D48
PL64                                     text96       004208
PL66                                     text42       001358
PL68                                     text92       00513E
PL70                                     text1        001BF2
PL72                                     text33       0030DC
PL74                                     text96       004218
PL76                                     text75       0032EE
PL78                                     text1        001C02
PL8                                      text1        001AFC
PL80                                     text1        001C10
PL82                                     text28       004B04
PL84                                     text71       003E64
PL86                                     text44       003836
PL88                                     text97       004450
PL90                                     text33       0030EA
WriteTimer0@timer                        cstackCOMRAM 000010
WriteTimer0@timer0                       cstackCOMRAM 00000E
_ADCON0                                  (abs)        000FC2
_ADCON0bits                              (abs)        000FC2
_ADCON1                                  (abs)        000FC1
_ADCON2                                  (abs)        000FC0
_ADRESH                                  (abs)        000FC4
_ADRESL                                  (abs)        000FC3
_B0CON                                   (abs)        000E20
_B0RXFUL                                 (abs)        007107
_B0TXEN                                  (abs)        006FC2
_B1CON                                   (abs)        000E30
_B1RXFUL                                 (abs)        007187
_B1TXEN                                  (abs)        006FC3
_B2CON                                   (abs)        000E40
_B2RXFUL                                 (abs)        007207
_B2TXEN                                  (abs)        006FC4
_B3CON                                   (abs)        000E50
_B3RXFUL                                 (abs)        007287
_B3TXEN                                  (abs)        006FC5
_B4CON                                   (abs)        000E60
_B4RXFUL                                 (abs)        007307
_B4TXEN                                  (abs)        006FC6
_B5CON                                   (abs)        000E70
_B5RXFUL                                 (abs)        007387
_B5TXEN                                  (abs)        006FC7
_BRGCON1                                 (abs)        000F70
_BRGCON2                                 (abs)        000F71
_BRGCON3                                 (abs)        000F72
_BSEL0                                   (abs)        000DF8
_CANCON                                  (abs)        000F6F
_CIOCON                                  (abs)        000F73
_Celsius2Fahrenheit                      text30       004B8A
_Celsius2Kelvin                          text32       0050E6
_ConvertADC                              text93       00557A
_ECANCON                                 (abs)        000F77
_ECANInitialize                          text86       004902
_ECANReceiveMessage                      text75       0030F4
_ECANSendMessage                         text70       0039A8
_ECANSetOperationMode                    text87       005470
_EEADR                                   (abs)        000FA9
_EECON1bits                              (abs)        000FA6
_EECON2                                  (abs)        000FA7
_EEDATA                                  (abs)        000FA8
_FIFOEMPTY                               (abs)        007BA7
_INTCONbits                              (abs)        000FF2
_IRXIF                                   (abs)        007D27
_MDSEL0                                  (abs)        007BBE
_MDSEL1                                  (abs)        007BBF
_MSEL0                                   (abs)        000DF0
_MSEL1                                   (abs)        000DF1
_MSEL2                                   (abs)        000DF2
_OpenADC                                 text88       004C76
_OpenTimer0                              text89       0053BE
_PIE1bits                                (abs)        000F9D
_PIR1bits                                (abs)        000F9E
_PIR2bits                                (abs)        000FA1
_PORTC                                   (abs)        000F82
_RXB0CON                                 (abs)        000F60
_RXB0FILHIT0                             (abs)        007B00
_RXB0FUL                                 (abs)        007B07
_RXB0IF                                  (abs)        007D20
_RXB0OVFL                                (abs)        007BA7
_RXB1CON                                 (abs)        000F50
_RXB1CONbits                             (abs)        000F50
_RXB1IF                                  (abs)        007D21
_RXB1OVFL                                (abs)        007BA6
_RXF0EIDH                                (abs)        000F02
_RXF0EIDL                                (abs)        000F03
_RXF0SIDH                                (abs)        000F00
_RXF0SIDL                                (abs)        000F01
_RXF1EIDH                                (abs)        000F06
_RXF1EIDL                                (abs)        000F07
_RXF1SIDH                                (abs)        000F04
_RXF1SIDL                                (abs)        000F05
_RXFBCON0                                (abs)        000DE0
_RXFBCON1                                (abs)        000DE1
_RXFBCON2                                (abs)        000DE2
_RXFBCON3                                (abs)        000DE3
_RXFBCON4                                (abs)        000DE4
_RXFBCON5                                (abs)        000DE5
_RXFBCON6                                (abs)        000DE6
_RXFBCON7                                (abs)        000DE7
_RXFCON0                                 (abs)        000DD4
_RXFCON1                                 (abs)        000DD5
_RXM0EIDH                                (abs)        000F1A
_RXM0EIDL                                (abs)        000F1B
_RXM0EXIDM                               (abs)        0078CB
_RXM0SIDH                                (abs)        000F18
_RXM0SIDL                                (abs)        000F19
_RXM1EIDH                                (abs)        000F1E
_RXM1EIDL                                (abs)        000F1F
_RXM1EXIDEN                              (abs)        0078EB
_RXM1SIDH                                (abs)        000F1C
_RXM1SIDL                                (abs)        000F1D
_T0CON                                   (abs)        000FD5
_T0CONbits                               (abs)        000FD5
_TMR0H                                   (abs)        000FD7
_TMR0L                                   (abs)        000FD6
_TRISA                                   (abs)        000F92
_TRISB                                   (abs)        000F93
_TRISC                                   (abs)        000F94
_TXB0CON                                 (abs)        000F40
_TXB1CON                                 (abs)        000F30
_TXB2CON                                 (abs)        000F20
_WriteTimer0                             text94       00550E
__CANIDToRegs                            text71       003D5A
__CANIDToRegs@Value                      cstackCOMRAM 000017
__CANIDToRegs@ptr                        cstackCOMRAM 00000E
__CANIDToRegs@type                       cstackCOMRAM 000014
__CANIDToRegs@val                        cstackCOMRAM 000010
__CFG_BOREN$BOACTIVE                     (abs)        000000
__CFG_BORV$3                             (abs)        000000
__CFG_CPB$OFF                            (abs)        000000
__CFG_EBTR0$OFF                          (abs)        000000
__CFG_EBTR1$OFF                          (abs)        000000
__CFG_EBTR2$OFF                          (abs)        000000
__CFG_EBTR3$OFF                          (abs)        000000
__CFG_EBTRB$OFF                          (abs)        000000
__CFG_LVP$OFF                            (abs)        000000
__CFG_OSC$HSPLL                          (abs)        000000
__CFG_PWRT$ON                            (abs)        000000
__CFG_STVREN$ON                          (abs)        000000
__CFG_WDT$OFF                            (abs)        000000
__CFG_WRTD$OFF                           (abs)        000000
__ECANPointBuffer                        text77       004C00
__ECANPointBuffer@b                      cstackCOMRAM 000011
__ECANPointBuffer@pt                     cstackCOMRAM 000012
__ECANRxFilterHitInfo                    bssCOMRAM    000048
__HRAM                                   (abs)        000000
__Habs1                                  abs1         000000
__Hbank0                                 bank0        000000
__Hbank1                                 bank1        000000
__Hbank2                                 bank2        000000
__Hbank3                                 bank3        000000
__Hbank4                                 bank4        000000
__Hbank5                                 bank5        000000
__Hbigbss                                bigbss       000000
__Hbigdata                               bigdata      000000
__Hbigram                                bigram       000000
__Hbss                                   bss          000000
__HbssBANK0                              bssBANK0     000000
__HbssBANK1                              bssBANK1     000000
__HbssBIGRAM                             bssBIGRAM    000000
__HbssCOMRAM                             bssCOMRAM    000000
__Hcinit                                 cinit        000000
__Hclrtext                               clrtext      000000
__Hcomram                                comram       000000
__Hconfig                                config       30000E
__Hconst                                 const        000000
__HcstackBANK0                           cstackBANK0  000000
__HcstackBANK1                           cstackBANK1  000000
__HcstackCOMRAM                          cstackCOMRAM 000000
__Hdata                                  data         000000
__Heeprom_data                           eeprom_data  000000
__Hend_init                              end_init     0002B8
__Hfarbss                                farbss       000000
__Hfardata                               fardata      000000
__Hibigdata                              ibigdata     000000
__Hidata                                 idata        000000
__Hidloc                                 idloc        200008
__Hifardata                              ifardata     000000
__Hinit                                  init         0002B4
__Hintcode                               intcode      000006
__Hintcode_body                          intcode_body 000000
__Hintcodelo                             intcodelo    0002B4
__Hintentry                              intentry     000000
__Hintret                                intret       000000
__Hintsave_regs                          intsave_regs 000000
__Hirdata                                irdata       000000
__Hmediumconst                           mediumconst  000000
__HnvBANK1                               nvBANK1      000000
__HnvFARRAM                              nvFARRAM     000000
__Hnvbit                                 nvbit        000000
__Hnvrram                                nvrram       000000
__Hpa_nodes                              pa_nodes     000000
__Hparam                                 rparam       000000
__Hpowerup                               powerup      0002B4
__Hram                                   ram          000000
__Hramtop                                ramtop       000600
__Hrbit                                  rbit         000000
__Hrbss                                  rbss         000000
__Hrdata                                 rdata        000000
__Hreset_vec                             reset_vec    000006
__Hrparam                                rparam       000000
__Hsfr                                   sfr          000000
__Hsmallconst                            smallconst   00066E
__Hstruct                                struct       000000
__Htemp                                  temp         000000
__Htext                                  text         000000
__Htext0                                 text0        000000
__Htext1                                 text1        000000
__Htext10                                text10       000000
__Htext100                               text100      000000
__Htext101                               text101      000000
__Htext102                               text102      000000
__Htext11                                text11       000000
__Htext12                                text12       000000
__Htext13                                text13       000000
__Htext14                                text14       000000
__Htext15                                text15       000000
__Htext16                                text16       000000
__Htext17                                text17       000000
__Htext18                                text18       000000
__Htext19                                text19       000000
__Htext2                                 text2        000000
__Htext20                                text20       000000
__Htext21                                text21       000000
__Htext22                                text22       000000
__Htext23                                text23       000000
__Htext24                                text24       000000
__Htext25                                text25       000000
__Htext26                                text26       000000
__Htext27                                text27       000000
__Htext28                                text28       000000
__Htext29                                text29       000000
__Htext3                                 text3        000000
__Htext30                                text30       000000
__Htext31                                text31       000000
__Htext32                                text32       000000
__Htext33                                text33       000000
__Htext34                                text34       000000
__Htext35                                text35       000000
__Htext36                                text36       000000
__Htext37                                text37       000000
__Htext38                                text38       000000
__Htext39                                text39       000000
__Htext4                                 text4        000000
__Htext40                                text40       000000
__Htext41                                text41       000000
__Htext42                                text42       000000
__Htext43                                text43       000000
__Htext44                                text44       000000
__Htext45                                text45       000000
__Htext46                                text46       000000
__Htext47                                text47       000000
__Htext48                                text48       000000
__Htext49                                text49       000000
__Htext5                                 text5        000000
__Htext50                                text50       000000
__Htext51                                text51       000000
__Htext52                                text52       000000
__Htext53                                text53       000000
__Htext54                                text54       000000
__Htext55                                text55       000000
__Htext56                                text56       000000
__Htext57                                text57       000000
__Htext58                                text58       000000
__Htext59                                text59       000000
__Htext6                                 text6        000000
__Htext60                                text60       000000
__Htext61                                text61       000000
__Htext62                                text62       000000
__Htext63                                text63       000000
__Htext64                                text64       000000
__Htext65                                text65       000000
__Htext66                                text66       000000
__Htext67                                text67       000000
__Htext68                                text68       000000
__Htext69                                text69       000000
__Htext7                                 text7        000000
__Htext70                                text70       000000
__Htext71                                text71       000000
__Htext72                                text72       000000
__Htext73                                text73       000000
__Htext74                                text74       000000
__Htext75                                text75       000000
__Htext76                                text76       000000
__Htext77                                text77       000000
__Htext78                                text78       000000
__Htext79                                text79       000000
__Htext8                                 text8        000000
__Htext80                                text80       000000
__Htext81                                text81       000000
__Htext82                                text82       000000
__Htext83                                text83       000000
__Htext84                                text84       000000
__Htext85                                text85       000000
__Htext86                                text86       000000
__Htext87                                text87       000000
__Htext88                                text88       000000
__Htext89                                text89       000000
__Htext9                                 text9        000000
__Htext90                                text90       000000
__Htext91                                text91       000000
__Htext92                                text92       000000
__Htext93                                text93       000000
__Htext94                                text94       000000
__Htext95                                text95       000000
__Htext96                                text96       000000
__Htext97                                text97       000000
__Htext98                                text98       000000
__IT_INT_MASK                            bssBANK0     000078
__IT_SAVE_BSR                            bssBANK0     000079
__IT_SAVE_STATUS                         bssBANK0     00007A
__IT_SAVE_WREG                           bssBANK0     00007B
__LRAM                                   (abs)        000001
__Labs1                                  abs1         000000
__Lbank0                                 bank0        000000
__Lbank1                                 bank1        000000
__Lbank2                                 bank2        000000
__Lbank3                                 bank3        000000
__Lbank4                                 bank4        000000
__Lbank5                                 bank5        000000
__Lbigbss                                bigbss       000000
__Lbigdata                               bigdata      000000
__Lbigram                                bigram       000000
__Lbss                                   bss          000000
__LbssBANK0                              bssBANK0     000000
__LbssBANK1                              bssBANK1     000000
__LbssBIGRAM                             bssBIGRAM    000000
__LbssCOMRAM                             bssCOMRAM    000000
__Lcinit                                 cinit        000000
__Lclrtext                               clrtext      000000
__Lcomram                                comram       000000
__Lconfig                                config       300000
__Lconst                                 const        000000
__LcstackBANK0                           cstackBANK0  000000
__LcstackBANK1                           cstackBANK1  000000
__LcstackCOMRAM                          cstackCOMRAM 000000
__Ldata                                  data         000000
__Leeprom_data                           eeprom_data  000000
__Lend_init                              end_init     0002B4
__Lfarbss                                farbss       000000
__Lfardata                               fardata      000000
__Libigdata                              ibigdata     000000
__Lidata                                 idata        000000
__Lidloc                                 idloc        200000
__Lifardata                              ifardata     000000
__Linit                                  init         0002B4
__Lintcode                               intcode      000006
__Lintcode_body                          intcode_body 000000
__Lintcodelo                             intcodelo    000018
__Lintentry                              intentry     000000
__Lintret                                intret       000000
__Lintsave_regs                          intsave_regs 000000
__Lirdata                                irdata       000000
__Lmediumconst                           mediumconst  000000
__LnvBANK1                               nvBANK1      000000
__LnvFARRAM                              nvFARRAM     000000
__Lnvbit                                 nvbit        000000
__Lnvrram                                nvrram       000000
__Lpa_nodes                              pa_nodes     000000
__Lparam                                 rparam       000000
__Lpowerup                               powerup      0002B4
__Lram                                   ram          000000
__Lramtop                                ramtop       000600
__Lrbit                                  rbit         000000
__Lrbss                                  rbss         000000
__Lrdata                                 rdata        000000
__Lreset_vec                             reset_vec    000000
__Lrparam                                rparam       000000
__Lsfr                                   sfr          000000
__Lsmallconst                            smallconst   000600
__Lstruct                                struct       000000
__Ltemp                                  temp         000000
__Ltext                                  text         000000
__Ltext0                                 text0        000000
__Ltext1                                 text1        000000
__Ltext10                                text10       000000
__Ltext100                               text100      000000
__Ltext101                               text101      000000
__Ltext102                               text102      000000
__Ltext11                                text11       000000
__Ltext12                                text12       000000
__Ltext13                                text13       000000
__Ltext14                                text14       000000
__Ltext15                                text15       000000
__Ltext16                                text16       000000
__Ltext17                                text17       000000
__Ltext18                                text18       000000
__Ltext19                                text19       000000
__Ltext2                                 text2        000000
__Ltext20                                text20       000000
__Ltext21                                text21       000000
__Ltext22                                text22       000000
__Ltext23                                text23       000000
__Ltext24                                text24       000000
__Ltext25                                text25       000000
__Ltext26                                text26       000000
__Ltext27                                text27       000000
__Ltext28                                text28       000000
__Ltext29                                text29       000000
__Ltext3                                 text3        000000
__Ltext30                                text30       000000
__Ltext31                                text31       000000
__Ltext32                                text32       000000
__Ltext33                                text33       000000
__Ltext34                                text34       000000
__Ltext35                                text35       000000
__Ltext36                                text36       000000
__Ltext37                                text37       000000
__Ltext38                                text38       000000
__Ltext39                                text39       000000
__Ltext4                                 text4        000000
__Ltext40                                text40       000000
__Ltext41                                text41       000000
__Ltext42                                text42       000000
__Ltext43                                text43       000000
__Ltext44                                text44       000000
__Ltext45                                text45       000000
__Ltext46                                text46       000000
__Ltext47                                text47       000000
__Ltext48                                text48       000000
__Ltext49                                text49       000000
__Ltext5                                 text5        000000
__Ltext50                                text50       000000
__Ltext51                                text51       000000
__Ltext52                                text52       000000
__Ltext53                                text53       000000
__Ltext54                                text54       000000
__Ltext55                                text55       000000
__Ltext56                                text56       000000
__Ltext57                                text57       000000
__Ltext58                                text58       000000
__Ltext59                                text59       000000
__Ltext6                                 text6        000000
__Ltext60                                text60       000000
__Ltext61                                text61       000000
__Ltext62                                text62       000000
__Ltext63                                text63       000000
__Ltext64                                text64       000000
__Ltext65                                text65       000000
__Ltext66                                text66       000000
__Ltext67                                text67       000000
__Ltext68                                text68       000000
__Ltext69                                text69       000000
__Ltext7                                 text7        000000
__Ltext70                                text70       000000
__Ltext71                                text71       000000
__Ltext72                                text72       000000
__Ltext73                                text73       000000
__Ltext74                                text74       000000
__Ltext75                                text75       000000
__Ltext76                                text76       000000
__Ltext77                                text77       000000
__Ltext78                                text78       000000
__Ltext79                                text79       000000
__Ltext8                                 text8        000000
__Ltext80                                text80       000000
__Ltext81                                text81       000000
__Ltext82                                text82       000000
__Ltext83                                text83       000000
__Ltext84                                text84       000000
__Ltext85                                text85       000000
__Ltext86                                text86       000000
__Ltext87                                text87       000000
__Ltext88                                text88       000000
__Ltext89                                text89       000000
__Ltext9                                 text9        000000
__Ltext90                                text90       000000
__Ltext91                                text91       000000
__Ltext92                                text92       000000
__Ltext93                                text93       000000
__Ltext94                                text94       000000
__Ltext95                                text95       000000
__Ltext96                                text96       000000
__Ltext97                                text97       000000
__Ltext98                                text98       000000
__RegsToCANID                            text76       003C3C
__RegsToCANID@Value                      cstackCOMRAM 000014
__RegsToCANID@ptr                        cstackCOMRAM 00000E
__RegsToCANID@type                       cstackCOMRAM 000011
__RegsToCANID@val                        cstackCOMRAM 000010
__S0                                     (abs)        30000E
__S1                                     (abs)        000545
___DCByte                                bssBANK0     00007C
___DCDelay                               nvBANK1      000184
___IT                                    (abs)        000101
___aldiv                                 text5        0042E4
___aldiv@counter                         cstackBANK0  0000A1
___aldiv@dividend                        cstackCOMRAM 00003E
___aldiv@divisor                         cstackCOMRAM 000042
___aldiv@quotient                        cstackBANK0  0000A3
___aldiv@sign                            cstackBANK0  0000A2
___altofl                                text16       004E52
___altofl@c                              cstackBANK0  0000A7
___altofl@sign                           cstackBANK0  0000AB
___asfladd                               text4        004CD2
___asfladd@f1p                           cstackCOMRAM 00003B
___asfladd@f2                            cstackCOMRAM 00003D
___asfldiv                               text3        004D6E
___asfldiv@f1p                           cstackBANK0  0000C7
___asfldiv@f2                            cstackBANK0  0000C9
___asflmul                               text19       004E9C
___asflmul@mp                            cstackCOMRAM 000038
___asflmul@multiplicand                  cstackCOMRAM 000034
___asflsub                               text17       004D20
___asflsub@f1p                           cstackCOMRAM 00003B
___asflsub@f2                            cstackCOMRAM 00003D
___awtofl                                text95       0050AC
___awtofl@c                              cstackCOMRAM 000018
___awtofl@sign                           cstackCOMRAM 00001D
___fladd                                 text31       003842
___fladd@exp1                            cstackCOMRAM 00003A
___fladd@exp2                            cstackCOMRAM 000039
___fladd@f1                              cstackBANK0  0000A1
___fladd@f2                              cstackBANK0  0000A5
___fladd@sign                            cstackCOMRAM 000038
___fldiv                                 text20       004672
___fldiv@cntr                            cstackBANK0  0000C0
___fldiv@exp                             cstackBANK0  0000C5
___fldiv@f1                              cstackBANK0  0000B1
___fldiv@f2                              cstackBANK0  0000B5
___fldiv@f3                              cstackBANK0  0000C1
___fldiv@sign                            cstackBANK0  0000C6
___flge                                  text15       004DBA
___flge@ff1                              cstackCOMRAM 00000E
___flge@ff2                              cstackCOMRAM 000012
___flmul                                 text96       004166
___flmul@cntr                            cstackCOMRAM 000032
___flmul@exp                             cstackCOMRAM 00002D
___flmul@f1                              cstackCOMRAM 00001E
___flmul@f2                              cstackCOMRAM 000022
___flmul@f3_as_product                   cstackCOMRAM 00002E
___flmul@sign                            cstackCOMRAM 000033
___flneg                                 text9        0052F0
___flneg@f1                              cstackCOMRAM 00000E
___flpack                                text97       0043A0
___flpack@arg                            cstackCOMRAM 00000E
___flpack@exp                            cstackCOMRAM 000012
___flpack@sign                           cstackCOMRAM 000013
___flsub                                 text18       005034
___flsub@f1                              cstackBANK0  0000A9
___flsub@f2                              cstackBANK0  0000AD
___fltol                                 text13       004866
___fltol@exp1                            cstackCOMRAM 00003D
___fltol@f1                              cstackCOMRAM 000034
___fltol@sign1                           cstackCOMRAM 00003C
___lbmod                                 text34       005254
___lbmod@counter                         cstackCOMRAM 000010
___lbmod@dividend                        cstackCOMRAM 00000F
___lbmod@divisor                         cstackCOMRAM 00000E
___lbmod@rem                             cstackCOMRAM 000011
___lwtofl                                text2        0051D6
___lwtofl@c                              cstackCOMRAM 000018
___wmul                                  text92       00511C
___wmul@multiplicand                     cstackCOMRAM 000014
___wmul@multiplier                       cstackCOMRAM 000012
___wmul@product                          cstackCOMRAM 000016
__accesstop                              (abs)        000060
__activetblptr                           (abs)        000002
__end_ofPL10                             text1        001B1C
__end_ofPL12                             text1        001B2A
__end_ofPL14                             text1        001B5A
__end_ofPL16                             text1        001B7C
__end_ofPL18                             text71       003E2E
__end_ofPL2                              text38       002AD0
__end_ofPL20                             text1        001B92
__end_ofPL22                             text25       00367A
__end_ofPL24                             text1        001BA2
__end_ofPL26                             text76       003D0E
__end_ofPL28                             text25       003696
__end_ofPL30                             text25       0036A4
__end_ofPL32                             text71       003E3E
__end_ofPL34                             text1        001BBA
__end_ofPL36                             text1        001BD2
__end_ofPL38                             text33       0030C8
__end_ofPL4                              text1        001AE0
__end_ofPL40                             text71       003E50
__end_ofPL42                             text11       00450E
__end_ofPL44                             text1        001BE0
__end_ofPL46                             text71       003E64
__end_ofPL48                             text44       003836
__end_ofPL50                             text76       003D22
__end_ofPL52                             text33       0030DC
__end_ofPL54                             text76       003D34
__end_ofPL56                             text76       003D48
__end_ofPL58                             text31       0039A8
__end_ofPL6                              text1        001AFC
__end_ofPL60                             text1        001BF2
__end_ofPL62                             text76       003D5A
__end_ofPL64                             text96       004218
__end_ofPL66                             text42       001368
__end_ofPL68                             text92       00514E
__end_ofPL70                             text1        001C02
__end_ofPL72                             text33       0030EA
__end_ofPL74                             text96       004226
__end_ofPL76                             text75       0032FC
__end_ofPL78                             text1        001C10
__end_ofPL8                              text1        001B0C
__end_ofPL80                             text1        001C1E
__end_ofPL82                             text28       004B12
__end_ofPL84                             text71       003E6E
__end_ofPL86                             text44       003842
__end_ofPL88                             text97       00445C
__end_ofPL90                             text33       0030F4
__end_of_Celsius2Fahrenheit              text30       004C00
__end_of_Celsius2Kelvin                  text32       00511C
__end_of_ConvertADC                      text93       00557E
__end_of_ECANInitialize                  text86       004998
__end_of_ECANReceiveMessage              text75       0032EE
__end_of_ECANSendMessage                 text70       003B0E
__end_of_ECANSetOperationMode            text87       005488
__end_of_OpenADC                         text88       004CD2
__end_of_OpenTimer0                      text89       0053DC
__end_of_WriteTimer0                     text94       005520
__end_of__CANIDToRegs                    text71       003E1A
__end_of__ECANPointBuffer                text77       004C76
__end_of__RegsToCANID                    text76       003D00
__end_of___aldiv                         text5        0043A0
__end_of___altofl                        text16       004E9C
__end_of___asfladd                       text4        004D20
__end_of___asfldiv                       text3        004DBA
__end_of___asflmul                       text19       004EE6
__end_of___asflsub                       text17       004D6E
__end_of___awtofl                        text95       0050E6
__end_of___fladd                         text31       003996
__end_of___fldiv                         text20       004720
__end_of___flge                          text15       004E06
__end_of___flmul                         text96       004208
__end_of___flneg                         text9        005314
__end_of___flpack                        text97       004450
__end_of___flsub                         text18       005070
__end_of___fltol                         text13       004902
__end_of___lbmod                         text34       00527C
__end_of___lwtofl                        text2        005200
__end_of___wmul                          text92       00513E
__end_of__initialization                 cinit        004FAA
__end_of_doOneSecondWork                 text25       00365C
__end_of_doWork                          text1        001AD0
__end_of_eval_poly                       text11       0044F8
__end_of_exp                             text8        0034E2
__end_of_floor                           text12       004074
__end_of_frexp                           text14       004A1E
__end_of_getCANFrame                     text74       0051D6
__end_of_getCalibrationValue             text6        004F2E
__end_of_getVSCPFrame                    text73       004B8A
__end_of_handle_sync                     text27       004A98
__end_of_init                            text85       0050AC
__end_of_init_app_eeprom                 text38       002AC2
__end_of_init_app_ram                    text90       004FF6
__end_of_interrupt_at_low_vector         intcodelo    0002B4
__end_of_ldexp                           text10       0047C6
__end_of_log                             text7        003C3C
__end_of_main                            text0        004166
__end_of_readEEPROM                      text82       0054D8
__end_of_sendCANFrame                    text69       0051AA
__end_of_sendTempEvent                   text28       004B04
__end_of_sendVSCPFrame                   text68       004672
__end_of_setEventData                    text29       0045C0
__end_of_vscp_check_pstorage             text78       00535C
__end_of_vscp_deviceURL                  smallconst   000620
__end_of_vscp_doOneSecondWork            text21       004E52
__end_of_vscp_error                      text26       00557A
__end_of_vscp_getBootLoaderAlgorithm     text49       005588
__end_of_vscp_getBufferSize              text48       005586
__end_of_vscp_getEvent                   text72       005254
__end_of_vscp_getFamilyCode              text46       00555A
__end_of_vscp_getFamilyType              text45       005550
__end_of_vscp_getGUID                    text53       0054C4
__end_of_vscp_getMDF_URL                 text52       005458
__end_of_vscp_getMajorVersion            text56       00558E
__end_of_vscp_getManufacturerId          text50       00549C
__end_of_vscp_getMatrixInfo              text64       005410
__end_of_vscp_getMinorVersion            text55       00558C
__end_of_vscp_getRegisterPagesUsed       text47       005584
__end_of_vscp_getSegmentCRC              text81       00556E
__end_of_vscp_getSubMinorVersion         text54       00558A
__end_of_vscp_getSubzone                 text23       00553C
__end_of_vscp_getUserID                  text51       0054B0
__end_of_vscp_getZone                    text24       005546
__end_of_vscp_goActiveState              text66       0053BE
__end_of_vscp_goBootloaderMode           text63       005470
__end_of_vscp_handleDropNickname         text58       00517E
__end_of_vscp_handleHeartbeat            text62       005034
__end_of_vscp_handleProbeState           text65       0042E4
__end_of_vscp_handleProtocolEvent        text33       0030B0
__end_of_vscp_handleSetNickname          text61       005338
__end_of_vscp_init                       text59       004F72
__end_of_vscp_newNodeOnline              text57       00522A
__end_of_vscp_readAppReg                 text98       0023B4
__end_of_vscp_readNicknamePermanent      text60       005564
__end_of_vscp_readRegister               text43       0053F6
__end_of_vscp_readStdReg                 text44       003822
__end_of_vscp_restoreDefaults            text37       005576
__end_of_vscp_sendEvent                  text67       0052A4
__end_of_vscp_sendHeartBeat              text22       0052CA
__end_of_vscp_setControlByte             text79       0054EA
__end_of_vscp_setGUID                    text41       0053A0
__end_of_vscp_setManufacturerId          text39       005428
__end_of_vscp_setSegmentCRC              text80       0054FC
__end_of_vscp_setUserID                  text40       005440
__end_of_vscp_writeAppReg                text42       001358
__end_of_vscp_writeNicknamePermanent     text83       00550E
__end_of_vscp_writeRegister              text35       00537E
__end_of_vscp_writeStdReg                text36       003F74
__end_of_writeCoeffs2Ram                 text91       004866
__end_of_writeEEPROM                     text84       0052F0
__end_ofexp@coeff                        smallconst   000648
__end_ofi1_ConvertADC                    text101      005582
__end_ofi1_WriteTimer0                   text100      005532
__end_oflog@coeff                        smallconst   00066C
__initialization                         cinit        004F72
__mediumconst                            mediumconst  000000
__pbssBANK0                              bssBANK0     000060
__pbssBANK1                              bssBANK1     000100
__pbssBIGRAM                             bssBIGRAM    000185
__pbssCOMRAM                             bssCOMRAM    000046
__pcinit                                 cinit        004F72
__pcstackBANK0                           cstackBANK0  0000A1
__pcstackBANK1                           cstackBANK1  00014E
__pcstackCOMRAM                          cstackCOMRAM 000001
__pintcodelo                             intcodelo    000018
__pnvBANK1                               nvBANK1      000184
__psmallconst                            smallconst   000600
__ptext0                                 text0        004074
__ptext1                                 text1        001368
__ptext10                                text10       004720
__ptext100                               text100      005520
__ptext101                               text101      00557E
__ptext102                               text102      000000
__ptext11                                text11       00445C
__ptext12                                text12       003F74
__ptext13                                text13       004866
__ptext14                                text14       004998
__ptext15                                text15       004DBA
__ptext16                                text16       004E52
__ptext17                                text17       004D20
__ptext18                                text18       005034
__ptext19                                text19       004E9C
__ptext2                                 text2        0051D6
__ptext20                                text20       004672
__ptext21                                text21       004E06
__ptext22                                text22       0052A4
__ptext23                                text23       005532
__ptext24                                text24       00553C
__ptext25                                text25       0034E2
__ptext26                                text26       005576
__ptext27                                text27       004A1E
__ptext28                                text28       004A98
__ptext29                                text29       00450E
__ptext3                                 text3        004D6E
__ptext30                                text30       004B8A
__ptext31                                text31       003842
__ptext32                                text32       0050E6
__ptext33                                text33       002AD0
__ptext34                                text34       005254
__ptext35                                text35       00535C
__ptext36                                text36       003E6E
__ptext37                                text37       00556E
__ptext38                                text38       0023B4
__ptext39                                text39       005410
__ptext4                                 text4        004CD2
__ptext40                                text40       005428
__ptext41                                text41       00537E
__ptext42                                text42       00066E
__ptext43                                text43       0053DC
__ptext44                                text44       0036A4
__ptext45                                text45       005546
__ptext46                                text46       005550
__ptext47                                text47       005582
__ptext48                                text48       005584
__ptext49                                text49       005586
__ptext5                                 text5        0042E4
__ptext50                                text50       005488
__ptext51                                text51       00549C
__ptext52                                text52       005440
__ptext53                                text53       0054B0
__ptext54                                text54       005588
__ptext55                                text55       00558A
__ptext56                                text56       00558C
__ptext57                                text57       005200
__ptext58                                text58       00514E
__ptext59                                text59       004F2E
__ptext6                                 text6        004EE6
__ptext60                                text60       00555A
__ptext61                                text61       005314
__ptext62                                text62       004FF6
__ptext63                                text63       005458
__ptext64                                text64       0053F6
[...]
 Defined at:
		line 32 in file "C:\Program Files (x86)\Microchip\xc8\v1.21\sources\common\awtofl.c"
 Parameters:    Size  Location     Type
  c               2   23[COMRAM] int 
 Auto vars:     Size  Location     Type
  f1              4    0        int 
  sign            1   28[COMRAM] unsigned char 
 Return value:  Size  Location     Type
                  4   23[COMRAM] unsigned char 
 Registers used:
		wreg, status,2, status,0, cstack
 Tracked objects:
		On entry : 
		On exit  : 
		Unchanged: 
 Data sizes:     COMRAM   BANK0   BANK1   BANK2   BANK3   BANK4   BANK5
      Params:         4       0       0       0       0       0       0
      Locals:         2       0       0       0       0       0       0
      Temps:          0       0       0       0       0       0       0
      Totals:         6       0       0       0       0       0       0
Total ram usage:        6 bytes
 Hardware stack levels used:    1
 Hardware stack levels required when called:    3
 This function calls:
		___flpack
 This function is called by:
		_setEventData
		_exp
		_log
 This function uses a non-reentrant model


 *************** function ___flmul *****************
 Defined at:
		line 51 in file "C:\Program Files (x86)\Microchip\xc8\v1.21\sources\common\flmul.c"
 Parameters:    Size  Location     Type
  f1              4   29[COMRAM] unsigned char 
  f2              4   33[COMRAM] unsigned char 
 Auto vars:     Size  Location     Type
  f3_as_produc    4   45[COMRAM] unsigned long 
  sign            1   50[COMRAM] unsigned char 
  cntr            1   49[COMRAM] unsigned char 
  exp             1   44[COMRAM] unsigned char 
 Return value:  Size  Location     Type
                  4   29[COMRAM] unsigned char 
 Registers used:
		wreg, status,2, status,0, cstack
 Tracked objects:
		On entry : 
		On exit  : 
		Unchanged: 
 Data sizes:     COMRAM   BANK0   BANK1   BANK2   BANK3   BANK4   BANK5
      Params:         8       0       0       0       0       0       0
      Locals:        14       0       0       0       0       0       0
      Temps:          0       0       0       0       0       0       0
      Totals:        22       0       0       0       0       0       0
Total ram usage:       22 bytes
 Hardware stack levels used:    1
 Hardware stack levels required when called:    3
 This function calls:
		___flpack
 This function is called by:
		_doWork
		_Celsius2Fahrenheit
		___asflmul
		_log
		_eval_poly
 This function uses a non-reentrant model


 *************** function ___flpack *****************
 Defined at:
		line 64 in file "C:\Program Files (x86)\Microchip\xc8\v1.21\sources\common\double.c"
 Parameters:    Size  Location     Type
  arg             4   13[COMRAM] unsigned long 
  exp             1   17[COMRAM] unsigned char 
  sign            1   18[COMRAM] unsigned char 
 Auto vars:     Size  Location     Type
		None
 Return value:  Size  Location     Type
                  4   13[COMRAM] unsigned char 
 Registers used:
		wreg, status,2, status,0
 Tracked objects:
		On entry : 
		On exit  : 
		Unchanged: 
 Data sizes:     COMRAM   BANK0   BANK1   BANK2   BANK3   BANK4   BANK5
      Params:         6       0       0       0       0       0       0
      Locals:         0       0       0       0       0       0       0
      Temps:          4       0       0       0       0       0       0
      Totals:        10       0       0       0       0       0       0
Total ram usage:       10 bytes
 Hardware stack levels used:    1
 Hardware stack levels required when called:    2
 This function calls:
		Nothing
 This function is called by:
		___altofl
		___awtofl
		___fladd
		___fldiv
		___flmul
		___lwtofl
 This function uses a non-reentrant model


 *************** function _vscp_readAppReg *****************
 Defined at:
		line 1279 in file "../main.c"
 Parameters:    Size  Location     Type
  reg             1    wreg     unsigned char 
 Auto vars:     Size  Location     Type
  reg             1   18[COMRAM] unsigned char 
  pos             1   17[COMRAM] unsigned char 
  rv              1   19[COMRAM] unsigned char 
 Return value:  Size  Location     Type
                  1    wreg      unsigned char 
 Registers used:
		wreg, fsr2l, fsr2h, status,2, status,0, cstack
 Tracked objects:
		On entry : 
		On exit  : 
		Unchanged: 
 Data sizes:     COMRAM   BANK0   BANK1   BANK2   BANK3   BANK4   BANK5
      Params:         0       0       0       0       0       0       0
      Locals:         3       0       0       0       0       0       0
      Temps:          0       0       0       0       0       0       0
      Totals:         3       0       0       0       0       0       0
Total ram usage:        3 bytes
 Hardware stack levels used:    1
 Hardware stack levels required when called:    3
 This function calls:
		_readEEPROM
 This function is called by:
		_vscp_readRegister
		_vscp_handleProtocolEvent
 This function uses a non-reentrant model


 *************** function _interrupt_at_low_vector *****************
 Defined at:
		line 135 in file "../main.c"
 Parameters:    Size  Location     Type
		None
 Auto vars:     Size  Location     Type
		None
 Return value:  Size  Location     Type
		None               void
 Registers used:
		wreg, fsr2l, fsr2h, status,2, status,0, prodl, prodh, cstack
 Tracked objects:
		On entry : 
		On exit  : 
		Unchanged: 
 Data sizes:     COMRAM   BANK0   BANK1   BANK2   BANK3   BANK4   BANK5
      Params:         0       0       0       0       0       0       0
      Locals:         0       0       0       0       0       0       0
      Temps:          9       0       0       0       0       0       0
      Totals:         9       0       0       0       0       0       0
Total ram usage:        9 bytes
 Hardware stack levels used:    1
 Hardware stack levels required when called:    1
 This function calls:
		i1_ConvertADC
		i1_WriteTimer0
 This function is called by:
		Interrupt level 1
 This function uses a non-reentrant model


 *************** function i1_WriteTimer0 *****************
 Defined at:
		line 17 in file "C:\Program Files (x86)\Microchip\xc8\v1.21\sources\pic18\plib\Timers\t0write.c"
 Parameters:    Size  Location     Type
  timer0          2    0[COMRAM] unsigned int 
 Auto vars:     Size  Location     Type
  WriteTimer0     2    2[COMRAM] struct Timers
 Return value:  Size  Location     Type
		None               void
 Registers used:
		None
 Tracked objects:
		On entry : 
		On exit  : 
		Unchanged: 
 Data sizes:     COMRAM   BANK0   BANK1   BANK2   BANK3   BANK4   BANK5
      Params:         2       0       0       0       0       0       0
      Locals:         2       0       0       0       0       0       0
      Temps:          0       0       0       0       0       0       0
      Totals:         4       0       0       0       0       0       0
Total ram usage:        4 bytes
 Hardware stack levels used:    1
 This function calls:
		Nothing
 This function is called by:
		_interrupt_at_low_vector
 This function uses a non-reentrant model


 *************** function i1_ConvertADC *****************
 Defined at:
		line 23 in file "C:\Program Files (x86)\Microchip\xc8\v1.21\sources\pic18\plib\ADC\adcconv.c"
 Parameters:    Size  Location     Type
		None
 Auto vars:     Size  Location     Type
		None
 Return value:  Size  Location     Type
		None               void
 Registers used:
		None
 Tracked objects:
		On entry : 
		On exit  : 
		Unchanged: 
 Data sizes:     COMRAM   BANK0   BANK1   BANK2   BANK3   BANK4   BANK5
      Params:         0       0       0       0       0       0       0
      Locals:         0       0       0       0       0       0       0
      Temps:          0       0       0       0       0       0       0
      Totals:         0       0       0       0       0       0       0
Total ram usage:        0 bytes
 Hardware stack levels used:    1
 This function calls:
		Nothing
 This function is called by:
		_interrupt_at_low_vector
 This function uses a non-reentrant model



MODULE INFORMATION

Module		Function		Class		Link	Load	Size
C:\Program Files (x86)\Microchip\xc8\v1.21\sources\common\altofl.c
		___altofl      		CODE           	4E52	0000	74

C:\Program Files (x86)\Microchip\xc8\v1.21\sources\common\altofl.c estimated size: 74

C:\Program Files (x86)\Microchip\xc8\v1.21\sources\pic18\asfladd.c
		___asfladd     		CODE           	4CD2	0000	78

C:\Program Files (x86)\Microchip\xc8\v1.21\sources\pic18\asfladd.c estimated size: 78

../main.c
		_vscp_getBootLo		CODE           	5586	0000	2
		_vscp_getZone  		CODE           	553C	0000	10
		_init          		CODE           	5070	0000	60
		_vscp_setManufa		CODE           	5410	0000	24
		_vscp_setGUID  		CODE           	537E	0000	34
		_sendTempEvent 		CODE           	4A98	0000	108
		_getVSCPFrame  		CODE           	4B12	0000	120
		_vscp_setContro		CODE           	54D8	0000	18
		_vscp_getUserID		CODE           	549C	0000	20
		_setEventData  		CODE           	450E	0000	178
		_doWork        		CODE           	1368	0000	1896
		_vscp_getSegmen		CODE           	5564	0000	10
		_getCalibration		CODE           	4EE6	0000	72
		_vscp_restoreDe		CODE           	556E	0000	8
		_vscp_readAppRe		CODE           	1C1E	0000	1942
		_vscp_getFamily		CODE           	5550	0000	10
		_vscp_setUserID		CODE           	5428	0000	24
		_getCANFrame   		CODE           	51AA	0000	44
		_main          		CODE           	4074	0000	242
		_handle_sync   		CODE           	4A1E	0000	122
		_vscp_getRegist		CODE           	5582	0000	2
		_vscp_setSegmen		CODE           	54EA	0000	18
		_doOneSecondWor		CODE           	34E2	0000	378
		_sendVSCPFrame 		CODE           	45C0	0000	178
		_vscp_getMDF_UR		CODE           	5440	0000	24
		_init_app_eepro		CODE           	23B4	0000	1806
		_sendCANFrame  		CODE           	517E	0000	44
		_vscp_writeAppR		CODE           	066E	0000	3306
		_vscp_getFamily		CODE           	5546	0000	10
		_vscp_getBuffer		CODE           	5584	0000	2
		_vscp_getSubzon		CODE           	5532	0000	10
		_vscp_getMatrix		CODE           	53F6	0000	26
		_vscp_goBootloa		CODE           	5458	0000	24
		_writeCoeffs2Ra		CODE           	47C6	0000	160
		_vscp_readNickn		CODE           	555A	0000	10
		_interrupt_at_l		CODE           	0018	0000	668
		_vscp_getMajorV		CODE           	558C	0000	2
		_vscp_getMinorV		CODE           	558A	0000	2
		_vscp_writeNick		CODE           	54FC	0000	18
		_init_app_ram  		CODE           	4FB4	0000	66
		_vscp_getManufa		CODE           	5488	0000	20
		_vscp_getSubMin		CODE           	5588	0000	2
		_vscp_getGUID  		CODE           	54B0	0000	20

../main.c estimated size: 11740

C:\Program Files (x86)\Microchip\xc8\v1.21\sources\common\awtofl.c
		___awtofl      		CODE           	50AC	0000	58

C:\Program Files (x86)\Microchip\xc8\v1.21\sources\common\awtofl.c estimated size: 58

C:\Program Files (x86)\Microchip\xc8\v1.21\sources\pic18\plib\Timers\t0write.c
		_WriteTimer0   		CODE           	550E	0000	18

C:\Program Files (x86)\Microchip\xc8\v1.21\sources\pic18\plib\Timers\t0write.c estimated size: 18

C:\Program Files (x86)\Microchip\xc8\v1.21\sources\common\flge.c
		___flge        		CODE           	4DBA	0000	76

C:\Program Files (x86)\Microchip\xc8\v1.21\sources\common\flge.c estimated size: 76

../../vscp_firmware/pic/common/eeprom.c
		_readEEPROM    		CODE           	54C4	0000	20
		_writeEEPROM   		CODE           	52CA	0000	38

../../vscp_firmware/pic/common/eeprom.c estimated size: 58

C:\Program Files (x86)\Microchip\xc8\v1.21\sources\common\frexp.c
		_ldexp         		CODE           	4720	0000	166
		_frexp         		CODE           	4998	0000	134

C:\Program Files (x86)\Microchip\xc8\v1.21\sources\common\frexp.c estimated size: 300

C:\Program Files (x86)\Microchip\xc8\v1.21\sources\common\wmul.c
		___wmul        		CODE           	511C	0000	34

C:\Program Files (x86)\Microchip\xc8\v1.21\sources\common\wmul.c estimated size: 34

C:\Program Files (x86)\Microchip\xc8\v1.21\sources\common\exp.c
		_exp           		CODE           	32FC	0000	486

C:\Program Files (x86)\Microchip\xc8\v1.21\sources\common\exp.c estimated size: 486

C:\Program Files (x86)\Microchip\xc8\v1.21\sources\common\evalpoly.c
		_eval_poly     		CODE           	445C	0000	156

C:\Program Files (x86)\Microchip\xc8\v1.21\sources\common\evalpoly.c estimated size: 156

C:\Program Files (x86)\Microchip\xc8\v1.21\sources\common\lwtofl.c
		___lwtofl      		CODE           	51D6	0000	42

C:\Program Files (x86)\Microchip\xc8\v1.21\sources\common\lwtofl.c estimated size: 42

C:\Program Files (x86)\Microchip\xc8\v1.21\sources\pic18\plib\ADC\adcopen.c
		_OpenADC       		CODE           	4C76	0000	92

C:\Program Files (x86)\Microchip\xc8\v1.21\sources\pic18\plib\ADC\adcopen.c estimated size: 92

C:\Program Files (x86)\Microchip\xc8\v1.21\sources\common\log.c
		_log           		CODE           	3B0E	0000	302

C:\Program Files (x86)\Microchip\xc8\v1.21\sources\common\log.c estimated size: 302

../ECAN.c
		_ECANReceiveMes		CODE           	30F4	0000	506
		__RegsToCANID  		CODE           	3C3C	0000	196
		__ECANPointBuff		CODE           	4C00	0000	118
		_ECANInitialize		CODE           	4902	0000	150
		__CANIDToRegs  		CODE           	3D5A	0000	192
		_ECANSetOperati		CODE           	5470	0000	24
		_ECANSendMessag		CODE           	39A8	0000	358

../ECAN.c estimated size: 1544

shared
		PL12           		CODE           	1B1C	0000	14
		PL50           		CODE           	3D0E	0000	20
		PL8            		CODE           	1AFC	0000	16
		PL22           		CODE           	365C	0000	30
		PL60           		CODE           	1BE0	0000	18
		PL32           		CODE           	3E2E	0000	16
		PL70           		CODE           	1BF2	0000	16
		PL42           		CODE           	44F8	0000	22
		PL80           		CODE           	1C10	0000	14
		exp@coeff      		SMALLCONST     	0620	0000	40
		PL14           		CODE           	1B2A	0000	48
		PL52           		CODE           	30C8	0000	20
		PL90           		CODE           	30EA	0000	10
		PL24           		CODE           	1B92	0000	16
		PL62           		CODE           	3D48	0000	18
		PL34           		CODE           	1BA2	0000	24
		PL72           		CODE           	30DC	0000	14
		_vscp_deviceURL		SMALLCONST     	0600	0000	32
		PL44           		CODE           	1BD2	0000	14
		PL82           		CODE           	4B04	0000	14
		i1_ConvertADC  		CODE           	557E	0000	4
		PL16           		CODE           	1B5A	0000	34
		PL54           		CODE           	3D22	0000	18
		PL26           		CODE           	3D00	0000	14
		PL64           		CODE           	4208	0000	16
		PL36           		CODE           	1BBA	0000	24
		PL74           		CODE           	4218	0000	14
		PL46           		CODE           	3E50	0000	20
		PL84           		CODE           	3E64	0000	10
		PL18           		CODE           	3E1A	0000	20
		PL56           		CODE           	3D34	0000	20
		PL28           		CODE           	367A	0000	28
		PL66           		CODE           	1358	0000	16
		PL38           		CODE           	30B0	0000	24
		PL76           		CODE           	32EE	0000	14
		PL48           		CODE           	3822	0000	20
		PL86           		CODE           	3836	0000	12
		PL58           		CODE           	3996	0000	18
		PL68           		CODE           	513E	0000	16
		PL78           		CODE           	1C02	0000	14
		PL88           		CODE           	4450	0000	12
		__initializatio		CODE           	4F72	0000	56
		i1_WriteTimer0 		CODE           	5520	0000	18
		log@coeff      		SMALLCONST     	0648	0000	36
		PL2            		CODE           	2AC2	0000	14
		PL10           		CODE           	1B0C	0000	16
		PL4            		CODE           	1AD0	0000	16
		PL20           		CODE           	1B7C	0000	22
		PL30           		CODE           	3696	0000	14
		PL6            		CODE           	1AE0	0000	28
		PL40           		CODE           	3E3E	0000	18

shared estimated size: 1022

C:\Program Files (x86)\Microchip\xc8\v1.21\sources\common\lbmod.c
		___lbmod       		CODE           	5254	0000	40

C:\Program Files (x86)\Microchip\xc8\v1.21\sources\common\lbmod.c estimated size: 40

../ntc.c
		_Celsius2Kelvin		CODE           	50E6	0000	54
		_Celsius2Fahren		CODE           	4B8A	0000	118

../ntc.c estimated size: 172

../../vscp_firmware/common/vscp_firmware.c
		_vscp_getEvent 		CODE           	522A	0000	42
		_vscp_handleHea		CODE           	4FF6	0000	62
		_vscp_readRegis		CODE           	53DC	0000	26
		_vscp_writeRegi		CODE           	535C	0000	34
		_vscp_error    		CODE           	5576	0000	4
		_vscp_readStdRe		CODE           	36A4	0000	382
		_vscp_goActiveS		CODE           	53A0	0000	30
		_vscp_doOneSeco		CODE           	4E06	0000	76
		_vscp_sendEvent		CODE           	527C	0000	40
		_vscp_check_pst		CODE           	5338	0000	36
		_vscp_writeStdR		CODE           	3E6E	0000	262
		_vscp_handlePro		CODE           	2AD0	0000	1504
		_vscp_handleDro		CODE           	514E	0000	48
		_vscp_handleSet		CODE           	5314	0000	36
		_vscp_handlePro		CODE           	4226	0000	190
		_vscp_sendHeart		CODE           	52A4	0000	38
		_vscp_newNodeOn		CODE           	5200	0000	42
		_vscp_init     		CODE           	4F2E	0000	68

../../vscp_firmware/common/vscp_firmware.c estimated size: 2920

C:\Program Files (x86)\Microchip\xc8\v1.21\sources\common\aldiv.c
		___aldiv       		CODE           	42E4	0000	188

C:\Program Files (x86)\Microchip\xc8\v1.21\sources\common\aldiv.c estimated size: 188

C:\Program Files (x86)\Microchip\xc8\v1.21\sources\common\fldiv.c
		___fldiv       		CODE           	4672	0000	174

C:\Program Files (x86)\Microchip\xc8\v1.21\sources\common\fldiv.c estimated size: 174

C:\Program Files (x86)\Microchip\xc8\v1.21\sources\common\flsub.c
		___flsub       		CODE           	5034	0000	60

C:\Program Files (x86)\Microchip\xc8\v1.21\sources\common\flsub.c estimated size: 60

C:\Program Files (x86)\Microchip\xc8\v1.21\sources\common\flneg.c
		___flneg       		CODE           	52F0	0000	36

C:\Program Files (x86)\Microchip\xc8\v1.21\sources\common\flneg.c estimated size: 36

C:\Program Files (x86)\Microchip\xc8\v1.21\sources\pic18\plib\Timers\t0open.c
		_OpenTimer0    		CODE           	53BE	0000	30

C:\Program Files (x86)\Microchip\xc8\v1.21\sources\pic18\plib\Timers\t0open.c estimated size: 30

C:\Program Files (x86)\Microchip\xc8\v1.21\sources\pic18\asfldiv.c
		___asfldiv     		CODE           	4D6E	0000	76

C:\Program Files (x86)\Microchip\xc8\v1.21\sources\pic18\asfldiv.c estimated size: 76

C:\Program Files (x86)\Microchip\xc8\v1.21\sources\pic18\asflsub.c
		___asflsub     		CODE           	4D20	0000	78

C:\Program Files (x86)\Microchip\xc8\v1.21\sources\pic18\asflsub.c estimated size: 78

C:\Program Files (x86)\Microchip\xc8\v1.21\sources\common\flmul.c
		___flmul       		CODE           	4166	0000	162

C:\Program Files (x86)\Microchip\xc8\v1.21\sources\common\flmul.c estimated size: 162

C:\Program Files (x86)\Microchip\xc8\v1.21\sources\common\fltol.c
		___fltol       		CODE           	4866	0000	156

C:\Program Files (x86)\Microchip\xc8\v1.21\sources\common\fltol.c estimated size: 156

C:\Program Files (x86)\Microchip\xc8\v1.21\sources\common\double.c
		___flpack      		CODE           	43A0	0000	176

C:\Program Files (x86)\Microchip\xc8\v1.21\sources\common\double.c estimated size: 176

C:\Program Files (x86)\Microchip\xc8\v1.21\sources\pic18\plib\ADC\adcconv.c
		_ConvertADC    		CODE           	557A	0000	4

C:\Program Files (x86)\Microchip\xc8\v1.21\sources\pic18\plib\ADC\adcconv.c estimated size: 4

C:\Program Files (x86)\Microchip\xc8\v1.21\sources\pic18\asflmul.c
		___asflmul     		CODE           	4E9C	0000	74

C:\Program Files (x86)\Microchip\xc8\v1.21\sources\pic18\asflmul.c estimated size: 74

C:\Program Files (x86)\Microchip\xc8\v1.21\sources\common\floor.c
		_floor         		CODE           	3F74	0000	256

C:\Program Files (x86)\Microchip\xc8\v1.21\sources\common\floor.c estimated size: 256

C:\Program Files (x86)\Microchip\xc8\v1.21\sources\common\fladd.c
		___fladd       		CODE           	3842	0000	340

C:\Program Files (x86)\Microchip\xc8\v1.21\sources\common\fladd.c estimated size: 340

