Microchip MPLAB XC8 Compiler V1.21 ()

Linker command line:

--edf=C:\Program Files (x86)\Microchip\xc8\v1.21\dat\en_msgs.txt -cs \
  -h+dist/Relocated/production\kelvin_ntc.X.production.sym \
  --cmf=dist/Relocated/production\kelvin_ntc.X.production.cmf -z -Q18F2580 \
  -oC:\Users\GRODAN~1\AppData\Local\Temp\sbvc.6 \
  -Mdist/Relocated/production/kelvin_ntc.X.production.map -E1 -ver=XC8 \
  -ACODE=0800h-07FFFh -ACONST=0800h-07FFFh -ASMALLCONST=0800h-08FFhx120 \
  -AMEDIUMCONST=0800h-07FFFh -ACOMRAM=01h-05Fh -AABS1=00h-05FFh \
  -ABIGRAM=01h-05FFh -ARAM=060h-0FFh,0100h-01FFhx5 -ABANK0=060h-0FFh \
  -ABANK1=0100h-01FFh -ABANK2=0200h-02FFh -ABANK3=0300h-03FFh \
  -ABANK4=0400h-04FFh -ABANK5=0500h-05FFh \
  -ASFR=0D00h-0DFFhx2,0F00h-0F5Fh,0F60h-0FFFh \
  -preset_vec=0800h,intcode,intcodelo=0818h,powerup,init,end_init \
  -pramtop=0600h -psmallconst=SMALLCONST -pmediumconst=MEDIUMCONST \
  -pconst=CONST -AFARRAM=00h-00h -ACONFIG=0300000h-030000Dh -pconfig=CONFIG \
  -AIDLOC=0200000h-0200007h -pidloc=IDLOC -AEEDATA=0F00000h-0F000FFh \
  -peeprom_data=EEDATA \
  -prdata=COMRAM,nvrram=COMRAM,nvbit=COMRAM,rbss=COMRAM,rbit=COMRAM \
  -pfarbss=FARRAM,fardata=FARRAM,nvFARRAM=FARRAM \
  -pintsave_regs=BIGRAM,bigbss=BIGRAM,bigdata=BIGRAM -pbss=RAM \
  -pidata=CODE,irdata=CODE,ibigdata=CODE,ifardata=CODE \
  C:\Users\GRODAN~1\AppData\Local\Temp\sbvc.obj \
  dist/Relocated/production\kelvin_ntc.X.production.obj 

Object code version is 3.11

Machine type is 18F2580

Call graph: (short form)




                Name                               Link     Load   Length Selector   Space Scale
C:\Users\GRODAN~1\AppData\Local\Temp\sbvc.obj
                end_init                            AB6      AB6        4      40C       0
                reset_vec                           800      800        4      400       0
                idloc                            200000   200000        8   200000       0
                config                           300000   300000        E   300000       0
dist/Relocated/production\kelvin_ntc.X.production.obj
                intcodelo                           818      818      29E      40C       0
                smallconst                          B00      B00       6E      580       0
                text101                            5DF2     5DF2        4      5B7       0
                text100                            5D94     5D94       12      5B7       0
                text98                             22EC     22EC      7A0      5B7       0
                text97                             4A78     4A78       C0      5B7       0
                text96                             49A8     49A8       D0      5B7       0
                text95                             5980     5980       3A      5B7       0
                text94                             5D82     5D82       12      5B7       0
                text93                             5DEE     5DEE        4      5B7       0
                text92                             5946     5946       3A      5B7       0
                text91                             5026     5026       A0      5B7       0
                text90                             58D0     58D0       3C      5B7       0
                text89                             5C32     5C32       1E      5B7       0
                text88                             54DA     54DA       5C      5B7       0
                text87                             5CE4     5CE4       18      5B7       0
                text86                             5162     5162       96      5B7       0
                text85                             5894     5894       3C      5B7       0
                text84                             5B3E     5B3E       26      5B7       0
                text83                             5D70     5D70       12      5B7       0
                text82                             5D38     5D38       14      5B7       0
                text81                             5DD8     5DD8        A      5B7       0
                text80                             5D5E     5D5E       12      5B7       0
                text79                             5D4C     5D4C       12      5B7       0
                text78                             5BAC     5BAC       24      5B7       0
                text77                             53F0     53F0       76      5B7       0
                text76                             4178     4178      164      5B7       0
                text75                             3874     3874      20E      5B7       0
                text74                             5A1E     5A1E       2C      5B7       0
                text73                             5378     5378       78      5B7       0
                text72                             5A9E     5A9E       2A      5B7       0
                text71                             443C     443C      150      5B7       0
                text70                             4012     4012      166      5B7       0
                text69                             578A     578A       46      5B7       0
                text68                             4E20     4E20       B2      5B7       0
                text67                             5AF0     5AF0       28      5B7       0
                text66                             5C14     5C14       1E      5B7       0
                text65                             4B38     4B38       BE      5B7       0
                text64                             5C6A     5C6A       1A      5B7       0
                text63                             5CCC     5CCC       18      5B7       0
                text62                             5856     5856       3E      5B7       0
                text61                             5B88     5B88       24      5B7       0
                text60                             5DCE     5DCE        A      5B7       0
                text59                             57D0     57D0       44      5B7       0
                text58                             59EE     59EE       30      5B7       0
                text57                             5A74     5A74       2A      5B7       0
                text56                             5E00     5E00        2      5B7       0
                text55                             5DFE     5DFE        2      5B7       0
                text54                             5DFC     5DFC        2      5B7       0
                text53                             5D24     5D24       14      5B7       0
                text52                             5CB4     5CB4       18      5B7       0
                text51                             5D10     5D10       14      5B7       0
                text50                             5CFC     5CFC       14      5B7       0
                text49                             5DFA     5DFA        2      5B7       0
                text48                             5DF8     5DF8        2      5B7       0
                text47                             5DF6     5DF6        2      5B7       0
                text46                             5DC4     5DC4        A      5B7       0
                text45                             5DBA     5DBA        A      5B7       0
                text44                             3E64     3E64      1AE      5B7       0
                text43                             5C50     5C50       1A      5B7       0
                text42                              B6E      B6E      D02      5B7       0
                text41                             5BF2     5BF2       22      5B7       0
                text40                             5C9C     5C9C       18      5B7       0
                text39                             5C84     5C84       18      5B7       0
                text38                             2A8C     2A8C      79E      5B7       0
                text37                             5DE2     5DE2        8      5B7       0
                text36                             46B8     46B8      106      5B7       0
                text35                             5BD0     5BD0       22      5B7       0
                text34                             5AC8     5AC8       28      5B7       0
                text33                             322A     322A      64A      5B7       0
                text32                             59BA     59BA       34      5B7       0
                text31                             42DC     42DC      160      5B7       0
                text30                             5466     5466       74      5B7       0
                text29                             4D6E     4D6E       B2      5B7       0
                text28                             527E     527E       80      5B7       0
                text27                             52FE     52FE       7A      5B7       0
                text26                             5DEA     5DEA        4      5B7       0
                text25                             3A82     3A82      1FA      5B7       0
                text24                             5DB0     5DB0        A      5B7       0
                text23                             5DA6     5DA6        A      5B7       0
                text22                             5B18     5B18       26      5B7       0
                text21                             55CE     55CE       4C      5B7       0
                text20                             4ED2     4ED2       AE      5B7       0
                text19                             56F8     56F8       4A      5B7       0
                text18                             590C     590C       3A      5B7       0
                text17                             56AE     56AE       4A      5B7       0
                text16                             5664     5664       4A      5B7       0
                text15                             5582     5582       4C      5B7       0
                text14                             51F8     51F8       86      5B7       0
                text13                             50C6     50C6       9C      5B7       0
                text12                             47BE     47BE       FE      5B7       0
                text11                             4CB2     4CB2       BC      5B7       0
                text10                             4F80     4F80       A6      5B7       0
                text9                              5B64     5B64       24      5B7       0
                text8                              3C7C     3C7C      1E8      5B7       0
                text7                              458C     458C      12C      5B7       0
                text6                              5742     5742       48      5B7       0
                text5                              4BF6     4BF6       BC      5B7       0
                text4                              561A     561A       4A      5B7       0
                text3                              5536     5536       4C      5B7       0
                text2                              5A4A     5A4A       2A      5B7       0
                text1                              1870     1870      A7C      5B7       0
                text0                              48BC     48BC       EC      5B7       0
                cstackCOMRAM                          1        1       45        1       1
                cstackBANK0                          A3       A3       3C       60       1
                cstackBANK1                         148      148       36      100       1
                bssBIGRAM                           17E      17E      3C0      17E       1
                bssBANK1                            100      100       48      100       1
                bssBANK0                             60       60       43       60       1
                bssCOMRAM                            46       46        D        1       1
                cinit                              5814     5814       42      5B7       0

TOTAL           Name                               Link     Load   Length     Space
        CLASS   CODE           
                end_init                            AB6      AB6        4         0
                intcodelo                           818      818      29E         0
                reset_vec                           800      800        4         0
                text101                            5DF2     5DF2        4         0
                text100                            5D94     5D94       12         0
                text98                             22EC     22EC      7A0         0
                text97                             4A78     4A78       C0         0
                text96                             49A8     49A8       D0         0
                text95                             5980     5980       3A         0
                text94                             5D82     5D82       12         0
                text93                             5DEE     5DEE        4         0
                text92                             5946     5946       3A         0
                text91                             5026     5026       A0         0
                text90                             58D0     58D0       3C         0
                text89                             5C32     5C32       1E         0
                text88                             54DA     54DA       5C         0
                text87                             5CE4     5CE4       18         0
                text86                             5162     5162       96         0
                text85                             5894     5894       3C         0
                text84                             5B3E     5B3E       26         0
                text83                             5D70     5D70       12         0
                text82                             5D38     5D38       14         0
                text81                             5DD8     5DD8        A         0
                text80                             5D5E     5D5E       12         0
                text79                             5D4C     5D4C       12         0
                text78                             5BAC     5BAC       24         0
                text77                             53F0     53F0       76         0
                text76                             4178     4178      164         0
                text75                             3874     3874      20E         0
                text74                             5A1E     5A1E       2C         0
                text73                             5378     5378       78         0
                text72                             5A9E     5A9E       2A         0
                text71                             443C     443C      150         0
                text70                             4012     4012      166         0
                text69                             578A     578A       46         0
                text68                             4E20     4E20       B2         0
                text67                             5AF0     5AF0       28         0
                text66                             5C14     5C14       1E         0
                text65                             4B38     4B38       BE         0
                text64                             5C6A     5C6A       1A         0
                text63                             5CCC     5CCC       18         0
                text62                             5856     5856       3E         0
                text61                             5B88     5B88       24         0
                text60                             5DCE     5DCE        A         0
                text59                             57D0     57D0       44         0
                text58                             59EE     59EE       30         0
                text57                             5A74     5A74       2A         0
                text56                             5E00     5E00        2         0
                text55                             5DFE     5DFE        2         0
                text54                             5DFC     5DFC        2         0
                text53                             5D24     5D24       14         0
                text52                             5CB4     5CB4       18         0
                text51                             5D10     5D10       14         0
                text50                             5CFC     5CFC       14         0
                text49                             5DFA     5DFA        2         0
                text48                             5DF8     5DF8        2         0
                text47                             5DF6     5DF6        2         0
                text46                             5DC4     5DC4        A         0
                text45                             5DBA     5DBA        A         0
                text44                             3E64     3E64      1AE         0
                text43                             5C50     5C50       1A         0
                text42                              B6E      B6E      D02         0
                text41                             5BF2     5BF2       22         0
                text40                             5C9C     5C9C       18         0
                text39                             5C84     5C84       18         0
                text38                             2A8C     2A8C      79E         0
                text37                             5DE2     5DE2        8         0
                text36                             46B8     46B8      106         0
                text35                             5BD0     5BD0       22         0
                text34                             5AC8     5AC8       28         0
                text33                             322A     322A      64A         0
                text32                             59BA     59BA       34         0
                text31                             42DC     42DC      160         0
                text30                             5466     5466       74         0
                text29                             4D6E     4D6E       B2         0
                text28                             527E     527E       80         0
                text27                             52FE     52FE       7A         0
                text26                             5DEA     5DEA        4         0
                text25                             3A82     3A82      1FA         0
                text24                             5DB0     5DB0        A         0
                text23                             5DA6     5DA6        A         0
                text22                             5B18     5B18       26         0
                text21                             55CE     55CE       4C         0
                text20                             4ED2     4ED2       AE         0
                text19                             56F8     56F8       4A         0
                text18                             590C     590C       3A         0
                text17                             56AE     56AE       4A         0
                text16                             5664     5664       4A         0
                text15                             5582     5582       4C         0
                text14                             51F8     51F8       86         0
                text13                             50C6     50C6       9C         0
                text12                             47BE     47BE       FE         0
                text11                             4CB2     4CB2       BC         0
                text10                             4F80     4F80       A6         0
                text9                              5B64     5B64       24         0
                text8                              3C7C     3C7C      1E8         0
                text7                              458C     458C      12C         0
                text6                              5742     5742       48         0
                text5                              4BF6     4BF6       BC         0
                text4                              561A     561A       4A         0
                text3                              5536     5536       4C         0
                text2                              5A4A     5A4A       2A         0
                text1                              1870     1870      A7C         0
                text0                              48BC     48BC       EC         0
                cinit                              5814     5814       42         0

        CLASS   CONST          

        CLASS   SMALLCONST     
                smallconst                          B00      B00       6E         0

        CLASS   MEDIUMCONST    

        CLASS   COMRAM         
                cstackCOMRAM                          1        1       45         1
                bssCOMRAM                            46       46        D         1

        CLASS   ABS1           

        CLASS   BIGRAM         
                bssBIGRAM                           17E      17E      3C0         1

        CLASS   RAM            

        CLASS   BANK0          
                cstackBANK0                          A3       A3       3C         1
                bssBANK0                             60       60       43         1

        CLASS   BANK1          
                cstackBANK1                         148      148       36         1
                bssBANK1                            100      100       48         1

        CLASS   BANK2          

        CLASS   BANK3          

        CLASS   BANK4          

        CLASS   BANK5          

        CLASS   SFR            

        CLASS   FARRAM         

        CLASS   CONFIG         
                config                           300000   300000        E         0

        CLASS   IDLOC          
                idloc                            200000   200000        8         0

        CLASS   EEDATA         



SEGMENTS        Name                           Load    Length   Top    Selector   Space  Class

                cstackCOMRAM                   000001  000052  000053         1       1  COMRAM  
                bssBANK0                       000060  00007F  0000DF        60       1  BANK0   
                bssBANK1                       000100  00007E  00017E       100       1  BANK1   
                bssBIGRAM                      00017E  0003C0  00053E       17E       1  BIGRAM  
                reset_vec                      000800  000004  000804       400       0  CODE    
                intcodelo                      000818  0002A2  000ABA       40C       0  CODE    
                smallconst                     000B00  00006E  000B6E       580       0  SMALLCON
                text42                         000B6E  005294  005E02       5B7       0  CODE    
                idloc                          200000  000008  200008    200000       0  IDLOC   
                config                         300000  00000E  30000E    300000       0  CONFIG  


UNUSED ADDRESS RANGES

        Name                Unused          Largest block    Delta
        BANK0            0000DF-0000FF               21
        BANK5            00053E-0005FF               C2
        BIGRAM           000053-00005F                D
                         0000DF-0000FF               21
                         00053E-0005FF               C2
        CODE             000804-000817               14
                         000ABA-000AFF               46
                         005E02-007FFF             21FE
        COMRAM           000053-00005F                D
        CONST            000804-000817               14
                         000ABA-000AFF               46
                         005E02-007FFF             21FE
        EEDATA           F00000-F000FF              100
        FARRAM           000000-000000                1
        MEDIUMCONST      000804-000817               14
                         000ABA-000AFF               46
                         005E02-007FFF             21FE
        RAM              0000DF-0000FF               21
                         00053E-0005FF               C2
        SFR              000D00-000FFF              100
        SMALLCONST       000804-000817               14
                         000ABA-000AFF               46
                         005E02-007FFF              100

                                  Symbol Table

?_Celsius2Fahrenheit                     cstackBANK0  0000B9
?_Celsius2Kelvin                         cstackCOMRAM 00002D
?_ECANReceiveMessage                     cstackCOMRAM 000015
?_ECANSendMessage                        cstackCOMRAM 000018
?_OpenADC                                cstackCOMRAM 00000E
?_WriteTimer0                            cstackCOMRAM 00000E
?__CANIDToRegs                           cstackCOMRAM 00000E
?__ECANPointBuffer                       cstackCOMRAM 00000E
?__RegsToCANID                           cstackCOMRAM 00000E
?___aldiv                                cstackCOMRAM 00003E
?___altofl                               cstackBANK0  0000A9
?___asfladd                              cstackCOMRAM 00002D
?___asfldiv                              cstackBANK0  0000B9
?___asflmul                              cstackCOMRAM 000034
?___asflsub                              cstackCOMRAM 00003C
?___awtofl                               cstackCOMRAM 000018
?___fladd                                cstackCOMRAM 00001E
?___fldiv                                cstackBANK0  0000A3
?___flge                                 cstackCOMRAM 00000E
?___flmul                                cstackCOMRAM 00001E
?___flneg                                cstackCOMRAM 00000E
?___flpack                               cstackCOMRAM 00000E
?___flsub                                cstackCOMRAM 000034
?___fltol                                cstackCOMRAM 000034
?___lbmod                                cstackCOMRAM 00000E
?___lwtofl                               cstackCOMRAM 000018
?___wmul                                 cstackCOMRAM 000012
?_eval_poly                              cstackCOMRAM 000034
?_exp                                    cstackBANK0  0000B9
?_floor                                  cstackBANK0  0000AE
?_frexp                                  cstackCOMRAM 00000E
?_getCANFrame                            cstackCOMRAM 000020
?_getCalibrationValue                    cstackCOMRAM 000012
?_getVSCPFrame                           cstackCOMRAM 000024
?_ldexp                                  cstackCOMRAM 000040
?_log                                    cstackBANK0  0000B9
?_readEEPROM                             cstackCOMRAM 00000E
?_sendCANFrame                           cstackCOMRAM 00003C
?_sendVSCPFrame                          cstackBANK0  0000A3
?_setEventData                           cstackBANK0  0000BD
?_vscp_getFamilyCode                     cstackCOMRAM 00000E
?_vscp_getFamilyType                     cstackCOMRAM 00000E
?_vscp_sendHeartBeat                     cstackCOMRAM 000044
?_vscp_setGUID                           cstackCOMRAM 000011
?_vscp_setManufacturerId                 cstackCOMRAM 000011
?_vscp_setUserID                         cstackCOMRAM 000011
?_vscp_writeAppReg                       cstackCOMRAM 000021
?_vscp_writeRegister                     cstackCOMRAM 000029
?_vscp_writeStdReg                       cstackCOMRAM 000022
?_writeEEPROM                            cstackCOMRAM 00000E
?i1_WriteTimer0                          cstackCOMRAM 000001
Celsius2Fahrenheit@tc                    cstackBANK0  0000B9
Celsius2Kelvin@tc                        cstackCOMRAM 00002D
ECANReceiveMessage@data                  cstackCOMRAM 000015
ECANReceiveMessage@dataLen               cstackCOMRAM 000016
ECANReceiveMessage@i                     cstackCOMRAM 00001B
ECANReceiveMessage@id                    cstackCOMRAM 00001A
ECANReceiveMessage@mode                  cstackCOMRAM 00001C
ECANReceiveMessage@msgFlags              cstackCOMRAM 000017
ECANReceiveMessage@ptr                   cstackCOMRAM 00001E
ECANReceiveMessage@savedPtr              cstackCOMRAM 000018
ECANReceiveMessage@temp                  cstackCOMRAM 00001D
ECANSendMessage@buffers                  cstackCOMRAM 000033
ECANSendMessage@data                     cstackCOMRAM 00001C
ECANSendMessage@dataLen                  cstackCOMRAM 00001D
ECANSendMessage@i                        cstackCOMRAM 000039
ECANSendMessage@id                       cstackCOMRAM 000018
ECANSendMessage@j                        cstackCOMRAM 000034
ECANSendMessage@mode                     cstackCOMRAM 000032
ECANSendMessage@msgFlags                 cstackCOMRAM 00001E
ECANSendMessage@pb                       cstackCOMRAM 000020
ECANSendMessage@ptr                      cstackCOMRAM 00003A
ECANSendMessage@temp                     cstackCOMRAM 000038
ECANSendMessage@tempBSEL0                cstackCOMRAM 000035
ECANSendMessage@tempPtr                  cstackCOMRAM 000036
ECANSetOperationMode@mode                cstackCOMRAM 00000E
OpenADC@config                           cstackCOMRAM 000012
OpenADC@config2                          cstackCOMRAM 00000E
OpenADC@portconfig                       cstackCOMRAM 00000F
OpenTimer0@config                        cstackCOMRAM 00000E
WriteTimer0@timer                        cstackCOMRAM 000010
WriteTimer0@timer0                       cstackCOMRAM 00000E
_ADCON0                                  (abs)        000FC2
_ADCON0bits                              (abs)        000FC2
_ADCON1                                  (abs)        000FC1
_ADCON2                                  (abs)        000FC0
_ADRESH                                  (abs)        000FC4
_ADRESL                                  (abs)        000FC3
_B0CON                                   (abs)        000E20
_B0RXFUL                                 (abs)        007107
_B0TXEN                                  (abs)        006FC2
_B1CON                                   (abs)        000E30
_B1RXFUL                                 (abs)        007187
_B1TXEN                                  (abs)        006FC3
_B2CON                                   (abs)        000E40
_B2RXFUL                                 (abs)        007207
_B2TXEN                                  (abs)        006FC4
_B3CON                                   (abs)        000E50
_B3RXFUL                                 (abs)        007287
_B3TXEN                                  (abs)        006FC5
_B4CON                                   (abs)        000E60
_B4RXFUL                                 (abs)        007307
_B4TXEN                                  (abs)        006FC6
_B5CON                                   (abs)        000E70
_B5RXFUL                                 (abs)        007387
_B5TXEN                                  (abs)        006FC7
_BRGCON1                                 (abs)        000F70
_BRGCON2                                 (abs)        000F71
_BRGCON3                                 (abs)        000F72
_BSEL0                                   (abs)        000DF8
_CANCON                                  (abs)        000F6F
_CIOCON                                  (abs)        000F73
_Celsius2Fahrenheit                      text30       005466
_Celsius2Kelvin                          text32       0059BA
_ConvertADC                              text93       005DEE
_ECANCON                                 (abs)        000F77
_ECANInitialize                          text86       005162
_ECANReceiveMessage                      text75       003874
_ECANSendMessage                         text70       004012
_ECANSetOperationMode                    text87       005CE4
_EEADR                                   (abs)        000FA9
_EECON1bits                              (abs)        000FA6
_EECON2                                  (abs)        000FA7
_EEDATA                                  (abs)        000FA8
_FIFOEMPTY                               (abs)        007BA7
_INTCONbits                              (abs)        000FF2
_IRXIF                                   (abs)        007D27
_MDSEL0                                  (abs)        007BBE
_MDSEL1                                  (abs)        007BBF
_MSEL0                                   (abs)        000DF0
_MSEL1                                   (abs)        000DF1
_MSEL2                                   (abs)        000DF2
_OpenADC                                 text88       0054DA
_OpenTimer0                              text89       005C32
_PIE1bits                                (abs)        000F9D
_PIR1bits                                (abs)        000F9E
_PIR2bits                                (abs)        000FA1
_PORTC                                   (abs)        000F82
_RXB0CON                                 (abs)        000F60
_RXB0FILHIT0                             (abs)        007B00
_RXB0FUL                                 (abs)        007B07
_RXB0IF                                  (abs)        007D20
_RXB0OVFL                                (abs)        007BA7
_RXB1CON                                 (abs)        000F50
_RXB1CONbits                             (abs)        000F50
_RXB1IF                                  (abs)        007D21
_RXB1OVFL                                (abs)        007BA6
_RXF0EIDH                                (abs)        000F02
_RXF0EIDL                                (abs)        000F03
_RXF0SIDH                                (abs)        000F00
_RXF0SIDL                                (abs)        000F01
_RXF1EIDH                                (abs)        000F06
_RXF1EIDL                                (abs)        000F07
_RXF1SIDH                                (abs)        000F04
_RXF1SIDL                                (abs)        000F05
_RXFBCON0                                (abs)        000DE0
_RXFBCON1                                (abs)        000DE1
_RXFBCON2                                (abs)        000DE2
_RXFBCON3                                (abs)        000DE3
_RXFBCON4                                (abs)        000DE4
_RXFBCON5                                (abs)        000DE5
_RXFBCON6                                (abs)        000DE6
_RXFBCON7                                (abs)        000DE7
_RXFCON0                                 (abs)        000DD4
_RXFCON1                                 (abs)        000DD5
_RXM0EIDH                                (abs)        000F1A
_RXM0EIDL                                (abs)        000F1B
_RXM0EXIDM                               (abs)        0078CB
_RXM0SIDH                                (abs)        000F18
_RXM0SIDL                                (abs)        000F19
_RXM1EIDH                                (abs)        000F1E
_RXM1EIDL                                (abs)        000F1F
_RXM1EXIDEN                              (abs)        0078EB
_RXM1SIDH                                (abs)        000F1C
_RXM1SIDL                                (abs)        000F1D
_T0CON                                   (abs)        000FD5
_T0CONbits                               (abs)        000FD5
_TMR0H                                   (abs)        000FD7
_TMR0L                                   (abs)        000FD6
_TRISA                                   (abs)        000F92
_TRISB                                   (abs)        000F93
_TRISC                                   (abs)        000F94
_TXB0CON                                 (abs)        000F40
_TXB1CON                                 (abs)        000F30
_TXB2CON                                 (abs)        000F20
_WriteTimer0                             text94       005D82
__CANIDToRegs                            text71       00443C
__CANIDToRegs@Value                      cstackCOMRAM 000017
__CANIDToRegs@ptr                        cstackCOMRAM 00000E
__CANIDToRegs@type                       cstackCOMRAM 000014
__CANIDToRegs@val                        cstackCOMRAM 000010
__CFG_BBSIZ$2048                         (abs)        000000
__CFG_BOREN$BOACTIVE                     (abs)        000000
__CFG_BORV$3                             (abs)        000000
__CFG_CPB$ON                             (abs)        000000
__CFG_EBTR0$OFF                          (abs)        000000
__CFG_EBTR1$OFF                          (abs)        000000
__CFG_EBTR2$OFF                          (abs)        000000
__CFG_EBTR3$OFF                          (abs)        000000
__CFG_EBTRB$OFF                          (abs)        000000
__CFG_LVP$ON                             (abs)        000000
__CFG_OSC$HSPLL                          (abs)        000000
__CFG_STVREN$ON                          (abs)        000000
__CFG_WDT$ON                             (abs)        000000
__CFG_WDTPS$128                          (abs)        000000
__CFG_WRTD$OFF                           (abs)        000000
__ECANPointBuffer                        text77       0053F0
__ECANPointBuffer@b                      cstackCOMRAM 000011
__ECANPointBuffer@pt                     cstackCOMRAM 000012
__ECANRxFilterHitInfo                    bssCOMRAM    000048
__HRAM                                   (abs)        000000
__Habs1                                  abs1         000000
__Hbank0                                 bank0        000000
__Hbank1                                 bank1        000000
__Hbank2                                 bank2        000000
__Hbank3                                 bank3        000000
__Hbank4                                 bank4        000000
__Hbank5                                 bank5        000000
__Hbigbss                                bigbss       000000
__Hbigdata                               bigdata      000000
__Hbigram                                bigram       000000
__Hbss                                   bss          000000
__HbssBANK0                              bssBANK0     000000
__HbssBANK1                              bssBANK1     000000
__HbssBIGRAM                             bssBIGRAM    000000
__HbssCOMRAM                             bssCOMRAM    000000
__Hcinit                                 cinit        000000
__Hclrtext                               clrtext      000000
__Hcomram                                comram       000000
__Hconfig                                config       30000E
__Hconst                                 const        000000
__HcstackBANK0                           cstackBANK0  000000
__HcstackBANK1                           cstackBANK1  000000
__HcstackCOMRAM                          cstackCOMRAM 000000
__Hdata                                  data         000000
__Heeprom_data                           eeprom_data  000000
__Hend_init                              end_init     000ABA
__Hfarbss                                farbss       000000
__Hfardata                               fardata      000000
__Hibigdata                              ibigdata     000000
__Hidata                                 idata        000000
__Hidloc                                 idloc        200008
__Hifardata                              ifardata     000000
__Hinit                                  init         000AB6
__Hintcode                               intcode      000804
__Hintcode_body                          intcode_body 000000
__Hintcodelo                             intcodelo    000AB6
__Hintentry                              intentry     000000
__Hintret                                intret       000000
__Hintsave_regs                          intsave_regs 000000
__Hirdata                                irdata       000000
__Hmediumconst                           mediumconst  000000
__HnvFARRAM                              nvFARRAM     000000
__Hnvbit                                 nvbit        000000
__Hnvrram                                nvrram       000000
__Hparam                                 rparam       000000
__Hpowerup                               powerup      000AB6
__Hram                                   ram          000000
__Hramtop                                ramtop       000600
__Hrbit                                  rbit         000000
__Hrbss                                  rbss         000000
__Hrdata                                 rdata        000000
__Hreset_vec                             reset_vec    000804
__Hrparam                                rparam       000000
__Hsfr                                   sfr          000000
__Hsmallconst                            smallconst   000B6E
__Hstruct                                struct       000000
__Htemp                                  temp         000000
__Htext                                  text         000000
__Htext0                                 text0        000000
__Htext1                                 text1        000000
__Htext10                                text10       000000
__Htext100                               text100      000000
__Htext101                               text101      000000
__Htext102                               text102      000000
__Htext11                                text11       000000
__Htext12                                text12       000000
__Htext13                                text13       000000
__Htext14                                text14       000000
__Htext15                                text15       000000
__Htext16                                text16       000000
__Htext17                                text17       000000
__Htext18                                text18       000000
__Htext19                                text19       000000
__Htext2                                 text2        000000
__Htext20                                text20       000000
__Htext21                                text21       000000
__Htext22                                text22       000000
__Htext23                                text23       000000
__Htext24                                text24       000000
__Htext25                                text25       000000
__Htext26                                text26       000000
__Htext27                                text27       000000
__Htext28                                text28       000000
__Htext29                                text29       000000
__Htext3                                 text3        000000
__Htext30                                text30       000000
__Htext31                                text31       000000
__Htext32                                text32       000000
__Htext33                                text33       000000
__Htext34                                text34       000000
__Htext35                                text35       000000
__Htext36                                text36       000000
__Htext37                                text37       000000
__Htext38                                text38       000000
__Htext39                                text39       000000
__Htext4                                 text4        000000
__Htext40                                text40       000000
__Htext41                                text41       000000
__Htext42                                text42       000000
__Htext43                                text43       000000
__Htext44                                text44       000000
__Htext45                                text45       000000
__Htext46                                text46       000000
__Htext47                                text47       000000
__Htext48                                text48       000000
__Htext49                                text49       000000
__Htext5                                 text5        000000
__Htext50                                text50       000000
__Htext51                                text51       000000
__Htext52                                text52       000000
__Htext53                                text53       000000
__Htext54                                text54       000000
__Htext55                                text55       000000
__Htext56                                text56       000000
__Htext57                                text57       000000
__Htext58                                text58       000000
__Htext59                                text59       000000
__Htext6                                 text6        000000
__Htext60                                text60       000000
__Htext61                                text61       000000
__Htext62                                text62       000000
__Htext63                                text63       000000
__Htext64                                text64       000000
__Htext65                                text65       000000
__Htext66                                text66       000000
__Htext67                                text67       000000
__Htext68                                text68       000000
__Htext69                                text69       000000
__Htext7                                 text7        000000
__Htext70                                text70       000000
__Htext71                                text71       000000
__Htext72                                text72       000000
__Htext73                                text73       000000
__Htext74                                text74       000000
__Htext75                                text75       000000
__Htext76                                text76       000000
__Htext77                                text77       000000
__Htext78                                text78       000000
__Htext79                                text79       000000
__Htext8                                 text8        000000
__Htext80                                text80       000000
__Htext81                                text81       000000
__Htext82                                text82       000000
__Htext83                                text83       000000
__Htext84                                text84       000000
__Htext85                                text85       000000
__Htext86                                text86       000000
__Htext87                                text87       000000
__Htext88                                text88       000000
__Htext89                                text89       000000
__Htext9                                 text9        000000
__Htext90                                text90       000000
__Htext91                                text91       000000
__Htext92                                text92       000000
__Htext93                                text93       000000
__Htext94                                text94       000000
__Htext95                                text95       000000
__Htext96                                text96       000000
__Htext97                                text97       000000
__Htext98                                text98       000000
__LRAM                                   (abs)        000001
__Labs1                                  abs1         000000
__Lbank0                                 bank0        000000
__Lbank1                                 bank1        000000
__Lbank2                                 bank2        000000
__Lbank3                                 bank3        000000
__Lbank4                                 bank4        000000
__Lbank5                                 bank5        000000
__Lbigbss                                bigbss       000000
__Lbigdata                               bigdata      000000
__Lbigram                                bigram       000000
__Lbss                                   bss          000000
__LbssBANK0                              bssBANK0     000000
__LbssBANK1                              bssBANK1     000000
__LbssBIGRAM                             bssBIGRAM    000000
__LbssCOMRAM                             bssCOMRAM    000000
__Lcinit                                 cinit        000000
__Lclrtext                               clrtext      000000
__Lcomram                                comram       000000
__Lconfig                                config       300000
__Lconst                                 const        000000
__LcstackBANK0                           cstackBANK0  000000
__LcstackBANK1                           cstackBANK1  000000
__LcstackCOMRAM                          cstackCOMRAM 000000
__Ldata                                  data         000000
__Leeprom_data                           eeprom_data  000000
__Lend_init                              end_init     000AB6
__Lfarbss                                farbss       000000
__Lfardata                               fardata      000000
__Libigdata                              ibigdata     000000
__Lidata                                 idata        000000
__Lidloc                                 idloc        200000
__Lifardata                              ifardata     000000
__Linit                                  init         000AB6
__Lintcode                               intcode      000804
__Lintcode_body                          intcode_body 000000
__Lintcodelo                             intcodelo    000818
__Lintentry                              intentry     000000
__Lintret                                intret       000000
__Lintsave_regs                          intsave_regs 000000
__Lirdata                                irdata       000000
__Lmediumconst                           mediumconst  000000
__LnvFARRAM                              nvFARRAM     000000
__Lnvbit                                 nvbit        000000
__Lnvrram                                nvrram       000000
__Lparam                                 rparam       000000
__Lpowerup                               powerup      000AB6
__Lram                                   ram          000000
__Lramtop                                ramtop       000600
__Lrbit                                  rbit         000000
__Lrbss                                  rbss         000000
__Lrdata                                 rdata        000000
__Lreset_vec                             reset_vec    000800
__Lrparam                                rparam       000000
__Lsfr                                   sfr          000000
__Lsmallconst                            smallconst   000B00
__Lstruct                                struct       000000
__Ltemp                                  temp         000000
__Ltext                                  text         000000
__Ltext0                                 text0        000000
__Ltext1                                 text1        000000
__Ltext10                                text10       000000
__Ltext100                               text100      000000
__Ltext101                               text101      000000
__Ltext102                               text102      000000
__Ltext11                                text11       000000
__Ltext12                                text12       000000
__Ltext13                                text13       000000
__Ltext14                                text14       000000
__Ltext15                                text15       000000
__Ltext16                                text16       000000
__Ltext17                                text17       000000
__Ltext18                                text18       000000
__Ltext19                                text19       000000
__Ltext2                                 text2        000000
__Ltext20                                text20       000000
__Ltext21                                text21       000000
__Ltext22                                text22       000000
__Ltext23                                text23       000000
__Ltext24                                text24       000000
__Ltext25                                text25       000000
__Ltext26                                text26       000000
__Ltext27                                text27       000000
__Ltext28                                text28       000000
__Ltext29                                text29       000000
__Ltext3                                 text3        000000
__Ltext30                                text30       000000
__Ltext31                                text31       000000
__Ltext32                                text32       000000
__Ltext33                                text33       000000
__Ltext34                                text34       000000
__Ltext35                                text35       000000
__Ltext36                                text36       000000
__Ltext37                                text37       000000
__Ltext38                                text38       000000
__Ltext39                                text39       000000
__Ltext4                                 text4        000000
__Ltext40                                text40       000000
__Ltext41                                text41       000000
__Ltext42                                text42       000000
__Ltext43                                text43       000000
__Ltext44                                text44       000000
__Ltext45                                text45       000000
__Ltext46                                text46       000000
__Ltext47                                text47       000000
__Ltext48                                text48       000000
__Ltext49                                text49       000000
__Ltext5                                 text5        000000
__Ltext50                                text50       000000
__Ltext51                                text51       000000
__Ltext52                                text52       000000
__Ltext53                                text53       000000
__Ltext54                                text54       000000
__Ltext55                                text55       000000
__Ltext56                                text56       000000
__Ltext57                                text57       000000
__Ltext58                                text58       000000
__Ltext59                                text59       000000
__Ltext6                                 text6        000000
__Ltext60                                text60       000000
__Ltext61                                text61       000000
__Ltext62                                text62       000000
__Ltext63                                text63       000000
__Ltext64                                text64       000000
__Ltext65                                text65       000000
__Ltext66                                text66       000000
__Ltext67                                text67       000000
__Ltext68                                text68       000000
__Ltext69                                text69       000000
__Ltext7                                 text7        000000
__Ltext70                                text70       000000
__Ltext71                                text71       000000
__Ltext72                                text72       000000
__Ltext73                                text73       000000
__Ltext74                                text74       000000
__Ltext75                                text75       000000
__Ltext76                                text76       000000
__Ltext77                                text77       000000
__Ltext78                                text78       000000
__Ltext79                                text79       000000
__Ltext8                                 text8        000000
__Ltext80                                text80       000000
__Ltext81                                text81       000000
__Ltext82                                text82       000000
__Ltext83                                text83       000000
__Ltext84                                text84       000000
__Ltext85                                text85       000000
__Ltext86                                text86       000000
__Ltext87                                text87       000000
__Ltext88                                text88       000000
__Ltext89                                text89       000000
__Ltext9                                 text9        000000
__Ltext90                                text90       000000
__Ltext91                                text91       000000
__Ltext92                                text92       000000
__Ltext93                                text93       000000
__Ltext94                                text94       000000
__Ltext95                                text95       000000
__Ltext96                                text96       000000
__Ltext97                                text97       000000
__Ltext98                                text98       000000
__RegsToCANID                            text76       004178
__RegsToCANID@Value                      cstackCOMRAM 000014
__RegsToCANID@ptr                        cstackCOMRAM 00000E
__RegsToCANID@type                       cstackCOMRAM 000011
__RegsToCANID@val                        cstackCOMRAM 000010
__S0                                     (abs)        30000E
__S1                                     (abs)        00053E
___aldiv                                 text5        004BF6
___aldiv@counter                         cstackBANK0  0000A3
___aldiv@dividend                        cstackCOMRAM 00003E
___aldiv@divisor                         cstackCOMRAM 000042
___aldiv@quotient                        cstackBANK0  0000A5
___aldiv@sign                            cstackBANK0  0000A4
___altofl                                text16       005664
___altofl@c                              cstackBANK0  0000A9
___altofl@sign                           cstackBANK0  0000AD
___asfladd                               text4        00561A
___asfladd@f1p                           cstackCOMRAM 00002D
___asfladd@f2                            cstackCOMRAM 00002F
___asfldiv                               text3        005536
___asfldiv@f1p                           cstackBANK0  0000B9
___asfldiv@f2                            cstackBANK0  0000BB
___asflmul                               text19       0056F8
___asflmul@mp                            cstackCOMRAM 000038
___asflmul@multiplicand                  cstackCOMRAM 000034
___asflsub                               text17       0056AE
___asflsub@f1p                           cstackCOMRAM 00003C
___asflsub@f2                            cstackCOMRAM 00003E
___awtofl                                text95       005980
___awtofl@c                              cstackCOMRAM 000018
___awtofl@sign                           cstackCOMRAM 00001D
___fladd                                 text31       0042DC
___fladd@exp1                            cstackCOMRAM 00002C
___fladd@exp2                            cstackCOMRAM 00002B
___fladd@f1                              cstackCOMRAM 00001E
___fladd@f2                              cstackCOMRAM 000022
___fladd@sign                            cstackCOMRAM 00002A
___fldiv                                 text20       004ED2
___fldiv@cntr                            cstackBANK0  0000B2
___fldiv@exp                             cstackBANK0  0000B7
___fldiv@f1                              cstackBANK0  0000A3
___fldiv@f2                              cstackBANK0  0000A7
___fldiv@f3                              cstackBANK0  0000B3
___fldiv@sign                            cstackBANK0  0000B8
___flge                                  text15       005582
___flge@ff1                              cstackCOMRAM 00000E
___flge@ff2                              cstackCOMRAM 000012
___flmul                                 text96       0049A8
___flmul@cntr                            cstackCOMRAM 000032
___flmul@exp                             cstackCOMRAM 00002D
___flmul@f1                              cstackCOMRAM 00001E
___flmul@f2                              cstackCOMRAM 000022
___flmul@f3_as_product                   cstackCOMRAM 00002E
___flmul@sign                            cstackCOMRAM 000033
___flneg                                 text9        005B64
___flneg@f1                              cstackCOMRAM 00000E
___flpack                                text97       004A78
___flpack@arg                            cstackCOMRAM 00000E
___flpack@exp                            cstackCOMRAM 000012
___flpack@sign                           cstackCOMRAM 000013
___flsub                                 text18       00590C
___flsub@f1                              cstackCOMRAM 000034
___flsub@f2                              cstackCOMRAM 000038
___fltol                                 text13       0050C6
___fltol@exp1                            cstackCOMRAM 00003D
___fltol@f1                              cstackCOMRAM 000034
___fltol@sign1                           cstackCOMRAM 00003C
___lbmod                                 text34       005AC8
___lbmod@counter                         cstackCOMRAM 000010
___lbmod@dividend                        cstackCOMRAM 00000F
___lbmod@divisor                         cstackCOMRAM 00000E
___lbmod@rem                             cstackCOMRAM 000011
___lwtofl                                text2        005A4A
___lwtofl@c                              cstackCOMRAM 000018
___wmul                                  text92       005946
___wmul@multiplicand                     cstackCOMRAM 000014
___wmul@multiplier                       cstackCOMRAM 000012
___wmul@product                          cstackCOMRAM 000016
__accesstop                              (abs)        000060
__activetblptr                           (abs)        000002
__end_of_Celsius2Fahrenheit              text30       0054DA
__end_of_Celsius2Kelvin                  text32       0059EE
__end_of_ConvertADC                      text93       005DF2
__end_of_ECANInitialize                  text86       0051F8
__end_of_ECANReceiveMessage              text75       003A82
__end_of_ECANSendMessage                 text70       004178
__end_of_ECANSetOperationMode            text87       005CFC
__end_of_OpenADC                         text88       005536
__end_of_OpenTimer0                      text89       005C50
__end_of_WriteTimer0                     text94       005D94
__end_of__CANIDToRegs                    text71       00458C
__end_of__ECANPointBuffer                text77       005466
__end_of__RegsToCANID                    text76       0042DC
__end_of___aldiv                         text5        004CB2
__end_of___altofl                        text16       0056AE
__end_of___asfladd                       text4        005664
__end_of___asfldiv                       text3        005582
__end_of___asflmul                       text19       005742
__end_of___asflsub                       text17       0056F8
__end_of___awtofl                        text95       0059BA
__end_of___fladd                         text31       00443C
__end_of___fldiv                         text20       004F80
__end_of___flge                          text15       0055CE
__end_of___flmul                         text96       004A78
__end_of___flneg                         text9        005B88
__end_of___flpack                        text97       004B38
__end_of___flsub                         text18       005946
__end_of___fltol                         text13       005162
__end_of___lbmod                         text34       005AF0
__end_of___lwtofl                        text2        005A74
__end_of___wmul                          text92       005980
__end_of__initialization                 cinit        00584C
__end_of_doOneSecondWork                 text25       003C7C
__end_of_doWork                          text1        0022EC
__end_of_eval_poly                       text11       004D6E
__end_of_exp                             text8        003E64
__end_of_floor                           text12       0048BC
__end_of_frexp                           text14       00527E
__end_of_getCANFrame                     text74       005A4A
__end_of_getCalibrationValue             text6        00578A
__end_of_getVSCPFrame                    text73       0053F0
__end_of_handle_sync                     text27       005378
__end_of_init                            text85       0058D0
__end_of_init_app_eeprom                 text38       00322A
__end_of_init_app_ram                    text90       00590C
__end_of_interrupt_at_low_vector         intcodelo    000AB6
__end_of_ldexp                           text10       005026
__end_of_log                             text7        0046B8
__end_of_main                            text0        0049A8
__end_of_readEEPROM                      text82       005D4C
__end_of_sendCANFrame                    text69       0057D0
__end_of_sendTempEvent                   text28       0052FE
__end_of_sendVSCPFrame                   text68       004ED2
__end_of_setEventData                    text29       004E20
__end_of_vscp_check_pstorage             text78       005BD0
__end_of_vscp_deviceURL                  smallconst   000B20
__end_of_vscp_doOneSecondWork            text21       00561A
__end_of_vscp_error                      text26       005DEE
__end_of_vscp_getBootLoaderAlgorithm     text49       005DFC
__end_of_vscp_getBufferSize              text48       005DFA
__end_of_vscp_getEvent                   text72       005AC8
__end_of_vscp_getFamilyCode              text46       005DCE
__end_of_vscp_getFamilyType              text45       005DC4
__end_of_vscp_getGUID                    text53       005D38
__end_of_vscp_getMDF_URL                 text52       005CCC
__end_of_vscp_getMajorVersion            text56       005E02
__end_of_vscp_getManufacturerId          text50       005D10
__end_of_vscp_getMatrixInfo              text64       005C84
__end_of_vscp_getMinorVersion            text55       005E00
__end_of_vscp_getRegisterPagesUsed       text47       005DF8
__end_of_vscp_getSegmentCRC              text81       005DE2
__end_of_vscp_getSubMinorVersion         text54       005DFE
__end_of_vscp_getSubzone                 text23       005DB0
__end_of_vscp_getUserID                  text51       005D24
__end_of_vscp_getZone                    text24       005DBA
__end_of_vscp_goActiveState              text66       005C32
__end_of_vscp_goBootloaderMode           text63       005CE4
__end_of_vscp_handleDropNickname         text58       005A1E
__end_of_vscp_handleHeartbeat            text62       005894
__end_of_vscp_handleProbeState           text65       004BF6
__end_of_vscp_handleProtocolEvent        text33       003874
__end_of_vscp_handleSetNickname          text61       005BAC
__end_of_vscp_init                       text59       005814
__end_of_vscp_newNodeOnline              text57       005A9E
__end_of_vscp_readAppReg                 text98       002A8C
__end_of_vscp_readNicknamePermanent      text60       005DD8
__end_of_vscp_readRegister               text43       005C6A
__end_of_vscp_readStdReg                 text44       004012
__end_of_vscp_restoreDefaults            text37       005DEA
__end_of_vscp_sendEvent                  text67       005B18
__end_of_vscp_sendHeartBeat              text22       005B3E
__end_of_vscp_setControlByte             text79       005D5E
__end_of_vscp_setGUID                    text41       005C14
__end_of_vscp_setManufacturerId          text39       005C9C
__end_of_vscp_setSegmentCRC              text80       005D70
__end_of_vscp_setUserID                  text40       005CB4
__end_of_vscp_writeAppReg                text42       001870
__end_of_vscp_writeNicknamePermanent     text83       005D82
__end_of_vscp_writeRegister              text35       005BF2
__end_of_vscp_writeStdReg                text36       0047BE
__end_of_writeCoeffs2Ram                 text91       0050C6
__end_of_writeEEPROM                     text84       005B64
__end_ofexp@coeff                        smallconst   000B48
__end_ofi1_ConvertADC                    text101      005DF6
__end_ofi1_WriteTimer0                   text100      005DA6
__end_oflog@coeff                        smallconst   000B6C
__initialization                         cinit        005814
__mediumconst                            mediumconst  000000
__pbssBANK0                              bssBANK0     000060
__pbssBANK1                              bssBANK1     000100
__pbssBIGRAM                             bssBIGRAM    00017E
__pbssCOMRAM                             bssCOMRAM    000046
__pcinit                                 cinit        005814
__pcstackBANK0                           cstackBANK0  0000A3
__pcstackBANK1                           cstackBANK1  000148
__pcstackCOMRAM                          cstackCOMRAM 000001
__pintcodelo                             intcodelo    000818
__psmallconst                            smallconst   000B00
__ptext0                                 text0        0048BC
__ptext1                                 text1        001870
__ptext10                                text10       004F80
__ptext100                               text100      005D94
__ptext101                               text101      005DF2
__ptext102                               text102      000000
__ptext11                                text11       004CB2
__ptext12                                text12       0047BE
__ptext13                                text13       0050C6
__ptext14                                text14       0051F8
__ptext15                                text15       005582
__ptext16                                text16       005664
__ptext17                                text17       0056AE
__ptext18                                text18       00590C
__ptext19                                text19       0056F8
__ptext2                                 text2        005A4A
__ptext20                                text20       004ED2
__ptext21                                text21       0055CE
__ptext22                                text22       005B18
__ptext23                                text23       005DA6
__ptext24                                text24       005DB0
__ptext25                                text25       003A82
__ptext26                                text26       005DEA
__ptext27                                text27       0052FE
__ptext28                                text28       00527E
__ptext29                                text29       004D6E
__ptext3                                 text3        005536
__ptext30                                text30       005466
__ptext31                                text31       0042DC
__ptext32                                text32       0059BA
__ptext33                                text33       00322A
__ptext34                                text34       005AC8
__ptext35                                text35       005BD0
__ptext36                                text36       0046B8
__ptext37                                text37       005DE2
__ptext38                                text38       002A8C
__ptext39                                text39       005C84
__ptext4                                 text4        00561A
__ptext40                                text40       005C9C
__ptext41                                text41       005BF2
__ptext42                                text42       000B6E
__ptext43                                text43       005C50
__ptext44                                text44       003E64
__ptext45                                text45       005DBA
__ptext46                                text46       005DC4
__ptext47                                text47       005DF6
__ptext48                                text48       005DF8
__ptext49                                text49       005DFA
__ptext5                                 text5        004BF6
__ptext50                                text50       005CFC
__ptext51                                text51       005D10
__ptext52                                text52       005CB4
__ptext53                                text53       005D24
__ptext54                                text54       005DFC
__ptext55                                text55       005DFE
__ptext56                                text56       005E00
__ptext57                                text57       005A74
__ptext58                                text58       0059EE
__ptext59                                text59       0057D0
__ptext6                                 text6        005742
__ptext60                                text60       005DCE
__ptext61                                text61       005B88
__ptext62                                text62       005856
__ptext63                                text63       005CCC
__ptext64                                text64       005C6A
__ptext65                                text65       004B38
__ptext66                                text66       005C14
__ptext67                                text67       005AF0
__ptext68                                text68       004E20
__ptext69                                text69       00578A
__ptext7                                 text7        00458C
__ptext70                                text70       004012
__ptext71                                text71       00443C
__ptext72                                text72       005A9E
__ptext73                                text73       005378
__ptext74                                text74       005A1E
__ptext75                                text75       003874
__ptext76                                text76       004178
__ptext77                                text77       0053F0
__ptext78                                text78       005BAC
__ptext79                                text79       005D4C
__ptext8                                 text8        003C7C
__ptext80                                text80       005D5E
__ptext81                                text81       005DD8
__ptext82                                text82       005D38
__ptext83                                text83       005D70
__ptext84                                text84       005B3E
__ptext85                                text85       005894
__ptext86                                text86       005162
__ptext87                                text87       005CE4
__ptext88                                text88       0054DA
__ptext89                                text89       005C32
__ptext9                                 text9        005B64
__ptext90                                text90       0058D0
__ptext91                                text91       005026
__ptext92                                text92       005946
__ptext93                                text93       005DEE
__ptext94                                text94       005D82
__ptext95                                text95       005980
__ptext96                                text96       0049A8
__ptext97                                text97       004A78
__ptext98                                text98       0022EC
__ramtop                                 ramtop       000600
__size_of_Celsius2Fahrenheit             (abs)        000000
__size_of_Celsius2Kelvin                 (abs)        000000
__size_of_ConvertADC                     (abs)        000000
__size_of_ECANInitialize                 (abs)        000000
__size_of_ECANReceiveMessage             (abs)        000000
__size_of_ECANSendMessage                (abs)        000000
__size_of_ECANSetOperationMode           (abs)        000000
__size_of_OpenADC                        (abs)        000000
__size_of_OpenTimer0                     (abs)        000000
__size_of_WriteTimer0                    (abs)        000000
__size_of__CANIDToRegs                   (abs)        000000
__size_of__ECANPointBuffer               (abs)        000000
__size_of__RegsToCANID                   (abs)        000000
__size_of___aldiv                        (abs)        000000
__size_of___altofl                       (abs)        000000
__size_of___asfladd                      (abs)        000000
__size_of___asfldiv                      (abs)        000000
__size_of___asflmul                      (abs)        000000
__size_of___asflsub                      (abs)        000000
__size_of___awtofl                       (abs)        000000
__size_of___fladd                        (abs)        000000
__size_of___fldiv                        (abs)        000000
__size_of___flge                         (abs)        000000
__size_of___flmul                        (abs)        000000
__size_of___flneg                        (abs)        000000
__size_of___flpack                       (abs)        000000
__size_of___flsub                        (abs)        000000
__size_of___fltol                        (abs)        000000
__size_of___lbmod                        (abs)        000000
__size_of___lwtofl                       (abs)        000000
__size_of___wmul                         (abs)        000000
__size_of_doOneSecondWork                (abs)        000000
__size_of_doWork                         (abs)        000000
__size_of_eval_poly                      (abs)        000000
__size_of_exp                            (abs)        000000
__size_of_floor                          (abs)        000000
__size_of_frexp                          (abs)        000000
__size_of_getCANFrame                    (abs)        000000
__size_of_getCalibrationValue            (abs)        000000
__size_of_getVSCPFrame                   (abs)        000000
__size_of_handle_sync                    (abs)        000000
__size_of_init                           (abs)        000000
__size_of_init_app_eeprom                (abs)        000000
__size_of_init_app_ram                   (abs)        000000
__size_of_interrupt_at_low_vector        (abs)        000000
__size_of_ldexp                          (abs)        000000
__size_of_log                            (abs)        000000
__size_of_main                           (abs)        000000
__size_of_readEEPROM                     (abs)        000000
__size_of_sendCANFrame                   (abs)        000000
__size_of_sendTempEvent                  (abs)        000000
__size_of_sendVSCPFrame                  (abs)        000000
__size_of_setEventData                   (abs)        000000
__size_of_vscp_check_pstorage            (abs)        000000
__size_of_vscp_doOneSecondWork           (abs)        000000
__size_of_vscp_error                     (abs)        000000
__size_of_vscp_getBootLoaderAlgorithm    (abs)        000000
__size_of_vscp_getBufferSize             (abs)        000000
__size_of_vscp_getEvent                  (abs)        000000
__size_of_vscp_getFamilyCode             (abs)        000000
__size_of_vscp_getFamilyType             (abs)        000000
__size_of_vscp_getGUID                   (abs)        000000
__size_of_vscp_getMDF_URL                (abs)        000000
__size_of_vscp_getMajorVersion           (abs)        000000
__size_of_vscp_getManufacturerId         (abs)        000000
__size_of_vscp_getMatrixInfo             (abs)        000000
__size_of_vscp_getMinorVersion           (abs)        000000
[...]
		_doWork
		_writeCoeffs2Ram
 This function uses a non-reentrant model


 *************** function _ConvertADC *****************
 Defined at:
		line 23 in file "C:\Program Files (x86)\Microchip\xc8\v1.21\sources\pic18\plib\ADC\adcconv.c"
 Parameters:    Size  Location     Type
		None
 Auto vars:     Size  Location     Type
		None
 Return value:  Size  Location     Type
		None               void
 Registers used:
		None
 Tracked objects:
		On entry : 
		On exit  : 
		Unchanged: 
 Data sizes:     COMRAM   BANK0   BANK1   BANK2   BANK3   BANK4   BANK5
      Params:         0       0       0       0       0       0       0
      Locals:         0       0       0       0       0       0       0
      Temps:          0       0       0       0       0       0       0
      Totals:         0       0       0       0       0       0       0
Total ram usage:        0 bytes
 Hardware stack levels used:    1
 Hardware stack levels required when called:    2
 This function calls:
		Nothing
 This function is called by:
		_init
 This function uses a non-reentrant model


 *************** function _WriteTimer0 *****************
 Defined at:
		line 17 in file "C:\Program Files (x86)\Microchip\xc8\v1.21\sources\pic18\plib\Timers\t0write.c"
 Parameters:    Size  Location     Type
  timer0          2   13[COMRAM] unsigned int 
 Auto vars:     Size  Location     Type
  timer           2   15[COMRAM] struct Timers
 Return value:  Size  Location     Type
		None               void
 Registers used:
		None
 Tracked objects:
		On entry : 
		On exit  : 
		Unchanged: 
 Data sizes:     COMRAM   BANK0   BANK1   BANK2   BANK3   BANK4   BANK5
      Params:         2       0       0       0       0       0       0
      Locals:         2       0       0       0       0       0       0
      Temps:          0       0       0       0       0       0       0
      Totals:         4       0       0       0       0       0       0
Total ram usage:        4 bytes
 Hardware stack levels used:    1
 Hardware stack levels required when called:    2
 This function calls:
		Nothing
 This function is called by:
		_init
 This function uses a non-reentrant model


 *************** function ___awtofl *****************
 Defined at:
		line 32 in file "C:\Program Files (x86)\Microchip\xc8\v1.21\sources\common\awtofl.c"
 Parameters:    Size  Location     Type
  c               2   23[COMRAM] int 
 Auto vars:     Size  Location     Type
  f1              4    0        int 
  sign            1   28[COMRAM] unsigned char 
 Return value:  Size  Location     Type
                  4   23[COMRAM] unsigned char 
 Registers used:
		wreg, status,2, status,0, cstack
 Tracked objects:
		On entry : 
		On exit  : 
		Unchanged: 
 Data sizes:     COMRAM   BANK0   BANK1   BANK2   BANK3   BANK4   BANK5
      Params:         4       0       0       0       0       0       0
      Locals:         2       0       0       0       0       0       0
      Temps:          0       0       0       0       0       0       0
      Totals:         6       0       0       0       0       0       0
Total ram usage:        6 bytes
 Hardware stack levels used:    1
 Hardware stack levels required when called:    3
 This function calls:
		___flpack
 This function is called by:
		_setEventData
		_exp
		_log
 This function uses a non-reentrant model


 *************** function ___flmul *****************
 Defined at:
		line 51 in file "C:\Program Files (x86)\Microchip\xc8\v1.21\sources\common\flmul.c"
 Parameters:    Size  Location     Type
  f1              4   29[COMRAM] unsigned char 
  f2              4   33[COMRAM] unsigned char 
 Auto vars:     Size  Location     Type
  f3_as_produc    4   45[COMRAM] unsigned long 
  sign            1   50[COMRAM] unsigned char 
  cntr            1   49[COMRAM] unsigned char 
  exp             1   44[COMRAM] unsigned char 
 Return value:  Size  Location     Type
                  4   29[COMRAM] unsigned char 
 Registers used:
		wreg, status,2, status,0, cstack
 Tracked objects:
		On entry : 
		On exit  : 
		Unchanged: 
 Data sizes:     COMRAM   BANK0   BANK1   BANK2   BANK3   BANK4   BANK5
      Params:         8       0       0       0       0       0       0
      Locals:        14       0       0       0       0       0       0
      Temps:          0       0       0       0       0       0       0
      Totals:        22       0       0       0       0       0       0
Total ram usage:       22 bytes
 Hardware stack levels used:    1
 Hardware stack levels required when called:    3
 This function calls:
		___flpack
 This function is called by:
		_doWork
		_Celsius2Fahrenheit
		___asflmul
		_log
		_eval_poly
 This function uses a non-reentrant model


 *************** function ___flpack *****************
 Defined at:
		line 64 in file "C:\Program Files (x86)\Microchip\xc8\v1.21\sources\common\double.c"
 Parameters:    Size  Location     Type
  arg             4   13[COMRAM] unsigned long 
  exp             1   17[COMRAM] unsigned char 
  sign            1   18[COMRAM] unsigned char 
 Auto vars:     Size  Location     Type
		None
 Return value:  Size  Location     Type
                  4   13[COMRAM] unsigned char 
 Registers used:
		wreg, status,2, status,0
 Tracked objects:
		On entry : 
		On exit  : 
		Unchanged: 
 Data sizes:     COMRAM   BANK0   BANK1   BANK2   BANK3   BANK4   BANK5
      Params:         6       0       0       0       0       0       0
      Locals:         0       0       0       0       0       0       0
      Temps:          4       0       0       0       0       0       0
      Totals:        10       0       0       0       0       0       0
Total ram usage:       10 bytes
 Hardware stack levels used:    1
 Hardware stack levels required when called:    2
 This function calls:
		Nothing
 This function is called by:
		___altofl
		___awtofl
		___fladd
		___fldiv
		___flmul
		___lwtofl
 This function uses a non-reentrant model


 *************** function _vscp_readAppReg *****************
 Defined at:
		line 1279 in file "../main.c"
 Parameters:    Size  Location     Type
  reg             1    wreg     unsigned char 
 Auto vars:     Size  Location     Type
  reg             1   18[COMRAM] unsigned char 
  pos             1   17[COMRAM] unsigned char 
  rv              1   19[COMRAM] unsigned char 
 Return value:  Size  Location     Type
                  1    wreg      unsigned char 
 Registers used:
		wreg, fsr2l, fsr2h, status,2, status,0, cstack
 Tracked objects:
		On entry : 
		On exit  : 
		Unchanged: 
 Data sizes:     COMRAM   BANK0   BANK1   BANK2   BANK3   BANK4   BANK5
      Params:         0       0       0       0       0       0       0
      Locals:         3       0       0       0       0       0       0
      Temps:          0       0       0       0       0       0       0
      Totals:         3       0       0       0       0       0       0
Total ram usage:        3 bytes
 Hardware stack levels used:    1
 Hardware stack levels required when called:    3
 This function calls:
		_readEEPROM
 This function is called by:
		_vscp_readRegister
		_vscp_handleProtocolEvent
 This function uses a non-reentrant model


 *************** function _interrupt_at_low_vector *****************
 Defined at:
		line 135 in file "../main.c"
 Parameters:    Size  Location     Type
		None
 Auto vars:     Size  Location     Type
		None
 Return value:  Size  Location     Type
		None               void
 Registers used:
		wreg, fsr2l, fsr2h, status,2, status,0, prodl, prodh, cstack
 Tracked objects:
		On entry : 
		On exit  : 
		Unchanged: 
 Data sizes:     COMRAM   BANK0   BANK1   BANK2   BANK3   BANK4   BANK5
      Params:         0       0       0       0       0       0       0
      Locals:         0       0       0       0       0       0       0
      Temps:          9       0       0       0       0       0       0
      Totals:         9       0       0       0       0       0       0
Total ram usage:        9 bytes
 Hardware stack levels used:    1
 Hardware stack levels required when called:    1
 This function calls:
		i1_ConvertADC
		i1_WriteTimer0
 This function is called by:
		Interrupt level 1
 This function uses a non-reentrant model


 *************** function i1_WriteTimer0 *****************
 Defined at:
		line 17 in file "C:\Program Files (x86)\Microchip\xc8\v1.21\sources\pic18\plib\Timers\t0write.c"
 Parameters:    Size  Location     Type
  timer0          2    0[COMRAM] unsigned int 
 Auto vars:     Size  Location     Type
  WriteTimer0     2    2[COMRAM] struct Timers
 Return value:  Size  Location     Type
		None               void
 Registers used:
		None
 Tracked objects:
		On entry : 
		On exit  : 
		Unchanged: 
 Data sizes:     COMRAM   BANK0   BANK1   BANK2   BANK3   BANK4   BANK5
      Params:         2       0       0       0       0       0       0
      Locals:         2       0       0       0       0       0       0
      Temps:          0       0       0       0       0       0       0
      Totals:         4       0       0       0       0       0       0
Total ram usage:        4 bytes
 Hardware stack levels used:    1
 This function calls:
		Nothing
 This function is called by:
		_interrupt_at_low_vector
 This function uses a non-reentrant model


 *************** function i1_ConvertADC *****************
 Defined at:
		line 23 in file "C:\Program Files (x86)\Microchip\xc8\v1.21\sources\pic18\plib\ADC\adcconv.c"
 Parameters:    Size  Location     Type
		None
 Auto vars:     Size  Location     Type
		None
 Return value:  Size  Location     Type
		None               void
 Registers used:
		None
 Tracked objects:
		On entry : 
		On exit  : 
		Unchanged: 
 Data sizes:     COMRAM   BANK0   BANK1   BANK2   BANK3   BANK4   BANK5
      Params:         0       0       0       0       0       0       0
      Locals:         0       0       0       0       0       0       0
      Temps:          0       0       0       0       0       0       0
      Totals:         0       0       0       0       0       0       0
Total ram usage:        0 bytes
 Hardware stack levels used:    1
 This function calls:
		Nothing
 This function is called by:
		_interrupt_at_low_vector
 This function uses a non-reentrant model



MODULE INFORMATION

Module		Function		Class		Link	Load	Size
C:\Program Files (x86)\Microchip\xc8\v1.21\sources\common\altofl.c
		___altofl      		CODE           	5664	0000	74

C:\Program Files (x86)\Microchip\xc8\v1.21\sources\common\altofl.c estimated size: 74

C:\Program Files (x86)\Microchip\xc8\v1.21\sources\pic18\asfladd.c
		___asfladd     		CODE           	561A	0000	74

C:\Program Files (x86)\Microchip\xc8\v1.21\sources\pic18\asfladd.c estimated size: 74

../main.c
		_vscp_getBootLo		CODE           	5DFA	0000	2
		_vscp_getZone  		CODE           	5DB0	0000	10
		_init          		CODE           	5894	0000	60
		_vscp_setManufa		CODE           	5C84	0000	24
		_vscp_setGUID  		CODE           	5BF2	0000	34
		_sendTempEvent 		CODE           	527E	0000	128
		_getVSCPFrame  		CODE           	5378	0000	120
		_vscp_setContro		CODE           	5D4C	0000	18
		_vscp_getUserID		CODE           	5D10	0000	20
		_setEventData  		CODE           	4D6E	0000	178
		_doWork        		CODE           	1870	0000	2684
		_vscp_getSegmen		CODE           	5DD8	0000	10
		_getCalibration		CODE           	5742	0000	72
		_vscp_restoreDe		CODE           	5DE2	0000	8
		_vscp_readAppRe		CODE           	22EC	0000	1952
		_vscp_getFamily		CODE           	5DC4	0000	10
		_vscp_setUserID		CODE           	5C9C	0000	24
		_getCANFrame   		CODE           	5A1E	0000	44
		_main          		CODE           	48BC	0000	236
		_handle_sync   		CODE           	52FE	0000	122
		_vscp_getRegist		CODE           	5DF6	0000	2
		_vscp_setSegmen		CODE           	5D5E	0000	18
		_doOneSecondWor		CODE           	3A82	0000	506
		_sendVSCPFrame 		CODE           	4E20	0000	178
		_vscp_getMDF_UR		CODE           	5CB4	0000	24
		_init_app_eepro		CODE           	2A8C	0000	1950
		_sendCANFrame  		CODE           	578A	0000	70
		_vscp_writeAppR		CODE           	0B6E	0000	3330
		_vscp_getFamily		CODE           	5DBA	0000	10
		_vscp_getBuffer		CODE           	5DF8	0000	2
		_vscp_getSubzon		CODE           	5DA6	0000	10
		_vscp_getMatrix		CODE           	5C6A	0000	26
		_vscp_goBootloa		CODE           	5CCC	0000	24
		_writeCoeffs2Ra		CODE           	5026	0000	160
		_vscp_readNickn		CODE           	5DCE	0000	10
		_interrupt_at_l		CODE           	0818	0000	670
		_vscp_getMajorV		CODE           	5E00	0000	2
		_vscp_getMinorV		CODE           	5DFE	0000	2
		_vscp_writeNick		CODE           	5D70	0000	18
		_init_app_ram  		CODE           	58D0	0000	60
		_vscp_getManufa		CODE           	5CFC	0000	20
		_vscp_getSubMin		CODE           	5DFC	0000	2
		_vscp_getGUID  		CODE           	5D24	0000	20

../main.c estimated size: 12870

C:\Program Files (x86)\Microchip\xc8\v1.21\sources\common\awtofl.c
		___awtofl      		CODE           	5980	0000	58

C:\Program Files (x86)\Microchip\xc8\v1.21\sources\common\awtofl.c estimated size: 58

C:\Program Files (x86)\Microchip\xc8\v1.21\sources\pic18\plib\Timers\t0write.c
		_WriteTimer0   		CODE           	5D82	0000	18

C:\Program Files (x86)\Microchip\xc8\v1.21\sources\pic18\plib\Timers\t0write.c estimated size: 18

C:\Program Files (x86)\Microchip\xc8\v1.21\sources\common\flge.c
		___flge        		CODE           	5582	0000	76

C:\Program Files (x86)\Microchip\xc8\v1.21\sources\common\flge.c estimated size: 76

../../vscp_firmware/pic/common/eeprom.c
		_readEEPROM    		CODE           	5D38	0000	20
		_writeEEPROM   		CODE           	5B3E	0000	38

../../vscp_firmware/pic/common/eeprom.c estimated size: 58

C:\Program Files (x86)\Microchip\xc8\v1.21\sources\common\frexp.c
		_ldexp         		CODE           	4F80	0000	166
		_frexp         		CODE           	51F8	0000	134

C:\Program Files (x86)\Microchip\xc8\v1.21\sources\common\frexp.c estimated size: 300

C:\Program Files (x86)\Microchip\xc8\v1.21\sources\common\wmul.c
		___wmul        		CODE           	5946	0000	58

C:\Program Files (x86)\Microchip\xc8\v1.21\sources\common\wmul.c estimated size: 58

C:\Program Files (x86)\Microchip\xc8\v1.21\sources\common\exp.c
		_exp           		CODE           	3C7C	0000	488

C:\Program Files (x86)\Microchip\xc8\v1.21\sources\common\exp.c estimated size: 488

C:\Program Files (x86)\Microchip\xc8\v1.21\sources\common\evalpoly.c
		_eval_poly     		CODE           	4CB2	0000	188

C:\Program Files (x86)\Microchip\xc8\v1.21\sources\common\evalpoly.c estimated size: 188

C:\Program Files (x86)\Microchip\xc8\v1.21\sources\common\lwtofl.c
		___lwtofl      		CODE           	5A4A	0000	42

C:\Program Files (x86)\Microchip\xc8\v1.21\sources\common\lwtofl.c estimated size: 42

C:\Program Files (x86)\Microchip\xc8\v1.21\sources\pic18\plib\ADC\adcopen.c
		_OpenADC       		CODE           	54DA	0000	92

C:\Program Files (x86)\Microchip\xc8\v1.21\sources\pic18\plib\ADC\adcopen.c estimated size: 92

C:\Program Files (x86)\Microchip\xc8\v1.21\sources\common\log.c
		_log           		CODE           	458C	0000	300

C:\Program Files (x86)\Microchip\xc8\v1.21\sources\common\log.c estimated size: 300

../ECAN.c
		_ECANReceiveMes		CODE           	3874	0000	526
		__RegsToCANID  		CODE           	4178	0000	356
		__ECANPointBuff		CODE           	53F0	0000	118
		_ECANInitialize		CODE           	5162	0000	150
		__CANIDToRegs  		CODE           	443C	0000	336
		_ECANSetOperati		CODE           	5CE4	0000	24
		_ECANSendMessag		CODE           	4012	0000	358

../ECAN.c estimated size: 1868

shared
		exp@coeff      		SMALLCONST     	0B20	0000	40
		_vscp_deviceURL		SMALLCONST     	0B00	0000	32
		i1_ConvertADC  		CODE           	5DF2	0000	4
		__initializatio		CODE           	5814	0000	56
		i1_WriteTimer0 		CODE           	5D94	0000	18
		log@coeff      		SMALLCONST     	0B48	0000	36

shared estimated size: 186

C:\Program Files (x86)\Microchip\xc8\v1.21\sources\common\lbmod.c
		___lbmod       		CODE           	5AC8	0000	40

C:\Program Files (x86)\Microchip\xc8\v1.21\sources\common\lbmod.c estimated size: 40

../ntc.c
		_Celsius2Kelvin		CODE           	59BA	0000	52
		_Celsius2Fahren		CODE           	5466	0000	116

../ntc.c estimated size: 168

../../vscp_firmware/common/vscp_firmware.c
		_vscp_getEvent 		CODE           	5A9E	0000	42
		_vscp_handleHea		CODE           	5856	0000	62
		_vscp_readRegis		CODE           	5C50	0000	26
		_vscp_writeRegi		CODE           	5BD0	0000	34
		_vscp_error    		CODE           	5DEA	0000	4
		_vscp_readStdRe		CODE           	3E64	0000	430
		_vscp_goActiveS		CODE           	5C14	0000	30
		_vscp_doOneSeco		CODE           	55CE	0000	76
		_vscp_sendEvent		CODE           	5AF0	0000	40
		_vscp_check_pst		CODE           	5BAC	0000	36
		_vscp_writeStdR		CODE           	46B8	0000	262
		_vscp_handlePro		CODE           	322A	0000	1610
		_vscp_handleDro		CODE           	59EE	0000	48
		_vscp_handleSet		CODE           	5B88	0000	36
		_vscp_handlePro		CODE           	4B38	0000	190
		_vscp_sendHeart		CODE           	5B18	0000	38
		_vscp_newNodeOn		CODE           	5A74	0000	42
		_vscp_init     		CODE           	57D0	0000	68

../../vscp_firmware/common/vscp_firmware.c estimated size: 3074

C:\Program Files (x86)\Microchip\xc8\v1.21\sources\common\aldiv.c
		___aldiv       		CODE           	4BF6	0000	188

C:\Program Files (x86)\Microchip\xc8\v1.21\sources\common\aldiv.c estimated size: 188

C:\Program Files (x86)\Microchip\xc8\v1.21\sources\common\fldiv.c
		___fldiv       		CODE           	4ED2	0000	174

C:\Program Files (x86)\Microchip\xc8\v1.21\sources\common\fldiv.c estimated size: 174

C:\Program Files (x86)\Microchip\xc8\v1.21\sources\common\flsub.c
		___flsub       		CODE           	590C	0000	58

C:\Program Files (x86)\Microchip\xc8\v1.21\sources\common\flsub.c estimated size: 58

C:\Program Files (x86)\Microchip\xc8\v1.21\sources\common\flneg.c
		___flneg       		CODE           	5B64	0000	36

C:\Program Files (x86)\Microchip\xc8\v1.21\sources\common\flneg.c estimated size: 36

C:\Program Files (x86)\Microchip\xc8\v1.21\sources\pic18\plib\Timers\t0open.c
		_OpenTimer0    		CODE           	5C32	0000	30

C:\Program Files (x86)\Microchip\xc8\v1.21\sources\pic18\plib\Timers\t0open.c estimated size: 30

C:\Program Files (x86)\Microchip\xc8\v1.21\sources\pic18\asfldiv.c
		___asfldiv     		CODE           	5536	0000	76

C:\Program Files (x86)\Microchip\xc8\v1.21\sources\pic18\asfldiv.c estimated size: 76

C:\Program Files (x86)\Microchip\xc8\v1.21\sources\pic18\asflsub.c
		___asflsub     		CODE           	56AE	0000	74

C:\Program Files (x86)\Microchip\xc8\v1.21\sources\pic18\asflsub.c estimated size: 74

C:\Program Files (x86)\Microchip\xc8\v1.21\sources\common\flmul.c
		___flmul       		CODE           	49A8	0000	208

C:\Program Files (x86)\Microchip\xc8\v1.21\sources\common\flmul.c estimated size: 208

C:\Program Files (x86)\Microchip\xc8\v1.21\sources\common\fltol.c
		___fltol       		CODE           	50C6	0000	156

C:\Program Files (x86)\Microchip\xc8\v1.21\sources\common\fltol.c estimated size: 156

C:\Program Files (x86)\Microchip\xc8\v1.21\sources\common\double.c
		___flpack      		CODE           	4A78	0000	192

C:\Program Files (x86)\Microchip\xc8\v1.21\sources\common\double.c estimated size: 192

C:\Program Files (x86)\Microchip\xc8\v1.21\sources\pic18\plib\ADC\adcconv.c
		_ConvertADC    		CODE           	5DEE	0000	4

C:\Program Files (x86)\Microchip\xc8\v1.21\sources\pic18\plib\ADC\adcconv.c estimated size: 4

C:\Program Files (x86)\Microchip\xc8\v1.21\sources\pic18\asflmul.c
		___asflmul     		CODE           	56F8	0000	74

C:\Program Files (x86)\Microchip\xc8\v1.21\sources\pic18\asflmul.c estimated size: 74

C:\Program Files (x86)\Microchip\xc8\v1.21\sources\common\floor.c
		_floor         		CODE           	47BE	0000	254

C:\Program Files (x86)\Microchip\xc8\v1.21\sources\common\floor.c estimated size: 254

C:\Program Files (x86)\Microchip\xc8\v1.21\sources\common\fladd.c
		___fladd       		CODE           	42DC	0000	352

C:\Program Files (x86)\Microchip\xc8\v1.21\sources\common\fladd.c estimated size: 352

