Microchip MPLAB XC8 Compiler V1.32 ()

Linker command line:

--edf=C:\Program Files (x86)\Microchip\xc8\v1.32\dat\en_msgs.txt \
  --UDF=html\kelvin_ntc_debug_2580.X.production.link.html -cs \
  -h+dist/Relocated/production\kelvin_ntc_debug_2580.X.production.sym \
  --cmf=dist/Relocated/production\kelvin_ntc_debug_2580.X.production.cmf -z \
  -Q18F2580 -oC:\Users\GRODAN~1\AppData\Local\Temp\s42g.6 \
  -Mdist/Relocated/production/kelvin_ntc_debug_2580.X.production.map -E1 \
  -ver=XC8 -ASTACK=0564h-05ffh -pstack=STACK -ACODE=0200h-07FFFh \
  -ACONST=0200h-07FFFh -ASMALLCONST=0600h-06FFhx122 \
  -AMEDIUMCONST=0600h-07FFFh -ACOMRAM=01h-05Fh -AABS1=00h-05FFh \
  -ABIGRAM=01h-05FFh -ARAM=060h-0FFh,0100h-01FFhx5 -ABANK0=060h-0FFh \
  -ABANK1=0100h-01FFh -ABANK2=0200h-02FFh -ABANK3=0300h-03FFh \
  -ABANK4=0400h-04FFh -ABANK5=0500h-05FFh \
  -ASFR=0D00h-0DFFhx2,0F00h-0F5Fh,0F60h-0FFFh \
  -preset_vec=0200h,intcode,intcodelo=0218h,powerup,init,end_init \
  -pramtop=0600h -psmallconst=SMALLCONST -pmediumconst=MEDIUMCONST \
  -pconst=CONST -AFARRAM=00h-00h -ACONFIG=0300000h-030000Dh -pconfig=CONFIG \
  -AIDLOC=0200000h-0200007h -pidloc=IDLOC -AEEDATA=0F00000h-0F000FFh \
  -peeprom_data=EEDATA \
  -prdata=COMRAM,nvrram=COMRAM,nvbit=COMRAM,rbss=COMRAM,rbit=COMRAM \
  -pfarbss=FARRAM,fardata=FARRAM,nvFARRAM=FARRAM \
  -pintsave_regs=BIGRAM,bigbss=BIGRAM,bigdata=BIGRAM -pbss=RAM \
  -pidata=CODE,irdata=CODE,ibigdata=CODE,ifardata=CODE \
  C:\Users\GRODAN~1\AppData\Local\Temp\s42g.obj \
  dist/Relocated/production\kelvin_ntc_debug_2580.X.production.obj 

Object code version is 3.11

Machine type is 18F2580

Call graph: (short form)




                Name                               Link     Load   Length Selector   Space Scale
C:\Users\GRODAN~1\AppData\Local\Temp\s42g.obj
                end_init                            524      524        4      10C       0
                reset_vec                           200      200        4      100       0
                idloc                            200000   200000        8   200000       0
                config                           300000   300000        E   300000       0
dist/Relocated/production\kelvin_ntc_debug_2580.X.production.obj
                intcodelo                           218      218      30C      10C       0
                smallconst                          600      600       6E      300       0
                text97                             7566     7566        4      337       0
                text96                             74F0     74F0       12      337       0
                text94                             74DE     74DE       12      337       0
                text93                             63A2     63A2       F8      337       0
                text92                             40EA     40EA      2F4      337       0
                text91                             5E22     5E22      12E      337       0
                text90                             503C     503C      1C6      337       0
                text89                             6BA4     6BA4       8E      337       0
                text88                             7134     7134       3E      337       0
                text87                             6F56     6F56       4C      337       0
                text86                             593C     593C      142      337       0
                text85                             6582     6582       D8      337       0
                text84                             5688     5688      15E      337       0
                text83                             4E3C     4E3C      200      337       0
                text82                             6EB6     6EB6       52      337       0
                text81                             6068     6068      116      337       0
                text80                             70F4     70F4       40      337       0
                text79                             6896     6896       B0      337       0
                text78                             43DE     43DE      2D2      337       0
                text77                             5202     5202      190      337       0
                text76                             72A4     72A4       2A      337       0
                text75                             7172     7172       3C      337       0
                text74                             6F08     6F08       4E      337       0
                text73                             5CF4     5CF4      12E      337       0
                text72                             6CAE     6CAE       7C      337       0
                text71                             67DE     67DE       B8      337       0
                text70                             6946     6946       9E      337       0
                text69                             5A7E     5A7E      13E      337       0
                text68                             5BBC     5BBC      138      337       0
                text67                             46B0     46B0      294      337       0
                text66                             6E5C     6E5C       5A      337       0
                text65                             5392     5392      182      337       0
                text64                             731C     731C       26      337       0
                text63                             168A     168A      E82      337       0
                text62                             6720     6720       BE      337       0
                text61                             7562     7562        4      337       0
                text60                             7406     7406       16      337       0
                text59                             6292     6292      110      337       0
                text58                             6DA4     6DA4       5E      337       0
                text57                             7386     7386       20      337       0
                text56                             74CC     74CC       12      337       0
                text55                             72F6     72F6       26      337       0
                text54                             665A     665A       C6      337       0
                text53                             6C32     6C32       7C      337       0
                text52                             70B4     70B4       40      337       0
                text51                             752C     752C        E      337       0
                text50                             7494     7494       14      337       0
                text49                             7480     7480       14      337       0
                text48                             746C     746C       14      337       0
                text47                             7278     7278       2C      337       0
                text46                             751E     751E        E      337       0
                text45                             7510     7510        E      337       0
                text44                             71E6     71E6       36      337       0
                text43                             6D2A     6D2A       7A      337       0
                text42                             7544     7544        6      337       0
                text41                             6A7E     6A7E       96      337       0
                text40                             5514     5514      174      337       0
                text39                             4BD4     4BD4      268      337       0
                text38                             6FA2     6FA2       48      337       0
                text37                             649A     649A       E8      337       0
                text36                             6E02     6E02       5A      337       0
                text35                             724C     724C       2C      337       0
                text34                             5F50     5F50      118      337       0
                text33                             6B14     6B14       90      337       0
                text32                             7342     7342       24      337       0
                text31                             7458     7458       14      337       0
                text30                             7502     7502        E      337       0
                text29                             69E4     69E4       9A      337       0
                text28                             71AE     71AE       38      337       0
                text27                             702E     702E       44      337       0
                text26                             721C     721C       30      337       0
                text25                             6FEA     6FEA       44      337       0
                text24                             2FDE     2FDE      89C      337       0
                text23                             755E     755E        4      337       0
                text22                             755A     755A        4      337       0
                text21                             7444     7444       14      337       0
                text20                             73EE     73EE       18      337       0
                text19                             7556     7556        4      337       0
                text18                             7430     7430       14      337       0
                text17                             7552     7552        4      337       0
                text16                             754E     754E        4      337       0
                text15                             754A     754A        4      337       0
                text14                             741C     741C       14      337       0
                text13                             617E     617E      114      337       0
                text12                             73D6     73D6       18      337       0
                text11                              66E      66E     101C      337       0
                text10                             74BA     74BA       12      337       0
                text9                              74A8     74A8       12      337       0
                text8                              387A     387A      870      337       0
                text7                              753A     753A        A      337       0
                text6                              7366     7366       20      337       0
                text5                              73BE     73BE       18      337       0
                text4                              73A6     73A6       18      337       0
                text3                              4944     4944      290      337       0
                text2                              72CE     72CE       28      337       0
                text1                              250C     250C      AD2      337       0
                text0                              57E6     57E6      156      337       0
                cstackCOMRAM                          1        1       31        1       1
                cstackBANK0                          60       60       6B       60       1
                cstackBANK1                         16E      16E       36      100       1
                bssBIGRAM                           1A4      1A4      3C0      1A4       1
                bssBANK1                            100      100       6E      100       1
                bssBANK0                             CB       CB       16       60       1
                bssCOMRAM                            32       32       17        1       1
                cinit                              7072     7072       42      337       0

TOTAL           Name                               Link     Load   Length     Space
        CLASS   STACK          

        CLASS   CODE           
                end_init                            524      524        4         0
                intcodelo                           218      218      30C         0
                reset_vec                           200      200        4         0
                text97                             7566     7566        4         0
                text96                             74F0     74F0       12         0
                text94                             74DE     74DE       12         0
                text93                             63A2     63A2       F8         0
                text92                             40EA     40EA      2F4         0
                text91                             5E22     5E22      12E         0
                text90                             503C     503C      1C6         0
                text89                             6BA4     6BA4       8E         0
                text88                             7134     7134       3E         0
                text87                             6F56     6F56       4C         0
                text86                             593C     593C      142         0
                text85                             6582     6582       D8         0
                text84                             5688     5688      15E         0
                text83                             4E3C     4E3C      200         0
                text82                             6EB6     6EB6       52         0
                text81                             6068     6068      116         0
                text80                             70F4     70F4       40         0
                text79                             6896     6896       B0         0
                text78                             43DE     43DE      2D2         0
                text77                             5202     5202      190         0
                text76                             72A4     72A4       2A         0
                text75                             7172     7172       3C         0
                text74                             6F08     6F08       4E         0
                text73                             5CF4     5CF4      12E         0
                text72                             6CAE     6CAE       7C         0
                text71                             67DE     67DE       B8         0
                text70                             6946     6946       9E         0
                text69                             5A7E     5A7E      13E         0
                text68                             5BBC     5BBC      138         0
                text67                             46B0     46B0      294         0
                text66                             6E5C     6E5C       5A         0
                text65                             5392     5392      182         0
                text64                             731C     731C       26         0
                text63                             168A     168A      E82         0
                text62                             6720     6720       BE         0
                text61                             7562     7562        4         0
                text60                             7406     7406       16         0
                text59                             6292     6292      110         0
                text58                             6DA4     6DA4       5E         0
                text57                             7386     7386       20         0
                text56                             74CC     74CC       12         0
                text55                             72F6     72F6       26         0
                text54                             665A     665A       C6         0
                text53                             6C32     6C32       7C         0
                text52                             70B4     70B4       40         0
                text51                             752C     752C        E         0
                text50                             7494     7494       14         0
                text49                             7480     7480       14         0
                text48                             746C     746C       14         0
                text47                             7278     7278       2C         0
                text46                             751E     751E        E         0
                text45                             7510     7510        E         0
                text44                             71E6     71E6       36         0
                text43                             6D2A     6D2A       7A         0
                text42                             7544     7544        6         0
                text41                             6A7E     6A7E       96         0
                text40                             5514     5514      174         0
                text39                             4BD4     4BD4      268         0
                text38                             6FA2     6FA2       48         0
                text37                             649A     649A       E8         0
                text36                             6E02     6E02       5A         0
                text35                             724C     724C       2C         0
                text34                             5F50     5F50      118         0
                text33                             6B14     6B14       90         0
                text32                             7342     7342       24         0
                text31                             7458     7458       14         0
                text30                             7502     7502        E         0
                text29                             69E4     69E4       9A         0
                text28                             71AE     71AE       38         0
                text27                             702E     702E       44         0
                text26                             721C     721C       30         0
                text25                             6FEA     6FEA       44         0
                text24                             2FDE     2FDE      89C         0
                text23                             755E     755E        4         0
                text22                             755A     755A        4         0
                text21                             7444     7444       14         0
                text20                             73EE     73EE       18         0
                text19                             7556     7556        4         0
                text18                             7430     7430       14         0
                text17                             7552     7552        4         0
                text16                             754E     754E        4         0
                text15                             754A     754A        4         0
                text14                             741C     741C       14         0
                text13                             617E     617E      114         0
                text12                             73D6     73D6       18         0
                text11                              66E      66E     101C         0
                text10                             74BA     74BA       12         0
                text9                              74A8     74A8       12         0
                text8                              387A     387A      870         0
                text7                              753A     753A        A         0
                text6                              7366     7366       20         0
                text5                              73BE     73BE       18         0
                text4                              73A6     73A6       18         0
                text3                              4944     4944      290         0
                text2                              72CE     72CE       28         0
                text1                              250C     250C      AD2         0
                text0                              57E6     57E6      156         0
                cinit                              7072     7072       42         0

        CLASS   CONST          

        CLASS   SMALLCONST     
                smallconst                          600      600       6E         0

        CLASS   MEDIUMCONST    

        CLASS   COMRAM         
                cstackCOMRAM                          1        1       31         1
                bssCOMRAM                            32       32       17         1

        CLASS   ABS1           

        CLASS   BIGRAM         
                bssBIGRAM                           1A4      1A4      3C0         1

        CLASS   RAM            

        CLASS   BANK0          
                cstackBANK0                          60       60       6B         1
                bssBANK0                             CB       CB       16         1

        CLASS   BANK1          
                cstackBANK1                         16E      16E       36         1
                bssBANK1                            100      100       6E         1

        CLASS   BANK2          

        CLASS   BANK3          

        CLASS   BANK4          

        CLASS   BANK5          

        CLASS   SFR            

        CLASS   FARRAM         

        CLASS   CONFIG         
                config                           300000   300000        E         0

        CLASS   IDLOC          
                idloc                            200000   200000        8         0

        CLASS   EEDATA         



SEGMENTS        Name                           Load    Length   Top    Selector   Space  Class

                cstackCOMRAM                   000001  000048  000049         1       1  COMRAM  
                cstackBANK0                    000060  000081  0000E1        60       1  BANK0   
                bssBANK1                       000100  0000A4  0001A4       100       1  BANK1   
                bssBIGRAM                      0001A4  0003C0  000564       1A4       1  BIGRAM  
                reset_vec                      000200  000004  000204       100       0  CODE    
                intcodelo                      000218  000310  000528       10C       0  CODE    
                smallconst                     000600  00006E  00066E       300       0  SMALLCON
                text11                         00066E  006EFC  00756A       337       0  CODE    
                idloc                          200000  000008  200008    200000       0  IDLOC   
                config                         300000  00000E  30000E    300000       0  CONFIG  


UNUSED ADDRESS RANGES

        Name                Unused          Largest block    Delta
        BANK0            0000E1-0000FF               1F
        BANK5            000564-0005FF               9C
        BIGRAM           000049-00005F               17
                         0000E1-0000FF               1F
                         000564-0005FF               9C
        CODE             000204-000217               14
                         000528-0005FF               D8
                         00756A-007FFF              A96
        COMRAM           000049-00005F               17
        CONST            000204-000217               14
                         000528-0005FF               D8
                         00756A-007FFF              A96
        EEDATA           F00000-F000FF              100
        FARRAM           000000-000000                1
        MEDIUMCONST      00756A-007FFF              A96
        RAM              0000E1-0000FF               1F
                         000564-0005FF               9C
        SFR              000D00-000FFF              100
        SMALLCONST       00756A-007FFF              100
        STACK            000564-0005FF               9C

                                  Symbol Table

?_Celsius2Fahrenheit                     cstackBANK0  00008D
?_Celsius2Kelvin                         cstackBANK0  00008D
?__ECANPointBuffer                       cstackCOMRAM 000018
?___aldiv                                cstackBANK0  000084
?___altofl                               cstackBANK0  000092
?___awmod                                cstackCOMRAM 000018
?___awtofl                               cstackCOMRAM 000022
?___fladd                                cstackBANK0  00007E
?___fldiv                                cstackCOMRAM 000026
?___flmul                                cstackBANK0  000067
?___flneg                                cstackBANK0  00007A
?___flpack                               cstackCOMRAM 000018
?___flsub                                cstackBANK0  00008D
?___fltol                                cstackBANK0  00007A
?___lwtofl                               cstackCOMRAM 000022
?___wmul                                 cstackCOMRAM 000018
?_eval_poly                              cstackBANK0  00008D
?_exp                                    cstackBANK0  0000A5
?_floor                                  cstackBANK0  000097
?_frexp                                  cstackCOMRAM 000018
?_getCalibrationValue                    cstackCOMRAM 000021
?_ldexp                                  cstackBANK0  00009D
?_log                                    cstackBANK0  00009D
?_vscp_getFamilyCode                     cstackCOMRAM 000018
?_vscp_getFamilyType                     cstackCOMRAM 000018
Celsius2Fahrenheit@tc                    cstackBANK0  00008D
Celsius2Kelvin@tc                        cstackBANK0  00008D
ECANReceiveMessage@data                  cstackCOMRAM 000023
ECANReceiveMessage@dataLen               cstackCOMRAM 000025
ECANReceiveMessage@i                     cstackCOMRAM 00002B
ECANReceiveMessage@id                    cstackCOMRAM 000021
ECANReceiveMessage@mode                  cstackCOMRAM 00002C
ECANReceiveMessage@msgFlags              cstackCOMRAM 000027
ECANReceiveMessage@ptr                   cstackCOMRAM 00002E
ECANReceiveMessage@savedPtr              cstackCOMRAM 000029
ECANReceiveMessage@temp                  cstackCOMRAM 00002D
ECANSendMessage@buffers                  cstackBANK0  000073
ECANSendMessage@data                     cstackCOMRAM 000027
ECANSendMessage@dataLen                  cstackCOMRAM 000029
ECANSendMessage@i                        cstackBANK0  000079
ECANSendMessage@id                       cstackCOMRAM 000023
ECANSendMessage@j                        cstackBANK0  000074
ECANSendMessage@mode                     cstackBANK0  000072
ECANSendMessage@msgFlags                 cstackCOMRAM 00002A
ECANSendMessage@pb                       cstackBANK0  000060
ECANSendMessage@ptr                      cstackBANK0  00007A
ECANSendMessage@temp                     cstackBANK0  000078
ECANSendMessage@tempBSEL0                cstackBANK0  000075
ECANSendMessage@tempPtr                  cstackBANK0  000076
ECANSetOperationMode@mode                cstackCOMRAM 000018
OpenADC@config                           cstackCOMRAM 00001C
OpenADC@config2                          cstackCOMRAM 000018
OpenADC@portconfig                       cstackCOMRAM 000019
OpenTimer0@config                        cstackCOMRAM 000018
WriteTimer0@timer                        cstackCOMRAM 00001A
WriteTimer0@timer0                       cstackCOMRAM 000018
_ADCON0                                  (abs)        000FC2
_ADCON0bits                              (abs)        000FC2
_ADCON1                                  (abs)        000FC1
_ADCON2                                  (abs)        000FC0
_ADRESH                                  (abs)        000FC4
_ADRESL                                  (abs)        000FC3
_B0CON                                   (abs)        000E20
_B0RXFUL                                 (abs)        007107
_B0TXEN                                  (abs)        006FC2
_B1CON                                   (abs)        000E30
_B1RXFUL                                 (abs)        007187
_B1TXEN                                  (abs)        006FC3
_B2CON                                   (abs)        000E40
_B2RXFUL                                 (abs)        007207
_B2TXEN                                  (abs)        006FC4
_B3CON                                   (abs)        000E50
_B3RXFUL                                 (abs)        007287
_B3TXEN                                  (abs)        006FC5
_B4CON                                   (abs)        000E60
_B4RXFUL                                 (abs)        007307
_B4TXEN                                  (abs)        006FC6
_B5CON                                   (abs)        000E70
_B5RXFUL                                 (abs)        007387
_B5TXEN                                  (abs)        006FC7
_BRGCON1                                 (abs)        000F70
_BRGCON2                                 (abs)        000F71
_BRGCON3                                 (abs)        000F72
_BSEL0                                   (abs)        000DF8
_CANCON                                  (abs)        000F6F
_CIOCON                                  (abs)        000F73
_Celsius2Fahrenheit                      text89       006BA4
_Celsius2Kelvin                          text88       007134
_ConvertADC                              text61       007562
_ECANCON                                 (abs)        000F77
_ECANInitialize                          text59       006292
_ECANReceiveMessage                      text39       004BD4
_ECANSendMessage                         text83       004E3C
_ECANSetOperationMode                    text60       007406
_EEADR                                   (abs)        000FA9
_EECON1bits                              (abs)        000FA6
_EECON2                                  (abs)        000FA7
_EEDATA                                  (abs)        000FA8
_FIFOEMPTY                               (abs)        007BA7
_INTCONbits                              (abs)        000FF2
_IRXIF                                   (abs)        007D27
_MDSEL0                                  (abs)        007BBE
_MDSEL1                                  (abs)        007BBF
_MSEL0                                   (abs)        000DF0
_MSEL1                                   (abs)        000DF1
_MSEL2                                   (abs)        000DF2
_OpenADC                                 text58       006DA4
_OpenTimer0                              text57       007386
_PIE1bits                                (abs)        000F9D
_PIR1bits                                (abs)        000F9E
_PIR2bits                                (abs)        000FA1
_PORTC                                   (abs)        000F82
_RXB0CON                                 (abs)        000F60
_RXB0FILHIT0                             (abs)        007B00
_RXB0FUL                                 (abs)        007B07
_RXB0IF                                  (abs)        007D20
_RXB0OVFL                                (abs)        007BA7
_RXB1CON                                 (abs)        000F50
_RXB1CONbits                             (abs)        000F50
_RXB1IF                                  (abs)        007D21
_RXB1OVFL                                (abs)        007BA6
_RXF0EIDH                                (abs)        000F02
_RXF0EIDL                                (abs)        000F03
_RXF0SIDH                                (abs)        000F00
_RXF0SIDL                                (abs)        000F01
_RXF1EIDH                                (abs)        000F06
_RXF1EIDL                                (abs)        000F07
_RXF1SIDH                                (abs)        000F04
_RXF1SIDL                                (abs)        000F05
_RXFBCON0                                (abs)        000DE0
_RXFBCON1                                (abs)        000DE1
_RXFBCON2                                (abs)        000DE2
_RXFBCON3                                (abs)        000DE3
_RXFBCON4                                (abs)        000DE4
_RXFBCON5                                (abs)        000DE5
_RXFBCON6                                (abs)        000DE6
_RXFBCON7                                (abs)        000DE7
_RXFCON0                                 (abs)        000DD4
_RXFCON1                                 (abs)        000DD5
_RXM0EIDH                                (abs)        000F1A
_RXM0EIDL                                (abs)        000F1B
_RXM0EXIDM                               (abs)        0078CB
_RXM0SIDH                                (abs)        000F18
_RXM0SIDL                                (abs)        000F19
_RXM1EIDH                                (abs)        000F1E
_RXM1EIDL                                (abs)        000F1F
_RXM1EXIDEN                              (abs)        0078EB
_RXM1SIDH                                (abs)        000F1C
_RXM1SIDL                                (abs)        000F1D
_T0CON                                   (abs)        000FD5
_T0CONbits                               (abs)        000FD5
_TMR0H                                   (abs)        000FD7
_TMR0L                                   (abs)        000FD6
_TRISA                                   (abs)        000F92
_TRISB                                   (abs)        000F93
_TRISC                                   (abs)        000F94
_TXB0CON                                 (abs)        000F40
_TXB1CON                                 (abs)        000F30
_TXB2CON                                 (abs)        000F20
_WriteTimer0                             text56       0074CC
__CANIDToRegs                            text84       005688
__CANIDToRegs@Value                      cstackCOMRAM 000021
__CANIDToRegs@ptr                        cstackCOMRAM 000018
__CANIDToRegs@type                       cstackCOMRAM 00001E
__CANIDToRegs@val                        cstackCOMRAM 00001A
__CFG_BOREN$BOACTIVE                     (abs)        000000
__CFG_BORV$3                             (abs)        000000
__CFG_CPB$OFF                            (abs)        000000
__CFG_EBTR0$OFF                          (abs)        000000
__CFG_EBTR1$OFF                          (abs)        000000
__CFG_EBTR2$OFF                          (abs)        000000
__CFG_EBTR3$OFF                          (abs)        000000
__CFG_EBTRB$OFF                          (abs)        000000
__CFG_LVP$OFF                            (abs)        000000
__CFG_OSC$HSPLL                          (abs)        000000
__CFG_PWRT$ON                            (abs)        000000
__CFG_STVREN$ON                          (abs)        000000
__CFG_WDT$OFF                            (abs)        000000
__CFG_WRTD$OFF                           (abs)        000000
__ECANPointBuffer                        text41       006A7E
__ECANPointBuffer@b                      cstackCOMRAM 00001A
__ECANPointBuffer@pt                     cstackCOMRAM 00001B
__ECANRxFilterHitInfo                    bssBANK1     00011E
__HRAM                                   (abs)        000000
__Habs1                                  abs1         000000
__Hbank0                                 bank0        000000
__Hbank1                                 bank1        000000
__Hbank2                                 bank2        000000
__Hbank3                                 bank3        000000
__Hbank4                                 bank4        000000
__Hbank5                                 bank5        000000
__Hbigbss                                bigbss       000000
__Hbigdata                               bigdata      000000
__Hbigram                                bigram       000000
__Hbss                                   bss          000000
__HbssBANK0                              bssBANK0     000000
__HbssBANK1                              bssBANK1     000000
__HbssBIGRAM                             bssBIGRAM    000000
__HbssCOMRAM                             bssCOMRAM    000000
__Hcinit                                 cinit        000000
__Hclrtext                               clrtext      000000
__Hcomram                                comram       000000
__Hconfig                                config       30000E
__Hconst                                 const        000000
__HcstackBANK0                           cstackBANK0  000000
__HcstackBANK1                           cstackBANK1  000000
__HcstackCOMRAM                          cstackCOMRAM 000000
__Hdata                                  data         000000
__Heeprom_data                           eeprom_data  000000
__Hend_init                              end_init     000528
__Hfarbss                                farbss       000000
__Hfardata                               fardata      000000
__Hibigdata                              ibigdata     000000
__Hidata                                 idata        000000
__Hidloc                                 idloc        200008
__Hifardata                              ifardata     000000
__Hinit                                  init         000524
__Hintcode                               intcode      000204
__Hintcode_body                          intcode_body 000000
__Hintcodelo                             intcodelo    000524
__Hintentry                              intentry     000000
__Hintret                                intret       000000
__Hintsave_regs                          intsave_regs 000000
__Hirdata                                irdata       000000
__Hmediumconst                           mediumconst  000000
__HnvFARRAM                              nvFARRAM     000000
__Hnvbit                                 nvbit        000000
__Hnvrram                                nvrram       000000
__Hparam                                 rparam       000000
__Hpowerup                               powerup      000524
__Hram                                   ram          000000
__Hramtop                                ramtop       000600
__Hrbit                                  rbit         000000
__Hrbss                                  rbss         000000
__Hrdata                                 rdata        000000
__Hreset_vec                             reset_vec    000204
__Hrparam                                rparam       000000
__Hsfr                                   sfr          000000
__Hsmallconst                            smallconst   00066E
__Hspace_0                               (abs)        30000E
__Hspace_1                               (abs)        000564
__Hspace_2                               (abs)        000000
__Hstack                                 stack        000000
__Hstruct                                struct       000000
__Htemp                                  temp         000000
__Htext                                  text         000000
__Htext0                                 text0        000000
__Htext1                                 text1        000000
__Htext10                                text10       000000
__Htext11                                text11       000000
__Htext12                                text12       000000
__Htext13                                text13       000000
__Htext14                                text14       000000
__Htext15                                text15       000000
__Htext16                                text16       000000
__Htext17                                text17       000000
__Htext18                                text18       000000
__Htext19                                text19       000000
__Htext2                                 text2        000000
__Htext20                                text20       000000
__Htext21                                text21       000000
__Htext22                                text22       000000
__Htext23                                text23       000000
__Htext24                                text24       000000
__Htext25                                text25       000000
__Htext26                                text26       000000
__Htext27                                text27       000000
__Htext28                                text28       000000
__Htext29                                text29       000000
__Htext3                                 text3        000000
__Htext30                                text30       000000
__Htext31                                text31       000000
__Htext32                                text32       000000
__Htext33                                text33       000000
__Htext34                                text34       000000
__Htext35                                text35       000000
__Htext36                                text36       000000
__Htext37                                text37       000000
__Htext38                                text38       000000
__Htext39                                text39       000000
__Htext4                                 text4        000000
__Htext40                                text40       000000
__Htext41                                text41       000000
__Htext42                                text42       000000
__Htext43                                text43       000000
__Htext44                                text44       000000
__Htext45                                text45       000000
__Htext46                                text46       000000
__Htext47                                text47       000000
__Htext48                                text48       000000
__Htext49                                text49       000000
__Htext5                                 text5        000000
__Htext50                                text50       000000
__Htext51                                text51       000000
__Htext52                                text52       000000
__Htext53                                text53       000000
__Htext54                                text54       000000
__Htext55                                text55       000000
__Htext56                                text56       000000
__Htext57                                text57       000000
__Htext58                                text58       000000
__Htext59                                text59       000000
__Htext6                                 text6        000000
__Htext60                                text60       000000
__Htext61                                text61       000000
__Htext62                                text62       000000
__Htext63                                text63       000000
__Htext64                                text64       000000
__Htext65                                text65       000000
__Htext66                                text66       000000
__Htext67                                text67       000000
__Htext68                                text68       000000
__Htext69                                text69       000000
__Htext7                                 text7        000000
__Htext70                                text70       000000
__Htext71                                text71       000000
__Htext72                                text72       000000
__Htext73                                text73       000000
__Htext74                                text74       000000
__Htext75                                text75       000000
__Htext76                                text76       000000
__Htext77                                text77       000000
__Htext78                                text78       000000
__Htext79                                text79       000000
__Htext8                                 text8        000000
__Htext80                                text80       000000
__Htext81                                text81       000000
__Htext82                                text82       000000
__Htext83                                text83       000000
__Htext84                                text84       000000
__Htext85                                text85       000000
__Htext86                                text86       000000
__Htext87                                text87       000000
__Htext88                                text88       000000
__Htext89                                text89       000000
__Htext9                                 text9        000000
__Htext90                                text90       000000
__Htext91                                text91       000000
__Htext92                                text92       000000
__Htext93                                text93       000000
__Htext94                                text94       000000
__Htext96                                text96       000000
__Htext97                                text97       000000
__LRAM                                   (abs)        000001
__Labs1                                  abs1         000000
__Lbank0                                 bank0        000000
__Lbank1                                 bank1        000000
__Lbank2                                 bank2        000000
__Lbank3                                 bank3        000000
__Lbank4                                 bank4        000000
__Lbank5                                 bank5        000000
__Lbigbss                                bigbss       000000
__Lbigdata                               bigdata      000000
__Lbigram                                bigram       000000
__Lbss                                   bss          000000
__LbssBANK0                              bssBANK0     000000
__LbssBANK1                              bssBANK1     000000
__LbssBIGRAM                             bssBIGRAM    000000
__LbssCOMRAM                             bssCOMRAM    000000
__Lcinit                                 cinit        000000
__Lclrtext                               clrtext      000000
__Lcomram                                comram       000000
__Lconfig                                config       300000
__Lconst                                 const        000000
__LcstackBANK0                           cstackBANK0  000000
__LcstackBANK1                           cstackBANK1  000000
__LcstackCOMRAM                          cstackCOMRAM 000000
__Ldata                                  data         000000
__Leeprom_data                           eeprom_data  000000
__Lend_init                              end_init     000524
__Lfarbss                                farbss       000000
__Lfardata                               fardata      000000
__Libigdata                              ibigdata     000000
__Lidata                                 idata        000000
__Lidloc                                 idloc        200000
__Lifardata                              ifardata     000000
__Linit                                  init         000524
__Lintcode                               intcode      000204
__Lintcode_body                          intcode_body 000000
__Lintcodelo                             intcodelo    000218
__Lintentry                              intentry     000000
__Lintret                                intret       000000
__Lintsave_regs                          intsave_regs 000000
__Lirdata                                irdata       000000
__Lmediumconst                           mediumconst  000000
__LnvFARRAM                              nvFARRAM     000000
__Lnvbit                                 nvbit        000000
__Lnvrram                                nvrram       000000
__Lparam                                 rparam       000000
__Lpowerup                               powerup      000524
__Lram                                   ram          000000
__Lramtop                                ramtop       000600
__Lrbit                                  rbit         000000
__Lrbss                                  rbss         000000
__Lrdata                                 rdata        000000
__Lreset_vec                             reset_vec    000200
__Lrparam                                rparam       000000
__Lsfr                                   sfr          000000
__Lsmallconst                            smallconst   000600
__Lspace_0                               (abs)        000000
__Lspace_1                               (abs)        000000
__Lspace_2                               (abs)        000000
__Lstack                                 stack        000000
__Lstruct                                struct       000000
__Ltemp                                  temp         000000
__Ltext                                  text         000000
__Ltext0                                 text0        000000
__Ltext1                                 text1        000000
__Ltext10                                text10       000000
__Ltext11                                text11       000000
__Ltext12                                text12       000000
__Ltext13                                text13       000000
__Ltext14                                text14       000000
__Ltext15                                text15       000000
__Ltext16                                text16       000000
__Ltext17                                text17       000000
__Ltext18                                text18       000000
__Ltext19                                text19       000000
__Ltext2                                 text2        000000
__Ltext20                                text20       000000
__Ltext21                                text21       000000
__Ltext22                                text22       000000
__Ltext23                                text23       000000
__Ltext24                                text24       000000
__Ltext25                                text25       000000
__Ltext26                                text26       000000
__Ltext27                                text27       000000
__Ltext28                                text28       000000
__Ltext29                                text29       000000
__Ltext3                                 text3        000000
__Ltext30                                text30       000000
__Ltext31                                text31       000000
__Ltext32                                text32       000000
__Ltext33                                text33       000000
__Ltext34                                text34       000000
__Ltext35                                text35       000000
__Ltext36                                text36       000000
__Ltext37                                text37       000000
__Ltext38                                text38       000000
__Ltext39                                text39       000000
__Ltext4                                 text4        000000
__Ltext40                                text40       000000
__Ltext41                                text41       000000
__Ltext42                                text42       000000
__Ltext43                                text43       000000
__Ltext44                                text44       000000
__Ltext45                                text45       000000
__Ltext46                                text46       000000
__Ltext47                                text47       000000
__Ltext48                                text48       000000
__Ltext49                                text49       000000
__Ltext5                                 text5        000000
__Ltext50                                text50       000000
__Ltext51                                text51       000000
__Ltext52                                text52       000000
__Ltext53                                text53       000000
__Ltext54                                text54       000000
__Ltext55                                text55       000000
__Ltext56                                text56       000000
__Ltext57                                text57       000000
__Ltext58                                text58       000000
__Ltext59                                text59       000000
__Ltext6                                 text6        000000
__Ltext60                                text60       000000
__Ltext61                                text61       000000
__Ltext62                                text62       000000
__Ltext63                                text63       000000
__Ltext64                                text64       000000
__Ltext65                                text65       000000
__Ltext66                                text66       000000
__Ltext67                                text67       000000
__Ltext68                                text68       000000
__Ltext69                                text69       000000
__Ltext7                                 text7        000000
__Ltext70                                text70       000000
__Ltext71                                text71       000000
__Ltext72                                text72       000000
__Ltext73                                text73       000000
__Ltext74                                text74       000000
__Ltext75                                text75       000000
__Ltext76                                text76       000000
__Ltext77                                text77       000000
__Ltext78                                text78       000000
__Ltext79                                text79       000000
__Ltext8                                 text8        000000
__Ltext80                                text80       000000
__Ltext81                                text81       000000
__Ltext82                                text82       000000
__Ltext83                                text83       000000
__Ltext84                                text84       000000
__Ltext85                                text85       000000
__Ltext86                                text86       000000
__Ltext87                                text87       000000
__Ltext88                                text88       000000
__Ltext89                                text89       000000
__Ltext9                                 text9        000000
__Ltext90                                text90       000000
__Ltext91                                text91       000000
__Ltext92                                text92       000000
__Ltext93                                text93       000000
__Ltext94                                text94       000000
__Ltext96                                text96       000000
__Ltext97                                text97       000000
__RegsToCANID                            text40       005514
__RegsToCANID@Value                      cstackCOMRAM 00001F
__RegsToCANID@ptr                        cstackCOMRAM 000018
__RegsToCANID@type                       cstackCOMRAM 00001C
__RegsToCANID@val                        cstackCOMRAM 00001A
__S0                                     (abs)        30000E
__S1                                     (abs)        000564
__S2                                     (abs)        000000
___aldiv                                 text77       005202
___aldiv@counter                         cstackBANK0  00008C
___aldiv@dividend                        cstackBANK0  000084
___aldiv@divisor                         cstackBANK0  000088
___aldiv@quotient                        cstackBANK0  00008E
___aldiv@sign                            cstackBANK0  00008D
___altofl                                text72       006CAE
___altofl@c                              cstackBANK0  000092
___altofl@sign                           cstackBANK0  000096
___awmod                                 text33       006B14
___awmod@counter                         cstackCOMRAM 00001C
___awmod@dividend                        cstackCOMRAM 000018
___awmod@divisor                         cstackCOMRAM 00001A
___awmod@sign                            cstackCOMRAM 00001D
___awtofl                                text87       006F56
___awtofl@c                              cstackCOMRAM 000022
___awtofl@sign                           cstackCOMRAM 000026
___fladd                                 text92       0040EA
___fladd@exp1                            cstackBANK0  00008C
___fladd@exp2                            cstackBANK0  00008B
___fladd@f1                              cstackBANK0  00007E
___fladd@f2                              cstackBANK0  000082
___fladd@sign                            cstackBANK0  00008A
___fldiv                                 text91       005E22
___fldiv@cntr                            cstackBANK0  000064
___fldiv@exp                             cstackBANK0  000065
___fldiv@f1                              cstackCOMRAM 000026
___fldiv@f2                              cstackCOMRAM 00002A
___fldiv@f3                              cstackBANK0  000060
___fldiv@sign                            cstackBANK0  000066
___flge                                  text71       0067DE
___flge@ff1                              cstackCOMRAM 000018
___flge@ff2                              cstackCOMRAM 00001C
___flmul                                 text90       00503C
___flmul@cntr                            cstackBANK0  000078
___flmul@exp                             cstackBANK0  000073
___flmul@f1                              cstackBANK0  000067
___flmul@f2                              cstackBANK0  00006B
___flmul@f3_as_product                   cstackBANK0  000074
___flmul@sign                            cstackBANK0  000079
___flneg                                 text75       007172
___flneg@f1                              cstackBANK0  00007A
___flpack                                text93       0063A2
___flpack@arg                            cstackCOMRAM 000018
___flpack@exp                            cstackCOMRAM 00001C
___flpack@sign                           cstackCOMRAM 00001D
___flsub                                 text74       006F08
___flsub@f1                              cstackBANK0  00008D
___flsub@f2                              cstackBANK0  000091
___fltol                                 text86       00593C
___fltol@exp1                            cstackBANK0  000083
___fltol@f1                              cstackBANK0  00007A
___fltol@sign1                           cstackBANK0  000082
___inthi_sp                              stack        000000
___intlo_sp                              stack        000000
___lwtofl                                text76       0072A4
___lwtofl@c                              cstackCOMRAM 000022
___sp                                    stack        000000
___wmul                                  text55       0072F6
___wmul@multiplicand                     cstackCOMRAM 00001A
___wmul@multiplier                       cstackCOMRAM 000018
___wmul@product                          cstackCOMRAM 00001C
__accesstop                              (abs)        000060
__activetblptr                           (abs)        000002
__end_of_Celsius2Fahrenheit              text89       006C32
__end_of_Celsius2Kelvin                  text88       007172
__end_of_ConvertADC                      text61       007566
__end_of_ECANInitialize                  text59       0063A2
__end_of_ECANReceiveMessage              text39       004E3C
__end_of_ECANSendMessage                 text83       00503C
__end_of_ECANSetOperationMode            text60       00741C
__end_of_OpenADC                         text58       006E02
__end_of_OpenTimer0                      text57       0073A6
__end_of_WriteTimer0                     text56       0074DE
__end_of__CANIDToRegs                    text84       0057E6
__end_of__ECANPointBuffer                text41       006B14
__end_of__RegsToCANID                    text40       005688
__end_of___aldiv                         text77       005392
__end_of___altofl                        text72       006D2A
__end_of___awmod                         text33       006BA4
__end_of___awtofl                        text87       006FA2
__end_of___fladd                         text92       0043DE
__end_of___fldiv                         text91       005F50
__end_of___flge                          text71       006896
__end_of___flmul                         text90       005202
__end_of___flneg                         text75       0071AE
__end_of___flpack                        text93       00649A
__end_of___flsub                         text74       006F56
__end_of___fltol                         text86       005A7E
__end_of___lwtofl                        text76       0072CE
__end_of___wmul                          text55       00731C
__end_of__initialization                 cinit        0070AA
__end_of_doOneSecondWork                 text78       0046B0
__end_of_doWork                          text63       00250C
__end_of_eval_poly                       text73       005E22
__end_of_exp                             text67       004944
__end_of_floor                           text69       005BBC
__end_of_frexp                           text70       0069E4
__end_of_getCANFrame                     text38       006FEA
__end_of_getCalibrationValue             text66       006EB6
__end_of_getVSCPFrame                    text37       006582
__end_of_handle_sync                     text62       0067DE
__end_of_init                            text52       0070F4
__end_of_init_app_eeprom                 text8        0040EA
__end_of_init_app_ram                    text53       006CAE
__end_of_interrupt_at_low_vector         intcodelo    000524
__end_of_ldexp                           text68       005CF4
__end_of_log                             text65       005514
__end_of_main                            text0        00593C
__end_of_readEEPROM                      text94       0074F0
__end_of_sendCANFrame                    text82       006F08
__end_of_sendTempEvent                   text79       006946
__end_of_sendVSCPFrame                   text81       00617E
__end_of_setEventData                    text85       00665A
__end_of_vscp_check_pstorage             text47       0072A4
__end_of_vscp_deviceURL                  smallconst   000621
__end_of_vscp_doOneSecondWork            text43       006DA4
__end_of_vscp_error                      text42       00754A
__end_of_vscp_getBootLoaderAlgorithm     text23       007562
__end_of_vscp_getBufferSize              text22       00755E
__end_of_vscp_getEvent                   text36       006E5C
__end_of_vscp_getFamilyCode              text10       0074CC
__end_of_vscp_getFamilyType              text9        0074BA
__end_of_vscp_getGUID                    text21       007458
__end_of_vscp_getMDF_URL                 text20       007406
__end_of_vscp_getMajorVersion            text19       00755A
__end_of_vscp_getManufacturerId          text18       007444
__end_of_vscp_getMatrixInfo              text32       007366
__end_of_vscp_getMinorVersion            text17       007556
__end_of_vscp_getRegisterPagesUsed       text16       007552
__end_of_vscp_getSegmentCRC              text51       00753A
__end_of_vscp_getSubMinorVersion         text15       00754E
__end_of_vscp_getSubzone                 text46       00752C
__end_of_vscp_getUserID                  text14       007430
__end_of_vscp_getZone                    text45       00751E
__end_of_vscp_goActiveState              text35       007278
__end_of_vscp_goBootloaderMode           text31       00746C
__end_of_vscp_handleDropNickname         text28       0071E6
__end_of_vscp_handleHeartbeat            text27       007072
__end_of_vscp_handleProbeState           text34       006068
__end_of_vscp_handleProtocolEvent        text1        002FDE
__end_of_vscp_handleSetNickname          text26       00724C
__end_of_vscp_init                       text29       006A7E
__end_of_vscp_newNodeOnline              text25       00702E
__end_of_vscp_readAppReg                 text24       00387A
__end_of_vscp_readNicknamePermanent      text30       007510
__end_of_vscp_readRegister               text12       0073EE
__end_of_vscp_readStdReg                 text13       006292
__end_of_vscp_restoreDefaults            text7        007544
__end_of_vscp_sendEvent                  text80       007134
__end_of_vscp_sendHeartBeat              text44       00721C
__end_of_vscp_setControlByte             text50       0074A8
__end_of_vscp_setGUID                    text6        007386
__end_of_vscp_setManufacturerId          text5        0073D6
__end_of_vscp_setSegmentCRC              text49       007494
__end_of_vscp_setUserID                  text4        0073BE
__end_of_vscp_writeAppReg                text11       00168A
__end_of_vscp_writeNicknamePermanent     text48       007480
__end_of_vscp_writeRegister              text2        0072F6
__end_of_vscp_writeStdReg                text3        004BD4
__end_of_writeCoeffs2Ram                 text54       006720
__end_of_writeEEPROM                     text64       007342
__end_ofexp@coeff                        smallconst   000649
__end_ofi1_ConvertADC                    text97       00756A
__end_ofi1_WriteTimer0                   text96       007502
__end_oflog@coeff                        smallconst   00066D
__initialization                         cinit        007072
__mediumconst                            mediumconst  000000
__pbssBANK0                              bssBANK0     0000CB
__pbssBANK1                              bssBANK1     000100
__pbssBIGRAM                             bssBIGRAM    0001A4
__pbssCOMRAM                             bssCOMRAM    000032
__pcinit                                 cinit        007072
__pcstackBANK0                           cstackBANK0  000060
__pcstackBANK1                           cstackBANK1  00016E
__pcstackCOMRAM                          cstackCOMRAM 000001
__pintcodelo                             intcodelo    000218
__psmallconst                            smallconst   000600
__ptext0                                 text0        0057E6
__ptext1                                 text1        00250C
__ptext10                                text10       0074BA
__ptext11                                text11       00066E
__ptext12                                text12       0073D6
__ptext13                                text13       00617E
__ptext14                                text14       00741C
__ptext15                                text15       00754A
__ptext16                                text16       00754E
__ptext17                                text17       007552
__ptext18                                text18       007430
__ptext19                                text19       007556
__ptext2                                 text2        0072CE
__ptext20                                text20       0073EE
__ptext21                                text21       007444
__ptext22                                text22       00755A
__ptext23                                text23       00755E
__ptext24                                text24       002FDE
__ptext25                                text25       006FEA
__ptext26                                text26       00721C
__ptext27                                text27       00702E
__ptext28                                text28       0071AE
__ptext29                                text29       0069E4
__ptext3                                 text3        004944
__ptext30                                text30       007502
__ptext31                                text31       007458
__ptext32                                text32       007342
__ptext33                                text33       006B14
__ptext34                                text34       005F50
__ptext35                                text35       00724C
__ptext36                                text36       006E02
__ptext37                                text37       00649A
__ptext38                                text38       006FA2
__ptext39                                text39       004BD4
__ptext4                                 text4        0073A6
__ptext40                                text40       005514
__ptext41                                text41       006A7E
__ptext42                                text42       007544
__ptext43                                text43       006D2A
__ptext44                                text44       0071E6
__ptext45                                text45       007510
__ptext46                                text46       00751E
__ptext47                                text47       007278
__ptext48                                text48       00746C
__ptext49                                text49       007480
__ptext5                                 text5        0073BE
__ptext50                                text50       007494
__ptext51                                text51       00752C
__ptext52                                text52       0070B4
__ptext53                                text53       006C32
__ptext54                                text54       00665A
__ptext55                                text55       0072F6
__ptext56                                text56       0074CC
__ptext57                                text57       007386
__ptext58                                text58       006DA4
__ptext59                                text59       006292
__ptext6                                 text6        007366
__ptext60                                text60       007406
__ptext61                                text61       007562
__ptext62                                text62       006720
__ptext63                                text63       00168A
__ptext64                                text64       00731C
__ptext65                                text65       005392
__ptext66                                text66       006E5C
__ptext67                                text67       0046B0
__ptext68                                text68       005BBC
__ptext69                                text69       005A7E
__ptext7                                 text7        00753A
__ptext70                                text70       006946
__ptext71                                text71       0067DE
__ptext72                                text72       006CAE
__ptext73                                text73       005CF4
__ptext74                                text74       006F08
__ptext75                                text75       007172
__ptext76                                text76       0072A4
__ptext77                                text77       005202
__ptext78                                text78       0043DE
__ptext79                                text79       006896
__ptext8                                 text8        00387A
__ptext80                                text80       0070F4
__ptext81                                text81       006068
__ptext82                                text82       006EB6
__ptext83                                text83       004E3C
__ptext84                                text84       005688
__ptext85                                text85       006582
__ptext86                                text86       00593C
__ptext87                                text87       006F56
__ptext88                                text88       007134
__ptext89                                text89       006BA4
__ptext9                                 text9        0074A8
__ptext90                                text90       00503C
__ptext91                                text91       005E22
__ptext92                                text92       0040EA
__ptext93                                text93       0063A2
__ptext94                                text94       0074DE
__ptext96                                text96       0074F0
__ptext97                                text97       007566
__ramtop                                 ramtop       000600
__size_of_Celsius2Fahrenheit             (abs)        000000
__size_of_Celsius2Kelvin                 (abs)        000000
__size_of_ConvertADC                     (abs)        000000
__size_of_ECANInitialize                 (abs)        000000
__size_of_ECANReceiveMessage             (abs)        000000
__size_of_ECANSendMessage                (abs)        000000
__size_of_ECANSetOperationMode           (abs)        000000
__size_of_OpenADC                        (abs)        000000
__size_of_OpenTimer0                     (abs)        000000
__size_of_WriteTimer0                    (abs)        000000
__size_of__CANIDToRegs                   (abs)        000000
__size_of__ECANPointBuffer               (abs)        000000
__size_of__RegsToCANID                   (abs)        000000
__size_of___aldiv                        (abs)        000000
__size_of___altofl                       (abs)        000000
__size_of___awmod                        (abs)        000000
__size_of___awtofl                       (abs)        000000
__size_of___fladd                        (abs)        000000
__size_of___fldiv                        (abs)        000000
__size_of___flge                         (abs)        000000
__size_of___flmul                        (abs)        000000
__size_of___flneg                        (abs)        000000
__size_of___flpack                       (abs)        000000
__size_of___flsub                        (abs)        000000
__size_of___fltol                        (abs)        000000
__size_of___lwtofl                       (abs)        000000
__size_of___wmul                         (abs)        000000
__size_of_doOneSecondWork                (abs)        000000
__size_of_doWork                         (abs)        000000
__size_of_eval_poly                      (abs)        000000
__size_of_exp                            (abs)        000000
__size_of_floor                          (abs)        000000
__size_of_frexp                          (abs)        000000
__size_of_getCANFrame                    (abs)        000000
__size_of_getCalibrationValue            (abs)        000000
__size_of_getVSCPFrame                   (abs)        000000
__size_of_handle_sync                    (abs)        000000
__size_of_init                           (abs)        000000
__size_of_init_app_eeprom                (abs)        000000
__size_of_init_app_ram                   (abs)        000000
__size_of_interrupt_at_low_vector        (abs)        000000
__size_of_ldexp                          (abs)        000000
__size_of_log                            (abs)        000000
__size_of_main                           (abs)        000000
__size_of_readEEPROM                     (abs)        000000
__size_of_sendCANFrame                   (abs)        000000
__size_of_sendTempEvent                  (abs)        000000
__size_of_sendVSCPFrame                  (abs)        000000
__size_of_setEventData                   (abs)        000000
__size_of_vscp_check_pstorage            (abs)        000000
__size_of_vscp_doOneSecondWork           (abs)        000000
__size_of_vscp_error                     (abs)        000000
__size_of_vscp_getBootLoaderAlgorithm    (abs)        000000
__size_of_vscp_getBufferSize             (abs)        000000
__size_of_vscp_getEvent                  (abs)        000000
__size_of_vscp_getFamilyCode             (abs)        000000
__size_of_vscp_getFamilyType             (abs)        000000
__size_of_vscp_getGUID                   (abs)        000000
__size_of_vscp_getMDF_URL                (abs)        000000
__size_of_vscp_getMajorVersion           (abs)        000000
__size_of_vscp_getManufacturerId         (abs)        000000
__size_of_vscp_getMatrixInfo             (abs)        000000
__size_of_vscp_getMinorVersion           (abs)        000000
__size_of_vscp_getRegisterPagesUsed      (abs)        000000
__size_of_vscp_getSegmentCRC             (abs)        000000
__size_of_vscp_getSubMinorVersion        (abs)        000000
__size_of_vscp_getSubzone                (abs)        000000
__size_of_vscp_getUserID                 (abs)        000000
__size_of_vscp_getZone                   (abs)        000000
__size_of_vscp_goActiveState             (abs)        000000
__size_of_vscp_goBootloaderMode          (abs)        000000
__size_of_vscp_handleDropNickname        (abs)        000000
__size_of_vscp_handleHeartbeat           (abs)        000000
__size_of_vscp_handleProbeState          (abs)        000000
__size_of_vscp_handleProtocolEvent       (abs)        000000
__size_of_vscp_handleSetNickname         (abs)        000000
__size_of_vscp_init                      (abs)        000000
__size_of_vscp_newNodeOnline             (abs)        000000
__size_of_vscp_readAppReg                (abs)        000000
__size_of_vscp_readNicknamePermanent     (abs)        000000
__size_of_vscp_readRegister              (abs)        000000
__size_of_vscp_readStdReg                (abs)        000000
__size_of_vscp_restoreDefaults           (abs)        000000
__size_of_vscp_sendEvent                 (abs)        000000
__size_of_vscp_sendHeartBeat             (abs)        000000
__size_of_vscp_setControlByte            (abs)        000000
__size_of_vscp_setGUID                   (abs)        000000
__size_of_vscp_setManufacturerId         (abs)        000000
__size_of_vscp_setSegmentCRC             (abs)        000000
__size_of_vscp_setUserID                 (abs)        000000
__size_of_vscp_writeAppReg               (abs)        000000
__size_of_vscp_writeNicknamePermanent    (abs)        000000
__size_of_vscp_writeRegister             (abs)        000000
__size_of_vscp_writeStdReg               (abs)        000000
__size_of_writeCoeffs2Ram                (abs)        000000
__size_of_writeEEPROM                    (abs)        000000
__size_ofi1_ConvertADC                   (abs)        000000
__size_ofi1_WriteTimer0                  (abs)        000000
__smallconst                             smallconst   000600
_adc                                     bssBIGRAM    0001A4
_adc_conversion_flags                    bssBANK0     0000CB
_adc_series_counter                      bssCOMRAM    000036
_calibration_index                       bssCOMRAM    000037
_current_temp                            bssBANK1     000100
_doOneSecondWork                         text78       0043DE
_doWork                                  text63       00168A
_doWork$2193                             cstackBANK1  000176
_doWork$2194                             cstackBANK1  00017A
_doWork$2195                             cstackBANK1  00017E
_doWork$2196                             cstackBANK1  000182
_doWork$2197                             cstackBANK1  000186
_doWork$2198                             cstackBANK1  00018A
_errno                                   bssBANK1     00011A
_eval_poly                               text73       005CF4
_exp                                     text67       0046B0
_exp$2199                                cstackBANK0  0000AD
_floor                                   text69       005A7E
_frexp                                   text70       006946
_getCANFrame                             text38       006FA2
_getCalibrationValue                     text66       006E5C
_getVSCPFrame                            text37       00649A
_handle_sync                             text62       006720
_high_alarm                              bssBANK0     0000CC
_init                                    text52       0070B4
_init_app_eeprom                         text8        00387A
[...]
 This function uses a non-reentrant model


 *************** function _Celsius2Fahrenheit *****************
 Defined at:
		line 40 in file "../ntc.c"
 Parameters:    Size  Location     Type
  tc              4   45[BANK0 ] unsigned char 
 Auto vars:     Size  Location     Type
		None
 Return value:  Size  Location     Type
                  4   45[BANK0 ] unsigned char 
 Registers used:
		wreg, status,2, status,0, cstack
 Tracked objects:
		On entry : 
		On exit  : 
		Unchanged: 
 Data sizes:     COMRAM   BANK0   BANK1   BANK2   BANK3   BANK4   BANK5
      Params:         0       4       0       0       0       0       0
      Locals:         0       0       0       0       0       0       0
      Temps:          0       0       0       0       0       0       0
      Totals:         0       4       0       0       0       0       0
Total ram usage:        4 bytes
 Hardware stack levels used:    1
 Hardware stack levels required when called:    4
 This function calls:
		___fladd
		___fldiv
		___flmul
 This function is called by:
		_setEventData
		_convertTemperature
 This function uses a non-reentrant model


 *************** function ___flmul *****************
 Defined at:
		line 62 in file "C:\Program Files (x86)\Microchip\xc8\v1.32\sources\common\flmul.c"
 Parameters:    Size  Location     Type
  f1              4    7[BANK0 ] unsigned char 
  f2              4   11[BANK0 ] unsigned char 
 Auto vars:     Size  Location     Type
  f3_as_produc    4   20[BANK0 ] unsigned long 
  sign            1   25[BANK0 ] unsigned char 
  cntr            1   24[BANK0 ] unsigned char 
  exp             1   19[BANK0 ] unsigned char 
 Return value:  Size  Location     Type
                  4    7[BANK0 ] unsigned char 
 Registers used:
		wreg, status,2, status,0, cstack
 Tracked objects:
		On entry : 
		On exit  : 
		Unchanged: 
 Data sizes:     COMRAM   BANK0   BANK1   BANK2   BANK3   BANK4   BANK5
      Params:         0       8       0       0       0       0       0
      Locals:         0       7       0       0       0       0       0
      Temps:          0       4       0       0       0       0       0
      Totals:         0      19       0       0       0       0       0
Total ram usage:       19 bytes
 Hardware stack levels used:    1
 Hardware stack levels required when called:    3
 This function calls:
		___flpack
 This function is called by:
		_doWork
		_Celsius2Fahrenheit
		_exp
		_log
		_eval_poly
		_Fahrenheit2Celsius
 This function uses a non-reentrant model


 *************** function ___fldiv *****************
 Defined at:
		line 49 in file "C:\Program Files (x86)\Microchip\xc8\v1.32\sources\common\fldiv.c"
 Parameters:    Size  Location     Type
  f1              4   37[COMRAM] unsigned char 
  f2              4   41[COMRAM] unsigned char 
 Auto vars:     Size  Location     Type
  f3              4    0[BANK0 ] unsigned char 
  sign            1    6[BANK0 ] unsigned char 
  exp             1    5[BANK0 ] unsigned char 
  cntr            1    4[BANK0 ] unsigned char 
 Return value:  Size  Location     Type
                  4   37[COMRAM] unsigned char 
 Registers used:
		wreg, status,2, status,0, cstack
 Tracked objects:
		On entry : 
		On exit  : 
		Unchanged: 
 Data sizes:     COMRAM   BANK0   BANK1   BANK2   BANK3   BANK4   BANK5
      Params:         8       0       0       0       0       0       0
      Locals:         0       7       0       0       0       0       0
      Temps:          4       0       0       0       0       0       0
      Totals:        12       7       0       0       0       0       0
Total ram usage:       19 bytes
 Hardware stack levels used:    1
 Hardware stack levels required when called:    3
 This function calls:
		___flpack
 This function is called by:
		_doWork
		_Celsius2Fahrenheit
		_exp
		_Fahrenheit2Celsius
 This function uses a non-reentrant model


 *************** function ___fladd *****************
 Defined at:
		line 88 in file "C:\Program Files (x86)\Microchip\xc8\v1.32\sources\common\fladd.c"
 Parameters:    Size  Location     Type
  f1              4   30[BANK0 ] unsigned char 
  f2              4   34[BANK0 ] unsigned char 
 Auto vars:     Size  Location     Type
  exp1            1   44[BANK0 ] unsigned char 
  exp2            1   43[BANK0 ] unsigned char 
  sign            1   42[BANK0 ] unsigned char 
 Return value:  Size  Location     Type
                  4   30[BANK0 ] unsigned char 
 Registers used:
		wreg, status,2, status,0, cstack
 Tracked objects:
		On entry : 
		On exit  : 
		Unchanged: 
 Data sizes:     COMRAM   BANK0   BANK1   BANK2   BANK3   BANK4   BANK5
      Params:         0       8       0       0       0       0       0
      Locals:         0       3       0       0       0       0       0
      Temps:          0       4       0       0       0       0       0
      Totals:         0      15       0       0       0       0       0
Total ram usage:       15 bytes
 Hardware stack levels used:    1
 Hardware stack levels required when called:    3
 This function calls:
		___flpack
 This function is called by:
		_doWork
		_Celsius2Fahrenheit
		_Celsius2Kelvin
		_floor
		___flsub
		_log
		_eval_poly
		_Fahrenheit2Celsius
		_Kelvin2Celsius
 This function uses a non-reentrant model


 *************** function ___flpack *****************
 Defined at:
		line 63 in file "C:\Program Files (x86)\Microchip\xc8\v1.32\sources\common\double.c"
 Parameters:    Size  Location     Type
  arg             4   23[COMRAM] unsigned long 
  exp             1   27[COMRAM] unsigned char 
  sign            1   28[COMRAM] unsigned char 
 Auto vars:     Size  Location     Type
		None
 Return value:  Size  Location     Type
                  4   23[COMRAM] unsigned char 
 Registers used:
		wreg, status,2, status,0
 Tracked objects:
		On entry : 
		On exit  : 
		Unchanged: 
 Data sizes:     COMRAM   BANK0   BANK1   BANK2   BANK3   BANK4   BANK5
      Params:         6       0       0       0       0       0       0
      Locals:         0       0       0       0       0       0       0
      Temps:          4       0       0       0       0       0       0
      Totals:        10       0       0       0       0       0       0
Total ram usage:       10 bytes
 Hardware stack levels used:    1
 Hardware stack levels required when called:    2
 This function calls:
		Nothing
 This function is called by:
		___altofl
		___awtofl
		___fladd
		___fldiv
		___flmul
		___lwtofl
 This function uses a non-reentrant model


 *************** function _readEEPROM *****************
 Defined at:
		line 91 in file "../../../../../../vscp_firmware/pic/common/eeprom.c"
 Parameters:    Size  Location     Type
  address         2   29[COMRAM] unsigned short 
 Auto vars:     Size  Location     Type
  data            1   31[COMRAM] unsigned char 
 Return value:  Size  Location     Type
                  1    wreg      unsigned char 
 Registers used:
		wreg, status,2
 Tracked objects:
		On entry : 
		On exit  : 
		Unchanged: 
 Data sizes:     COMRAM   BANK0   BANK1   BANK2   BANK3   BANK4   BANK5
      Params:         2       0       0       0       0       0       0
      Locals:         1       0       0       0       0       0       0
      Temps:          0       0       0       0       0       0       0
      Totals:         3       0       0       0       0       0       0
Total ram usage:        3 bytes
 Hardware stack levels used:    1
 Hardware stack levels required when called:    2
 This function calls:
		Nothing
 This function is called by:
		_doWork
		_doOneSecondWork
		_sendTempEvent
		_getCalibrationValue
		_writeCoeffs2Ram
		_handle_sync
		_vscp_readAppReg
		_vscp_writeAppReg
		_vscp_getGUID
		_vscp_getUserID
		_vscp_getManufacturerId
		_vscp_getZone
		_vscp_getSubzone
		_vscp_readNicknamePermanent
		_vscp_getSegmentCRC
		_vscp_getControlByte
 This function uses a non-reentrant model


 *************** function _interrupt_at_low_vector *****************
 Defined at:
		line 133 in file "../main.c"
 Parameters:    Size  Location     Type
		None
 Auto vars:     Size  Location     Type
		None
 Return value:  Size  Location     Type
		None               void
 Registers used:
		wreg, fsr2l, fsr2h, status,2, status,0, prodl, prodh, cstack
 Tracked objects:
		On entry : 
		On exit  : 
		Unchanged: 
 Data sizes:     COMRAM   BANK0   BANK1   BANK2   BANK3   BANK4   BANK5
      Params:         0       0       0       0       0       0       0
      Locals:         0       0       0       0       0       0       0
      Temps:         19       0       0       0       0       0       0
      Totals:        19       0       0       0       0       0       0
Total ram usage:       19 bytes
 Hardware stack levels used:    1
 Hardware stack levels required when called:    1
 This function calls:
		i1_ConvertADC
		i1_WriteTimer0
 This function is called by:
		Interrupt level 1
 This function uses a non-reentrant model


 *************** function i1_WriteTimer0 *****************
 Defined at:
		line 16 in file "C:\Program Files (x86)\Microchip\xc8\v1.32\sources\pic18\plib\Timers\t0write.c"
 Parameters:    Size  Location     Type
  timer0          2    0[COMRAM] unsigned int 
 Auto vars:     Size  Location     Type
  WriteTimer0     2    2[COMRAM] struct Timers
 Return value:  Size  Location     Type
		None               void
 Registers used:
		None
 Tracked objects:
		On entry : 
		On exit  : 
		Unchanged: 
 Data sizes:     COMRAM   BANK0   BANK1   BANK2   BANK3   BANK4   BANK5
      Params:         2       0       0       0       0       0       0
      Locals:         2       0       0       0       0       0       0
      Temps:          0       0       0       0       0       0       0
      Totals:         4       0       0       0       0       0       0
Total ram usage:        4 bytes
 Hardware stack levels used:    1
 This function calls:
		Nothing
 This function is called by:
		_interrupt_at_low_vector
 This function uses a non-reentrant model


 *************** function i1_ConvertADC *****************
 Defined at:
		line 22 in file "C:\Program Files (x86)\Microchip\xc8\v1.32\sources\pic18\plib\ADC\adcconv.c"
 Parameters:    Size  Location     Type
		None
 Auto vars:     Size  Location     Type
		None
 Return value:  Size  Location     Type
		None               void
 Registers used:
		None
 Tracked objects:
		On entry : 
		On exit  : 
		Unchanged: 
 Data sizes:     COMRAM   BANK0   BANK1   BANK2   BANK3   BANK4   BANK5
      Params:         0       0       0       0       0       0       0
      Locals:         0       0       0       0       0       0       0
      Temps:          0       0       0       0       0       0       0
      Totals:         0       0       0       0       0       0       0
Total ram usage:        0 bytes
 Hardware stack levels used:    1
 This function calls:
		Nothing
 This function is called by:
		_interrupt_at_low_vector
 This function uses a non-reentrant model



MODULE INFORMATION

Module		Function		Class		Link	Load	Size
../../../../../../vscp_firmware/common/vscp_firmware.c
		_vscp_getEvent 		CODE           	6E02	0000	90
		_vscp_handleHea		CODE           	702E	0000	68
		_vscp_readRegis		CODE           	73D6	0000	24
		_vscp_writeRegi		CODE           	72CE	0000	40
		_vscp_error    		CODE           	7544	0000	6
		_vscp_readStdRe		CODE           	617E	0000	276
		_vscp_goActiveS		CODE           	724C	0000	44
		_vscp_doOneSeco		CODE           	6D2A	0000	122
		_vscp_sendEvent		CODE           	70F4	0000	64
		_vscp_check_pst		CODE           	7278	0000	44
		_vscp_writeStdR		CODE           	4944	0000	656
		_vscp_handlePro		CODE           	250C	0000	2770
		_vscp_handleDro		CODE           	71AE	0000	56
		_vscp_handleSet		CODE           	721C	0000	48
		_vscp_handlePro		CODE           	5F50	0000	280
		_vscp_sendHeart		CODE           	71E6	0000	54
		_vscp_newNodeOn		CODE           	6FEA	0000	68
		_vscp_init     		CODE           	69E4	0000	154

../../../../../../vscp_firmware/common/vscp_firmware.c estimated size: 4864

../main.c
		_vscp_getBootLo		CODE           	755E	0000	4
		_vscp_getZone  		CODE           	7510	0000	14
		_init          		CODE           	70B4	0000	64
		_vscp_setManufa		CODE           	73BE	0000	24
		_vscp_setGUID  		CODE           	7366	0000	32
		_sendTempEvent 		CODE           	6896	0000	176
		_getVSCPFrame  		CODE           	649A	0000	232
		_vscp_setContro		CODE           	7494	0000	20
		_vscp_getUserID		CODE           	741C	0000	20
		_setEventData  		CODE           	6582	0000	216
		_doWork        		CODE           	168A	0000	3714
		_vscp_getSegmen		CODE           	752C	0000	14
		_getCalibration		CODE           	6E5C	0000	90
		_vscp_restoreDe		CODE           	753A	0000	10
		_vscp_readAppRe		CODE           	2FDE	0000	2204
		_vscp_getFamily		CODE           	74BA	0000	18
		_vscp_setUserID		CODE           	73A6	0000	24
		_getCANFrame   		CODE           	6FA2	0000	72
		_main          		CODE           	57E6	0000	342
		_handle_sync   		CODE           	6720	0000	190
		_vscp_getRegist		CODE           	754E	0000	4
		_vscp_setSegmen		CODE           	7480	0000	20
		_doOneSecondWor		CODE           	43DE	0000	722
		_sendVSCPFrame 		CODE           	6068	0000	278
		_vscp_getMDF_UR		CODE           	73EE	0000	24
		_init_app_eepro		CODE           	387A	0000	2160
		_sendCANFrame  		CODE           	6EB6	0000	82
		_vscp_writeAppR		CODE           	066E	0000	4124
		_vscp_getFamily		CODE           	74A8	0000	18
		_vscp_getBuffer		CODE           	755A	0000	4
		_vscp_getSubzon		CODE           	751E	0000	14
		_vscp_getMatrix		CODE           	7342	0000	36
		_vscp_goBootloa		CODE           	7458	0000	20
		_writeCoeffs2Ra		CODE           	665A	0000	198
		_vscp_readNickn		CODE           	7502	0000	14
		_interrupt_at_l		CODE           	0218	0000	780
		_vscp_getMajorV		CODE           	7556	0000	4
		_vscp_getMinorV		CODE           	7552	0000	4
		_vscp_writeNick		CODE           	746C	0000	20
		_init_app_ram  		CODE           	6C32	0000	124
		_vscp_getManufa		CODE           	7430	0000	20
		_vscp_getSubMin		CODE           	754A	0000	4
		_vscp_getGUID  		CODE           	7444	0000	20

../main.c estimated size: 16174

C:\Program Files (x86)\Microchip\xc8\v1.32\sources\common\awmod.c
		___awmod       		CODE           	6B14	0000	144

C:\Program Files (x86)\Microchip\xc8\v1.32\sources\common\awmod.c estimated size: 144

C:\Program Files (x86)\Microchip\xc8\v1.32\sources\pic18\plib\Timers\t0open.c
		_OpenTimer0    		CODE           	7386	0000	32

C:\Program Files (x86)\Microchip\xc8\v1.32\sources\pic18\plib\Timers\t0open.c estimated size: 32

C:\Program Files (x86)\Microchip\xc8\v1.32\sources\common\flmul.c
		___flmul       		CODE           	503C	0000	454

C:\Program Files (x86)\Microchip\xc8\v1.32\sources\common\flmul.c estimated size: 454

C:\Program Files (x86)\Microchip\xc8\v1.32\sources\common\lwtofl.c
		___lwtofl      		CODE           	72A4	0000	42

C:\Program Files (x86)\Microchip\xc8\v1.32\sources\common\lwtofl.c estimated size: 42

C:\Program Files (x86)\Microchip\xc8\v1.32\sources\common\frexp.c
		_ldexp         		CODE           	5BBC	0000	312
		_frexp         		CODE           	6946	0000	158

C:\Program Files (x86)\Microchip\xc8\v1.32\sources\common\frexp.c estimated size: 470

C:\Program Files (x86)\Microchip\xc8\v1.32\sources\common\fldiv.c
		___fldiv       		CODE           	5E22	0000	302

C:\Program Files (x86)\Microchip\xc8\v1.32\sources\common\fldiv.c estimated size: 302

C:\Program Files (x86)\Microchip\xc8\v1.32\sources\common\awtofl.c
		___awtofl      		CODE           	6F56	0000	76

C:\Program Files (x86)\Microchip\xc8\v1.32\sources\common\awtofl.c estimated size: 76

C:\Program Files (x86)\Microchip\xc8\v1.32\sources\common\altofl.c
		___altofl      		CODE           	6CAE	0000	124

C:\Program Files (x86)\Microchip\xc8\v1.32\sources\common\altofl.c estimated size: 124

C:\Program Files (x86)\Microchip\xc8\v1.32\sources\common\floor.c
		_floor         		CODE           	5A7E	0000	318

C:\Program Files (x86)\Microchip\xc8\v1.32\sources\common\floor.c estimated size: 318

C:\Program Files (x86)\Microchip\xc8\v1.32\sources\common\exp.c
		_exp           		CODE           	46B0	0000	660

C:\Program Files (x86)\Microchip\xc8\v1.32\sources\common\exp.c estimated size: 660

C:\Program Files (x86)\Microchip\xc8\v1.32\sources\pic18\plib\ADC\adcopen.c
		_OpenADC       		CODE           	6DA4	0000	94

C:\Program Files (x86)\Microchip\xc8\v1.32\sources\pic18\plib\ADC\adcopen.c estimated size: 94

C:\Program Files (x86)\Microchip\xc8\v1.32\sources\pic18\plib\Timers\t0write.c
		_WriteTimer0   		CODE           	74CC	0000	18

C:\Program Files (x86)\Microchip\xc8\v1.32\sources\pic18\plib\Timers\t0write.c estimated size: 18

C:\Program Files (x86)\Microchip\xc8\v1.32\sources\common\fltol.c
		___fltol       		CODE           	593C	0000	322

C:\Program Files (x86)\Microchip\xc8\v1.32\sources\common\fltol.c estimated size: 322

C:\Program Files (x86)\Microchip\xc8\v1.32\sources\common\aldiv.c
		___aldiv       		CODE           	5202	0000	400

C:\Program Files (x86)\Microchip\xc8\v1.32\sources\common\aldiv.c estimated size: 400

C:\Program Files (x86)\Microchip\xc8\v1.32\sources\common\Umul16.c
		___wmul        		CODE           	72F6	0000	38

C:\Program Files (x86)\Microchip\xc8\v1.32\sources\common\Umul16.c estimated size: 38

../ntc.c
		_Celsius2Kelvin		CODE           	7134	0000	62
		_Celsius2Fahren		CODE           	6BA4	0000	142

../ntc.c estimated size: 204

C:\Program Files (x86)\Microchip\xc8\v1.32\sources\common\log.c
		_log           		CODE           	5392	0000	386

C:\Program Files (x86)\Microchip\xc8\v1.32\sources\common\log.c estimated size: 386

C:\Program Files (x86)\Microchip\xc8\v1.32\sources\common\fladd.c
		___fladd       		CODE           	40EA	0000	756

C:\Program Files (x86)\Microchip\xc8\v1.32\sources\common\fladd.c estimated size: 756

shared
		exp@coeff      		SMALLCONST     	0621	0000	40
		_vscp_deviceURL		SMALLCONST     	0601	0000	32
		i1_ConvertADC  		CODE           	7566	0000	4
		__initializatio		CODE           	7072	0000	56
		i1_WriteTimer0 		CODE           	74F0	0000	18
		log@coeff      		SMALLCONST     	0649	0000	36

shared estimated size: 186

../ECAN.c
		_ECANReceiveMes		CODE           	4BD4	0000	616
		__RegsToCANID  		CODE           	5514	0000	372
		__ECANPointBuff		CODE           	6A7E	0000	150
		_ECANInitialize		CODE           	6292	0000	272
		__CANIDToRegs  		CODE           	5688	0000	350
		_ECANSetOperati		CODE           	7406	0000	22
		_ECANSendMessag		CODE           	4E3C	0000	512

../ECAN.c estimated size: 2294

../../../../../../vscp_firmware/pic/common/eeprom.c
		_readEEPROM    		CODE           	74DE	0000	18
		_writeEEPROM   		CODE           	731C	0000	38

../../../../../../vscp_firmware/pic/common/eeprom.c estimated size: 56

C:\Program Files (x86)\Microchip\xc8\v1.32\sources\pic18\plib\ADC\adcconv.c
		_ConvertADC    		CODE           	7562	0000	4

C:\Program Files (x86)\Microchip\xc8\v1.32\sources\pic18\plib\ADC\adcconv.c estimated size: 4

C:\Program Files (x86)\Microchip\xc8\v1.32\sources\common\flneg.c
		___flneg       		CODE           	7172	0000	60

C:\Program Files (x86)\Microchip\xc8\v1.32\sources\common\flneg.c estimated size: 60

C:\Program Files (x86)\Microchip\xc8\v1.32\sources\common\double.c
		___flpack      		CODE           	63A2	0000	248

C:\Program Files (x86)\Microchip\xc8\v1.32\sources\common\double.c estimated size: 248

C:\Program Files (x86)\Microchip\xc8\v1.32\sources\common\flsub.c
		___flsub       		CODE           	6F08	0000	78

C:\Program Files (x86)\Microchip\xc8\v1.32\sources\common\flsub.c estimated size: 78

C:\Program Files (x86)\Microchip\xc8\v1.32\sources\common\flge.c
		___flge        		CODE           	67DE	0000	184

C:\Program Files (x86)\Microchip\xc8\v1.32\sources\common\flge.c estimated size: 184

C:\Program Files (x86)\Microchip\xc8\v1.32\sources\common\evalpoly.c
		_eval_poly     		CODE           	5CF4	0000	302

C:\Program Files (x86)\Microchip\xc8\v1.32\sources\common\evalpoly.c estimated size: 302

